
 RUN  v4.1.11 /home/nathaniel/.local/state/openplan/land-use-plan-kinds-20261007/openplan

 ❯ src/test/land-use-plan-source-review.test.tsx (19 tests | 1 failed) 754ms
       × renders root policies and nested content once while retaining checklist selection 106ms

⎯⎯⎯⎯⎯⎯⎯ Failed Tests 1 ⎯⎯⎯⎯⎯⎯⎯

 FAIL  src/test/land-use-plan-source-review.test.tsx > published plan source-review disclosure > adopted saved context and download > renders root policies and nested content once while retaining checklist selection
TestingLibraryElementError: Unable to find an accessible element with the role "heading" and name "Root goal"

Here are the accessible roles:

  main:

  Name "":
  [36m<main[39m
    [33mclass[39m=[32m"mx-auto max-w-3xl px-5 py-12 print:max-w-none"[39m
  [36m/>[39m

  --------------------------------------------------
  banner:

  Name "":
  [36m<header[39m
    [33mclass[39m=[32m"border-b pb-8"[39m
  [36m/>[39m

  --------------------------------------------------
  paragraph:

  Name "":
  [36m<p[39m
    [33mclass[39m=[32m"text-sm font-semibold uppercase tracking-wider text-muted-foreground"[39m
  [36m/>[39m

  Name "":
  [36m<p[39m
    [33mclass[39m=[32m"mt-3 text-lg text-muted-foreground"[39m
  [36m/>[39m

  Name "":
  [36m<p[39m
    [33mclass[39m=[32m"mt-4 break-all rounded-lg bg-muted p-3 font-mono text-xs"[39m
  [36m/>[39m

  Name "":
  [36m<p[39m
    [33mclass[39m=[32m"text-sm"[39m
  [36m/>[39m

  Name "":
  [36m<p[39m
    [33mclass[39m=[32m"mt-3 leading-relaxed"[39m
  [36m/>[39m

  Name "":
  [36m<p[39m
    [33mclass[39m=[32m"mt-3 whitespace-pre-wrap text-reading leading-relaxed"[39m
  [36m/>[39m

  Name "":
  [36m<p[39m
    [33mclass[39m=[32m"mb-3 text-sm"[39m
  [36m/>[39m

  Name "":
  [36m<p />[39m

  Name "":
  [36m<p[39m
    [33mclass[39m=[32m"mt-3 text-sm"[39m
  [36m/>[39m

  Name "":
  [36m<p[39m
    [33mclass[39m=[32m"mt-3 text-sm"[39m
  [36m/>[39m

  --------------------------------------------------
  heading:

  Name "Test published plan":
  [36m<h1[39m
    [33mclass[39m=[32m"mt-3 text-4xl font-semibold tracking-tight"[39m
  [36m/>[39m

  Name "Context not retained with this version":
  [36m<h2[39m
    [33mclass[39m=[32m"text-lg font-semibold"[39m
  [36m/>[39m

  Name "Adoption decision":
  [36m<h2[39m
    [33mclass[39m=[32m"text-2xl font-semibold"[39m
  [36m/>[39m

  Name "Plan content":
  [36m<h2[39m
    [33mclass[39m=[32m"text-3xl font-semibold"[39m
  [36m/>[39m

  Name "Selected section":
  [36m<h3[39m
    [33mclass[39m=[32m"text-2xl font-semibold"[39m
  [36m/>[39m

  Name "Nested section":
  [36m<h4[39m
    [33mclass[39m=[32m"text-xl font-semibold"[39m
  [36m/>[39m

  Name "Nested policy":
  [36m<h5[39m
    [33mclass[39m=[32m"text-xl font-semibold"[39m
  [36m/>[39m

  Name "Mapped designations":
  [36m<h2[39m
    [33mclass[39m=[32m"text-3xl font-semibold"[39m
  [36m/>[39m

  Name "Implementation program":
  [36m<h2[39m
    [33mclass[39m=[32m"text-3xl font-semibold"[39m
  [36m/>[39m

  --------------------------------------------------
  link:

  Name "Download the frozen plan data":
  [36m<a[39m
    [33mclass[39m=[32m"mt-4 inline-block text-sm font-medium underline"[39m
    [33mdownload[39m=[32m"openplan-adopted-v1.json"[39m
    [33mhref[39m=[32m"/api/public/land-use-plans/test-plan"[39m
  [36m/>[39m

  --------------------------------------------------
  region:

  Name "Context not retained with this version":
  [36m<section[39m
    [33maria-label[39m=[32m"Context not retained with this version"[39m
    [33mclass[39m=[32m"min-w-0 space-y-4 rounded-xl border border-border bg-card p-5"[39m
  [36m/>[39m

  --------------------------------------------------
  article:

  Name "":
  [36m<article[39m
    [33mclass[39m=[32m""[39m
  [36m/>[39m

  Name "":
  [36m<article[39m
    [33mclass[39m=[32m"ml-4 mt-5 border-l pl-4"[39m
  [36m/>[39m

  Name "":
  [36m<article[39m
    [33mclass[39m=[32m"ml-4 mt-5 border-l pl-4"[39m
  [36m/>[39m

  --------------------------------------------------
  complementary:

  Name "":
  [36m<aside[39m
    [33mclass[39m=[32m"mt-10 rounded-lg border border-amber-300 bg-amber-50 p-5 text-amber-950 dark:border-amber-900 dark:bg-amber-950/20 dark:text-amber-100"[39m
  [36m/>[39m

  --------------------------------------------------

Ignored nodes: comments, script, style
[36m<body>[39m
  [36m<div>[39m
    [36m<main[39m
      [33mclass[39m=[32m"mx-auto max-w-3xl px-5 py-12 print:max-w-none"[39m
    [36m>[39m
      [36m<header[39m
        [33mclass[39m=[32m"border-b pb-8"[39m
      [36m>[39m
        [36m<p[39m
          [33mclass[39m=[32m"text-sm font-semibold uppercase tracking-wider text-muted-foreground"[39m
        [36m>[39m
          [0mPublished [0m
          [0mplan[0m
          [0m · frozen version [0m
          [0m1[0m
        [36m</p>[39m
        [36m<h1[39m
          [33mclass[39m=[32m"mt-3 text-4xl font-semibold tracking-tight"[39m
        [36m>[39m
          [0mTest published plan[0m
        [36m</h1>[39m
        [36m<p[39m
          [33mclass[39m=[32m"mt-3 text-lg text-muted-foreground"[39m
        [36m>[39m
          [0mTest authority[0m
          [0m · [0m
          [0mTest area[0m
        [36m</p>[39m
        [36m<p[39m
          [33mclass[39m=[32m"mt-4 break-all rounded-lg bg-muted p-3 font-mono text-xs"[39m
        [36m>[39m
          [0mContent hash: [0m
          [0mtest-hash[0m
        [36m</p>[39m
        [36m<a[39m
          [33mclass[39m=[32m"mt-4 inline-block text-sm font-medium underline"[39m
          [33mdownload[39m=[32m"openplan-adopted-v1.json"[39m
          [33mhref[39m=[32m"/api/public/land-use-plans/test-plan"[39m
        [36m>[39m
          [0mDownload the frozen plan data[0m
        [36m</a>[39m
      [36m</header>[39m
      [36m<div[39m
        [33mclass[39m=[32m"mt-8"[39m
      [36m>[39m
        [36m<section[39m
          [33maria-label[39m=[32m"Context not retained with this version"[39m
          [33mclass[39m=[32m"min-w-0 space-y-4 rounded-xl border border-border bg-card p-5"[39m
        [36m>[39m
          [36m<div>[39m
            [36m<h2[39m
              [33mclass[39m=[32m"text-lg font-semibold"[39m
            [36m>[39m
              [0mContext not retained with this version[0m
            [36m</h2>[39m
          [36m</div>[39m
          [36m<p[39m
            [33mclass[39m=[32m"text-sm"[39m
          [36m>[39m
            [0mThis version did not retain its plan context. Current plan context cannot establish what reviewers saw.[0m
          [36m</p>[39m
        [36m</section>[39m
      [36m</div>[39m
      [36m<section[39m
        [33mclass[39m=[32m"mt-8 rounded-lg border p-5"[39m
      [36m>[39m
        [36m<h2[39m
          [33mclass[39m=[32m"text-2xl font-semibold"[39m
        [36m>[39m
          [0mAdoption decision[0m
        [36m</h2>[39m
        [36m<p[39m
          [33mclass[39m=[32m"mt-3 leading-relaxed"[39m
        [36m>[39m
          [0mTest body[0m
          [0m adopted this exact frozen version by [0m
          [0mtest[0m
          [0m [0m
          [0mtest[0m
          [0m on [0m
          [0m2026-08-01[0m
          [0m.[0m
        [36m</p>[39m
      [36m</section>[39m
      [36m<section[39m
        [33mclass[39m=[32m"mt-8 space-y-8"[39m
      [36m>[39m
        [36m<h2[39m
          [33mclass[39m=[32m"text-3xl font-semibold"[39m
        [36m>[39m
          [0mPlan content[0m
        [36m</h2>[39m
        [36m<article[39m
          [33mclass[39m=[32m""[39m
        [36m>[39m
          [36m<h3[39m
            [33mclass[39m=[32m"text-2xl font-semibold"[39m
          [36m>[39m
            [0mSelected section[0m
          [36m</h3>[39m
          [36m<article[39m
            [33mclass[39m=[32m"ml-4 mt-5 border-l pl-4"[39m
          [36m>[39m
            [36m<h4[39m
              [33mclass[39m=[32m"text-xl font-semibold"[39m
            [36m>[39m
              [0mNested section[0m
            [36m</h4>[39m
            [36m<article[39m
              [33mclass[39m=[32m"ml-4 mt-5 border-l pl-4"[39m
            [36m>[39m
              [36m<h5[39m
                [33mclass[39m=[32m"text-xl font-semibold"[39m
              [36m>[39m
                [0mNested policy[0m
              [36m</h5>[39m
              [36m<p[39m
                [33mclass[39m=[32m"mt-3 whitespace-pre-wrap text-reading leading-relaxed"[39m
              [36m>[39m
                [0mNested policy text[0m
              [36m</p>[39m
            [36m</article>[39m
          [36m</article>[39m
        [36m</article>[39m
      [36m</section>[39m
      [36m<section[39m
        [33mclass[39m=[32m"mt-10 border-t pt-8"[39m
      [36m>[39m
        [36m<h2[39m
          [33mclass[39m=[32m"text-3xl font-semibold"[39m
        [36m>[39m
          [0mMapped designations[0m
        [36m</h2>[39m
      [36m</section>[39m
      [36m<section[39m
        [33mclass[39m=[32m"mt-10 border-t pt-8"[39m
      [36m>[39m
        [36m<h2[39m
          [33mclass[39m=[32m"text-3xl font-semibold"[39m
        [36m>[39m
          [0mImplementation program[0m
        [36m</h2>[39m
      [36m</section>[39m
      [36m<aside[39m
        [33mclass[39m=[32m"mt-10 rounded-lg border border-amber-300 bg-amber-50 p-5 text-amber-950 dark:border-amber-900 dark:bg-amber-950/20 dark:text-amber-100"[39m
      [36m>[39m
        [36m<p[39m
          [33mclass[39m=[32m"mb-3 text-sm"[39m
        [36m>[39m
          [0mThe checklist, terminology and source-review dates were saved with this version. This does not establish that the law remains current.[0m
        [36m</p>[39m
        [36m<p>[39m
          [0mTest coverage disclosure[0m
        [36m</p>[39m
        [36m<p[39m
          [33mclass[39m=[32m"mt-3 text-sm"[39m
        [36m>[39m
          [0mTest privacy disclosure[0m
        [36m</p>[39m
        [36m<p[39m
          [33mclass[39m=[32m"mt-3 text-sm"[39m
        [36m>[39m
          [0mNo legal sources are configured; source review is not established.[0m
        [36m</p>[39m
      [36m</aside>[39m
    [36m</main>[39m
  [36m</div>[39m
[36m</body>[39m
 ❯ Object.getElementError ../../land-use-plan-context-20261007/openplan/node_modules/@testing-library/dom/dist/config.js:37:19
 ❯ ../../land-use-plan-context-20261007/openplan/node_modules/@testing-library/dom/dist/query-helpers.js:76:38
 ❯ ../../land-use-plan-context-20261007/openplan/node_modules/@testing-library/dom/dist/query-helpers.js:109:15
 ❯ src/test/land-use-plan-source-review.test.tsx:69:23
     67|       ] });
     68|       for (const title of ["Selected section", "Nested section", "Nest…
     69|         expect(screen.getAllByRole("heading", { name: title })).toHave…
       |                       ^
     70|       }
     71|       for (const text of ["Nested policy text", "Root goal text", "Roo…

⎯⎯⎯⎯⎯⎯⎯⎯⎯⎯⎯⎯⎯⎯⎯⎯⎯⎯⎯⎯⎯⎯⎯⎯[1/1]⎯


 Test Files  1 failed (1)
      Tests  1 failed | 18 passed (19)
   Start at  11:23:12
   Duration  1.43s (transform 114ms, setup 55ms, import 195ms, tests 754ms, environment 330ms)

