
 RUN  v4.1.11 /home/nathaniel/.local/state/openplan/land-use-plan-kinds-20261007/openplan

 ❯ src/test/land-use-plan-source-review.test.tsx (19 tests | 1 failed) 703ms
       × keeps legacy authored sections and root policies when checklist keys were not retained 6ms

⎯⎯⎯⎯⎯⎯⎯ Failed Tests 1 ⎯⎯⎯⎯⎯⎯⎯

 FAIL  src/test/land-use-plan-source-review.test.tsx > published plan source-review disclosure > review saved context and download > keeps legacy authored sections and root policies when checklist keys were not retained
TestingLibraryElementError: Unable to find an element with the text: Legacy section text. This could be because the text is broken up by multiple elements. In this case, you can provide a function for your text matcher to make your matcher more flexible.

Ignored nodes: comments, script, style
[36m<body>[39m
  [36m<div>[39m
    [36m<main[39m
      [33mclass[39m=[32m"mx-auto max-w-4xl px-5 py-12 print:max-w-none"[39m
    [36m>[39m
      [36m<header[39m
        [33mclass[39m=[32m"border-b pb-8"[39m
      [36m>[39m
        [36m<p[39m
          [33mclass[39m=[32m"text-sm font-semibold uppercase tracking-wider text-muted-foreground"[39m
        [36m>[39m
          [0mPublic review round [0m
          [0m1[0m
          [0m · [0m
          [0mopen[0m
        [36m</p>[39m
        [36m<h1[39m
          [33mclass[39m=[32m"mt-3 text-4xl font-semibold tracking-tight"[39m
        [36m>[39m
          [0mTest published plan[0m
        [36m</h1>[39m
        [36m<p[39m
          [33mclass[39m=[32m"mt-3 text-lg text-muted-foreground"[39m
        [36m>[39m
          [0mTest authority[0m
          [0m · [0m
          [0mTest area[0m
        [36m</p>[39m
        [36m<p[39m
          [33mclass[39m=[32m"mt-4"[39m
        [36m>[39m
          [0mReview period: [0m
          [0m2026-10-07[0m
          [0m through [0m
          [0m2026-10-08[0m
          [0m. Method: [0m
          [0mexternal process[0m
          [0m.[0m
        [36m</p>[39m
        [36m<p[39m
          [33mclass[39m=[32m"mt-4 break-all rounded-lg bg-muted p-3 font-mono text-xs"[39m
        [36m>[39m
          [0mReviewed content hash: [0m
          [0mtest-hash[0m
        [36m</p>[39m
        [36m<a[39m
          [33mclass[39m=[32m"mt-4 inline-block text-sm font-medium underline"[39m
          [33mdownload[39m=[32m"openplan-review-v1.json"[39m
          [33mhref[39m=[32m"/api/public/land-use-plan-reviews/synthetic-token"[39m
        [36m>[39m
          [0mDownload this exact reviewed plan[0m
        [36m</a>[39m
      [36m</header>[39m
      [36m<div[39m
        [33mclass[39m=[32m"mt-8"[39m
      [36m>[39m
        [36m<section[39m
          [33maria-label[39m=[32m"Context not retained with this version"[39m
          [33mclass[39m=[32m"min-w-0 space-y-4 rounded-xl border border-border bg-card p-5"[39m
        [36m>[39m
          [36m<div>[39m
            [36m<h2[39m
              [33mclass[39m=[32m"text-lg font-semibold"[39m
            [36m>[39m
              [0mContext not retained with this version[0m
            [36m</h2>[39m
          [36m</div>[39m
          [36m<p[39m
            [33mclass[39m=[32m"text-sm"[39m
          [36m>[39m
            [0mThis version did not retain its plan context. Current plan context cannot establish what reviewers saw.[0m
          [36m</p>[39m
        [36m</section>[39m
      [36m</div>[39m
      [36m<section[39m
        [33mclass[39m=[32m"mt-8 space-y-8"[39m
      [36m>[39m
        [36m<h2[39m
          [33mclass[39m=[32m"text-3xl font-semibold"[39m
        [36m>[39m
          [0mDraft plan content[0m
        [36m</h2>[39m
        [36m<article[39m
          [33mclass[39m=[32m""[39m
        [36m>[39m
          [36m<h3[39m
            [33mclass[39m=[32m"text-2xl font-semibold"[39m
          [36m>[39m
            [0mLegacy root policy[0m
          [36m</h3>[39m
          [36m<p[39m
            [33mclass[39m=[32m"mt-3 whitespace-pre-wrap text-reading leading-relaxed"[39m
          [36m>[39m
            [0mLegacy root policy text[0m
          [36m</p>[39m
        [36m</article>[39m
      [36m</section>[39m
      [36m<section[39m
        [33mclass[39m=[32m"mt-10 border-t pt-8"[39m
      [36m>[39m
        [36m<h2[39m
          [33mclass[39m=[32m"text-3xl font-semibold"[39m
        [36m>[39m
          [0mMapped designations[0m
        [36m</h2>[39m
      [36m</section>[39m
      [36m<section[39m
        [33mclass[39m=[32m"mt-10 border-t pt-8"[39m
      [36m>[39m
        [36m<h2[39m
          [33mclass[39m=[32m"text-3xl font-semibold"[39m
        [36m>[39m
          [0mImplementation program[0m
        [36m</h2>[39m
      [36m</section>[39m
      [36m<aside[39m
        [33mclass[39m=[32m"mt-10 rounded-lg border border-amber-300 bg-amber-50 p-5 text-amber-950 dark:border-amber-900 dark:bg-amber-950/20 dark:text-amber-100"[39m
      [36m>[39m
        [36m<p[39m
          [33mclass[39m=[32m"mb-3 text-sm"[39m
        [36m>[39m
          [0mThe checklist, terminology and source-review dates were saved with this version. This does not establish that the law remains current.[0m
        [36m</p>[39m
        [36m<p>[39m
          [0mTest coverage disclosure[0m
        [36m</p>[39m
        [36m<p[39m
          [33mclass[39m=[32m"mt-3 text-sm"[39m
        [36m>[39m
          [0mTest privacy disclosure[0m
        [36m</p>[39m
      [36m</aside>[39m
    [36m</main>[39m
  [36m</div>[39m
[36m</body>[39m
 ❯ Object.getElementError ../../land-use-plan-context-20261007/openplan/node_modules/@testing-library/dom/dist/config.js:37:19
 ❯ ../../land-use-plan-context-20261007/openplan/node_modules/@testing-library/dom/dist/query-helpers.js:76:38
 ❯ ../../land-use-plan-context-20261007/openplan/node_modules/@testing-library/dom/dist/query-helpers.js:52:17
 ❯ ../../land-use-plan-context-20261007/openplan/node_modules/@testing-library/dom/dist/query-helpers.js:95:19
 ❯ src/test/land-use-plan-source-review.test.tsx:81:21
     79|         { id: "policy", node_kind: "policy", title: "Legacy root polic…
     80|       ] });
     81|       expect(screen.getByText("Legacy section text")).toBeVisible();
       |                     ^
     82|       expect(screen.getByText("Legacy root policy text")).toBeVisible(…
     83|       expect(screen.queryByRole("heading", { name: "Empty template sec…

⎯⎯⎯⎯⎯⎯⎯⎯⎯⎯⎯⎯⎯⎯⎯⎯⎯⎯⎯⎯⎯⎯⎯⎯[1/1]⎯


 Test Files  1 failed (1)
      Tests  1 failed | 18 passed (19)
   Start at  11:23:08
   Duration  1.37s (transform 115ms, setup 54ms, import 197ms, tests 703ms, environment 331ms)

