
 RUN  v4.1.11 /home/nathaniel/.local/state/openplan/land-use-plan-kinds-20261007/openplan

 ❯ src/test/land-use-plan-report-adoption.test.tsx (26 tests | 3 failed) 702ms
     × renders the retained decision for adopted editions 194ms
     × renders the retained decision for superseded editions 60ms
     × renders the retained decision for repealed editions 56ms

⎯⎯⎯⎯⎯⎯⎯ Failed Tests 3 ⎯⎯⎯⎯⎯⎯⎯

 FAIL  src/test/land-use-plan-report-adoption.test.tsx > adopted report retained decision and relationships > renders the retained decision for adopted editions
 FAIL  src/test/land-use-plan-report-adoption.test.tsx > adopted report retained decision and relationships > renders the retained decision for superseded editions
 FAIL  src/test/land-use-plan-report-adoption.test.tsx > adopted report retained decision and relationships > renders the retained decision for repealed editions
AssertionError: expected { …(3) } to deeply equal { …(3) }

- Expected
+ Received

@@ -1,12 +1,8 @@
  {
    "filters": [
      [
-       "plan_id",
-       "22000000-0000-4000-8000-000000000001",
-     ],
-     [
        "version_id",
        "22000000-0000-4000-8000-000000000002",
      ],
      [
        "adoption_manifest_hash",

 ❯ src/test/land-use-plan-report-adoption.test.tsx:66:70


⎯⎯⎯⎯⎯⎯⎯⎯⎯⎯⎯⎯⎯⎯⎯⎯⎯⎯⎯⎯⎯⎯⎯⎯[1/3]⎯


 Test Files  1 failed (1)
      Tests  3 failed | 23 passed (26)
   Start at  12:12:22
   Duration  1.45s (transform 130ms, setup 53ms, import 272ms, tests 702ms, environment 333ms)

