
 RUN  v4.1.11 /home/nathaniel/.local/state/openplan/land-use-plan-kinds-20261007/openplan

 ❯ src/test/land-use-plan-report-adoption.test.tsx (26 tests | 1 failed) 698ms
     × does not infer labels or kinds for incomplete retained relationships 8ms

⎯⎯⎯⎯⎯⎯⎯ Failed Tests 1 ⎯⎯⎯⎯⎯⎯⎯

 FAIL  src/test/land-use-plan-report-adoption.test.tsx > adopted report retained decision and relationships > does not infer labels or kinds for incomplete retained relationships
TestingLibraryElementError: Unable to find an element with the text: Related plan label not recorded. This could be because the text is broken up by multiple elements. In this case, you can provide a function for your text matcher to make your matcher more flexible.

Ignored nodes: comments, script, style
[36m<body>[39m
  [36m<div>[39m
    [36m<div[39m
      [33mclass[39m=[32m"mx-auto min-w-0 w-full max-w-4xl [overflow-wrap:anywhere] p-5 md:p-10 print:max-w-none print:p-0"[39m
    [36m>[39m
      [36m<header[39m
        [33mclass[39m=[32m"border-b pb-7"[39m
      [36m>[39m
        [36m<p[39m
          [33mclass[39m=[32m"text-sm font-semibold uppercase tracking-wide text-muted-foreground"[39m
        [36m>[39m
          [0mAdopted plan report[0m
        [36m</p>[39m
        [36m<h1[39m
          [33mclass[39m=[32m"mt-2 text-4xl font-semibold"[39m
        [36m>[39m
          [0mSYNTHETIC report title[0m
        [36m</h1>[39m
        [36m<p[39m
          [33mclass[39m=[32m"mt-3 text-lg"[39m
        [36m>[39m
          [0mSYNTHETIC frozen title[0m
        [36m</p>[39m
        [36m<p[39m
          [33mclass[39m=[32m"mt-1 text-muted-foreground"[39m
        [36m>[39m
          [0mSYNTHETIC frozen authority[0m
          [0m · [0m
          [0mSYNTHETIC frozen geography[0m
        [36m</p>[39m
        [36m<p[39m
          [33mclass[39m=[32m"mt-4"[39m
        [36m>[39m
          [0mLong hash aaaaaaaaaaaaaaaaaaaaaaaaaaaaaaaaaaaaaaaaaaaaaaaaaaaaaaaaaaaaaaaa[0m
        [36m</p>[39m
        [36m<div[39m
          [33mclass[39m=[32m"mt-5 flex flex-wrap gap-3 print:hidden"[39m
        [36m>[39m
          [36m<button[39m
            [33mclass[39m=[32m"inline-flex items-center justify-center gap-2 whitespace-nowrap border text-sm font-semibold transition-all duration-200 disabled:pointer-events-none disabled:opacity-50 [&_svg]:pointer-events-none [&_svg:not([class*='size-'])]:size-4 shrink-0 [&_svg]:shrink-0 outline-none focus-visible:outline-none focus-visible:ring-3 focus-visible:ring-offset-2 focus-visible:ring-offset-background border-primary/12 bg-primary text-primary-foreground hover:bg-[color:var(--pine-deep)] focus-visible:ring-[color:var(--focus-ring-light)]/45 h-10 px-4.5 py-2 has-[>svg]:px-3.5"[39m
            [33mdata-size[39m=[32m"default"[39m
            [33mdata-slot[39m=[32m"button"[39m
            [33mdata-variant[39m=[32m"default"[39m
          [36m>[39m
            [0mPrint report[0m
          [36m</button>[39m
          [36m<a[39m
            [33mclass[39m=[32m"inline-flex items-center justify-center gap-2 whitespace-nowrap border text-sm font-semibold transition-all duration-200 disabled:pointer-events-none disabled:opacity-50 [&_svg]:pointer-events-none [&_svg:not([class*='size-'])]:size-4 shrink-0 [&_svg]:shrink-0 outline-none focus-visible:outline-none focus-visible:ring-3 focus-visible:ring-offset-2 focus-visible:ring-offset-background border-[color:color-mix(in_srgb,var(--line)_84%,var(--ink)_16%)] bg-background text-[color:var(--ink)] hover:border-[color:var(--pine)] hover:bg-[color:color-mix(in_srgb,var(--pine)_8%,var(--background))] hover:text-[color:var(--pine-deep)] focus-visible:ring-[color:var(--focus-ring-light)]/45 h-10 px-4.5 py-2 has-[>svg]:px-3.5"[39m
            [33mdata-size[39m=[32m"default"[39m
            [33mdata-slot[39m=[32m"button"[39m
            [33mdata-variant[39m=[32m"outline"[39m
            [33mdownload[39m=[32m"openplan-report-22000000-0000-4000-8000-000000000003-provenance.json"[39m
            [33mhref[39m=[32m"/api/reports/22000000-0000-4000-8000-000000000003/provenance"[39m
          [36m>[39m
            [0mDownload source JSON[0m
          [36m</a>[39m
          [36m<a[39m
            [33mclass[39m=[32m"inline-flex items-center justify-center gap-2 whitespace-nowrap border text-sm font-semibold transition-all duration-200 disabled:pointer-events-none disabled:opacity-50 [&_svg]:pointer-events-none [&_svg:not([class*='size-'])]:size-4 shrink-0 [&_svg]:shrink-0 outline-none focus-visible:outline-none focus-visible:ring-3 focus-visible:ring-offset-2 focus-visible:ring-offset-background border-[color:color-mix(in_srgb,var(--line)_84%,var(--ink)_16%)] bg-background text-[color:var(--ink)] hover:border-[color:var(--pine)] hover:bg-[color:color-mix(in_srgb,var(--pine)_8%,var(--background))] hover:text-[color:var(--pine-deep)] focus-visible:ring-[color:var(--focus-ring-light)]/45 h-10 px-4.5 py-2 has-[>svg]:px-3.5"[39m
            [33mdata-size[39m=[32m"default"[39m
            [33mdata-slot[39m=[32m"button"[39m
            [33mdata-variant[39m=[32m"outline"[39m
            [33mhref[39m=[32m"/land-use-plans/22000000-0000-4000-8000-000000000001"[39m
          [36m>[39m
            [0mOpen plan workbench[0m
          [36m</a>[39m
        [36m</div>[39m
      [36m</header>[39m
      [36m<div[39m
        [33mclass[39m=[32m"mt-8"[39m
      [36m>[39m
        [36m<section[39m
          [33maria-label[39m=[32m"Context retained with this version"[39m
          [33mclass[39m=[32m"min-w-0 space-y-4 rounded-xl border border-border bg-card p-5"[39m
        [36m>[39m
          [36m<div>[39m
            [36m<h2[39m
              [33mclass[39m=[32m"text-lg font-semibold"[39m
            [36m>[39m
              [0mContext retained with this version[0m
            [36m</h2>[39m
            [36m<p[39m
              [33mclass[39m=[32m"mt-1 text-sm text-muted-foreground"[39m
            [36m>[39m
              [0mThese are the saved area and staff assessment reviewed with this version. They do not establish legal sufficiency.[0m
            [36m</p>[39m
          [36m</div>[39m
          [36m<div>[39m
            [36m<h3[39m
              [33mclass[39m=[32m"font-medium"[39m
            [36m>[39m
              [0mPlan area[0m
            [36m</h3>[39m
            [36m<p[39m
              [33mclass[39m=[32m"break-words text-sm"[39m
            [36m>[39m
              [0mSYNTHETIC study area[0m
            [36m</p>[39m
            [36m<p[39m
              [33mclass[39m=[32m"text-sm text-muted-foreground"[39m
            [36m>[39m
              [0mArea source: [0m
              [0muploaded_file[0m
              [0m. Study geometry and legal authority are different facts.[0m
            [36m</p>[39m
          [36m</div>[39m
          [36m<div[39m
            [33mclass[39m=[32m"space-y-3"[39m
          [36m>[39m
            [36m<h3[39m
              [33mclass[39m=[32m"font-medium"[39m
            [36m>[39m
              [0mResponsible bodies[0m
            [36m</h3>[39m
            [36m<article[39m
              [33mclass[39m=[32m"min-w-0 border-l-2 border-border pl-3 text-sm"[39m
            [36m>[39m
              [36m<p[39m
                [33mclass[39m=[32m"break-words font-medium"[39m
              [36m>[39m
                [0mSYNTHETIC responsible body[0m
              [36m</p>[39m
              [36m<p[39m
                [33mclass[39m=[32m"break-words"[39m
              [36m>[39m
                [0mResponsibility unresolved[0m
                [0m · [0m
                [0munassessed[0m
              [36m</p>[39m
              [36m<p>[39m
                [0mJurisdiction was not assessed.[0m
              [36m</p>[39m
              [36m<p[39m
                [33mclass[39m=[32m"text-muted-foreground"[39m
              [36m>[39m
                [0mNo authority source was retained.[0m
              [36m</p>[39m
            [36m</article>[39m
          [36m</div>[39m
          [36m<div[39m
            [33mclass[39m=[32m"space-y-2 text-sm"[39m
          [36m>[39m
            [36m<h3[39m
              [33mclass[39m=[32m"font-medium"[39m
            [36m>[39m
              [0mApplicability assessment[0m
            [36m</h3>[39m
            [36m<p>[39m
              [0mApplicability remains unresolved.[0m
            [36m</p>[39m
            [36m<p[39m
              [33mclass[39m=[32m"whitespace-pre-wrap break-words"[39m
            [36m>[39m
              [0mSYNTHETIC fixture with no legal applicability claim[0m
            [36m</p>[39m
          [36m</div>[39m
        [36m</section>[39m
      [36m</div>[39m
      [36m<section[39m
        [33maria-labelledby[39m=[32m"report-adoption-heading"[39m
        [33mclass[39m=[32m"mt-8 rounded-lg border p-5"[39m
      [36m>[39m
        [36m<h2[39m
          [33mclass[39m=[32m"text-2xl font-semibold"[39m
          [33mid[39m=[32m"report-adoption-heading"[39m
        [36m>[39m
          [0mRecorded adoption decision[0m
        [36m</h2>[39m
        [36m<p[39m
          [33mclass[39m=[32m"mt-3 text-sm text-muted-foreground"[39m
        [36m>[39m
          [0mThis is the decision retained when this report was published. Later decisions do not replace it here. The record does not establish legal validity.[0m
        [36m</p>[39m
        [36m<dl[39m
          [33mclass[39m=[32m"mt-4 grid gap-4 sm:grid-cols-2"[39m
        [36m>[39m
          [36m<div>[39m
            [36m<dt[39m
              [33mclass[39m=[32m"text-sm text-muted-foreground"[39m
            [36m>[39m
              [0mDecision body[0m
            [36m</dt>[39m
            [36m<dd[39m
              [33mclass[39m=[32m"mt-1 whitespace-pre-wrap"[39m
            [36m>[39m
              [0mSYNTHETIC recorded decision body[0m
            [36m</dd>[39m
          [36m</div>[39m
          [36m<div>[39m
            [36m<dt[39m
              [33mclass[39m=[32m"text-sm text-muted-foreground"[39m
            [36m>[39m
              [0mDecision type[0m
            [36m</dt>[39m
            [36m<dd[39m
              [33mclass[39m=[32m"mt-1 capitalize"[39m
            [36m>[39m
              [0mamendment[0m
            [36m</dd>[39m
          [36m</div>[39m
          [36m<div>[39m
            [36m<dt[39m
              [33mclass[39m=[32m"text-sm text-muted-foreground"[39m
            [36m>[39m
              [0mInstrument[0m
            [36m</dt>[39m
            [36m<dd[39m
              [33mclass[39m=[32m"mt-1"[39m
            [36m>[39m
              [0mSYNTHETIC resolution[0m
              [0m [0m
              [0mTEST-2[0m
            [36m</dd>[39m
          [36m</div>[39m
          [36m<div>[39m
            [36m<dt[39m
              [33mclass[39m=[32m"text-sm text-muted-foreground"[39m
            [36m>[39m
              [0mDecision date[0m
            [36m</dt>[39m
            [36m<dd[39m
              [33mclass[39m=[32m"mt-1"[39m
            [36m>[39m
              [0m2026-10-07[0m
            [36m</dd>[39m
          [36m</div>[39m
          [36m<div>[39m
            [36m<dt[39m
              [33mclass[39m=[32m"text-sm text-muted-foreground"[39m
            [36m>[39m
              [0mEffective date[0m
            [36m</dt>[39m
            [36m<dd[39m
              [33mclass[39m=[32m"mt-1"[39m
            [36m>[39m
              [0m2026-10-08[0m
            [36m</dd>[39m
          [36m</div>[39m
          [36m<div>[39m
            [36m<dt[39m
              [33mclass[39m=[32m"text-sm text-muted-foreground"[39m
            [36m>[39m
              [0mVote[0m
            [36m</dt>[39m
            [36m<dd[39m
              [33mclass[39m=[32m"mt-1 whitespace-pre-wrap"[39m
            [36m>[39m
              [0mSYNTHETIC no actual vote[0m
            [36m</dd>[39m
          [36m</div>[39m
        [36m</dl>[39m
      [36m</section>[39m
      [36m<section[39m
        [33mclass[39m=[32m"mt-8"[39m
      [36m>[39m
        [36m<h2[39m
          [33mclass[39m=[32m"text-2xl font-semibold"[39m
        [36m>[39m
          [0mFrozen plan content[0m
        [36m</h2>[39m
        [36m<p[39m
          [33mclass[39m=[32m"mt-2 break-all text-xs text-muted-foreground"[39m
        [36m>[39m
          [0mPlan content hash: [0m
          [0m4d04dd1786020bc07c6fa99e3fe5bc6be8855d6617d88650fbdb7fbefa42711a[0m
        [36m</p>[39m
        [36m<article[39m
          [33mclass[39m=[32m"mt-6"[39m
        [36m>[39m
          [36m<h3[39m
            [33mclass[39m=[32m"text-xl font-semibold"[39m
          [36m>[39m
            [0mSYNTHETIC retained policy[0m
          [36m</h3>[39m
          [36m<p[39m
            [33mclass[39m=[32m"mt-2 whitespace-pre-wrap leading-relaxed"[39m
          [36m>[39m
            [0mRetained policy text[0m
          [36m</p>[39m
        [36m</article>[39m
      [36m</section>[39m
      [36m<section[39m
        [33mclass[39m=[32m"mt-9 border-t pt-7"[39m
      [36m>[39m
        [36m<h2[39m
          [33mclass[39m=[32m"text-2xl font-semibold"[39m
        [36m>[39m
          [0mImplementation program[0m
        [36m</h2>[39m
        [36m<p[39m
          [33mclass[39m=[32m"mt-3"[39m
        [36m>[39m
          [0mNo implementation actions were present in this frozen report.[0m
        [36m</p>[39m
      [36m</section>[39m
      [36m<section[39m
        [33maria-labelledby[39m=[32m"report-relationships-heading"[39m
        [33mclass[39m=[32m"mt-9 border-t pt-7"[39m
      [36m>[39m
        [36m<h2[39m
          [33mclass[39m=[32m"text-2xl font-semibold"[39m
          [33mid[39m=[32m"report-relationships-heading"[39m
        [36m>[39m
          [0mRelated plans retained with this version[0m
        [36m</h2>[39m
        [36m<ul[39m
          [33mclass[39m=[32m"mt-4 space-y-4"[39m
        [36m>[39m
          [36m<li[39m
            [33mclass[39m=[32m"rounded-lg border p-4"[39m
          [36m>[39m
            [36m<h3[39m
              [33mclass[39m=[32m"font-semibold"[39m
            [36m/>[39m
            [36m<p[39m
              [33mclass[39m=[32m"mt-1 text-sm"[39m
            [36m>[39m
              [0mRelationship recorded as: [0m
              [0mnot recorded[0m
            [36m</p>[39m
          [36m</li>[39m
        [36m</ul>[39m
      [36m</section>[39m
      [36m<footer[39m
        [33mclass[39m=[32m"mt-10 border-t pt-5 text-xs text-muted-foreground"[39m
      [36m>[39m
        [36m<p>[39m
          [0mGenerated [0m
          [0m2026-10-07[0m
          [0m. Consultation details, confidential notes, and sensitive-location flags are not part of this report.[0m
        [36m</p>[39m
        [36m<p[39m
          [33mclass[39m=[32m"mt-2 break-all"[39m
        [36m>[39m
          [0mReport ID [0m
          [0m22000000-0000-4000-8000-000000000003[0m
        [36m</p>[39m
      [36m</footer>[39m
    [36m</div>[39m
  [36m</div>[39m
[36m</body>[39m
 ❯ Object.getElementError ../../land-use-plan-context-20261007/openplan/node_modules/@testing-library/dom/dist/config.js:37:19
 ❯ ../../land-use-plan-context-20261007/openplan/node_modules/@testing-library/dom/dist/query-helpers.js:76:38
 ❯ ../../land-use-plan-context-20261007/openplan/node_modules/@testing-library/dom/dist/query-helpers.js:52:17
 ❯ ../../land-use-plan-context-20261007/openplan/node_modules/@testing-library/dom/dist/query-helpers.js:95:19
 ❯ src/test/land-use-plan-report-adoption.test.tsx:126:19
    124|     frozen.relationships = [{ id: "incomplete" }]; anchorArtifact(); m…
    125|     await show();
    126|     expect(screen.getByText("Related plan label not recorded")).toBeVi…
       |                   ^
    127|     expect(screen.getByText("Relationship recorded as: not recorded"))…
    128|   });

⎯⎯⎯⎯⎯⎯⎯⎯⎯⎯⎯⎯⎯⎯⎯⎯⎯⎯⎯⎯⎯⎯⎯⎯[1/1]⎯


 Test Files  1 failed (1)
      Tests  1 failed | 25 passed (26)
   Start at  12:12:38
   Duration  1.47s (transform 124ms, setup 56ms, import 266ms, tests 698ms, environment 347ms)

