
 RUN  v4.1.11 /home/nathaniel/.local/state/openplan/land-use-plan-kinds-20261007/openplan

 ❯ src/test/land-use-plan-report-map.test.tsx (49 tests | 1 failed) 209ms
     × refuses malformed or unsupported viewport 10,,12,35 4ms

⎯⎯⎯⎯⎯⎯⎯ Failed Tests 1 ⎯⎯⎯⎯⎯⎯⎯

 FAIL  src/test/land-use-plan-report-map.test.tsx > historical report map read > refuses malformed or unsupported viewport 10,,12,35
AssertionError: expected 200 to be 400 // Object.is equality

- Expected
+ Received

- 400
+ 200

 ❯ src/test/land-use-plan-report-map.test.tsx:120:44
    118|   });
    119|   it.each(["", "10,,12,35", "-181,0,-170,5", "0,0,0,1", "170,-10,-170,…
    120|     expect((await request(bounds)).status).toBe(400); expect(mocks.cre…
       |                                            ^
    121|   });
    122|   it("distinguishes a feature read failure from an empty map", async (…

⎯⎯⎯⎯⎯⎯⎯⎯⎯⎯⎯⎯⎯⎯⎯⎯⎯⎯⎯⎯⎯⎯⎯⎯[1/1]⎯


 Test Files  1 failed (1)
      Tests  1 failed | 48 passed (49)
   Start at  12:29:45
   Duration  987ms (transform 152ms, setup 54ms, import 310ms, tests 209ms, environment 320ms)

