
 RUN  v4.1.11 /home/nathaniel/.local/state/openplan/land-use-plan-kinds-20261007/openplan

 ❯ src/test/land-use-plan-report-map.test.tsx (49 tests | 2 failed) 223ms
     × refuses report read error before reading features 5ms
     × refuses membership read error before reading features 1ms

⎯⎯⎯⎯⎯⎯⎯ Failed Tests 2 ⎯⎯⎯⎯⎯⎯⎯

 FAIL  src/test/land-use-plan-report-map.test.tsx > historical report map read > refuses report read error before reading features
AssertionError: expected 404 to be 500 // Object.is equality

- Expected
+ Received

- 500
+ 404

 ❯ src/test/land-use-plan-report-map.test.tsx:103:73
    101|     ["changed GIS feature hash", 503, () => { rows.workspace_gis_layer…
    102|   ] as const)("refuses %s before reading features", async (_name, stat…
    103|     mutate(); const response = await request(); expect(response.status…
       |                                                                         ^
    104|     expect(mocks.rpc).not.toHaveBeenCalled(); expect(mocks.service).no…
    105|     expect(JSON.stringify(await response.json())).not.toContain("PRIVA…

⎯⎯⎯⎯⎯⎯⎯⎯⎯⎯⎯⎯⎯⎯⎯⎯⎯⎯⎯⎯⎯⎯⎯⎯[1/2]⎯

 FAIL  src/test/land-use-plan-report-map.test.tsx > historical report map read > refuses membership read error before reading features
AssertionError: expected 403 to be 500 // Object.is equality

- Expected
+ Received

- 500
+ 403

 ❯ src/test/land-use-plan-report-map.test.tsx:103:73
    101|     ["changed GIS feature hash", 503, () => { rows.workspace_gis_layer…
    102|   ] as const)("refuses %s before reading features", async (_name, stat…
    103|     mutate(); const response = await request(); expect(response.status…
       |                                                                         ^
    104|     expect(mocks.rpc).not.toHaveBeenCalled(); expect(mocks.service).no…
    105|     expect(JSON.stringify(await response.json())).not.toContain("PRIVA…

⎯⎯⎯⎯⎯⎯⎯⎯⎯⎯⎯⎯⎯⎯⎯⎯⎯⎯⎯⎯⎯⎯⎯⎯[2/2]⎯


 Test Files  1 failed (1)
      Tests  2 failed | 47 passed (49)
   Start at  12:29:33
   Duration  988ms (transform 141ms, setup 54ms, import 296ms, tests 223ms, environment 321ms)

