
 RUN  v4.1.11 /home/nathaniel/.local/state/openplan/land-use-plan-kinds-20261007/openplan

 ❯ src/test/land-use-plan-report-map.test.tsx (49 tests | 3 failed) 215ms
     × reads the adopted report edition using current scoped permission 20ms
     × reads the superseded report edition using current scoped permission 2ms
     × reads the repealed report edition using current scoped permission 2ms

⎯⎯⎯⎯⎯⎯⎯ Failed Tests 3 ⎯⎯⎯⎯⎯⎯⎯

 FAIL  src/test/land-use-plan-report-map.test.tsx > historical report map read > reads the adopted report edition using current scoped permission
 FAIL  src/test/land-use-plan-report-map.test.tsx > historical report map read > reads the superseded report edition using current scoped permission
 FAIL  src/test/land-use-plan-report-map.test.tsx > historical report map read > reads the repealed report edition using current scoped permission
AssertionError: expected { …(3) } to deeply equal { …(3) }

- Expected
+ Received

@@ -11,8 +11,8 @@
      [
        "workspace_id",
        "33000000-0000-4000-8000-000000000004",
      ],
    ],
-   "projection": "id, workspace_id, feature_hash, ingest_status",
+   "projection": "id, ingest_status",
    "table": "workspace_gis_layer_versions",
  }

 ❯ src/test/land-use-plan-report-map.test.tsx:76:75


⎯⎯⎯⎯⎯⎯⎯⎯⎯⎯⎯⎯⎯⎯⎯⎯⎯⎯⎯⎯⎯⎯⎯⎯[1/3]⎯


 Test Files  1 failed (1)
      Tests  3 failed | 46 passed (49)
   Start at  12:30:20
   Duration  987ms (transform 144ms, setup 53ms, import 301ms, tests 215ms, environment 324ms)

