
 RUN  v4.1.11 /home/nathaniel/.local/state/openplan/land-use-plan-kinds-20261007/openplan

 ❯ src/test/land-use-plan-report-map.test.tsx (49 tests | 3 failed) 220ms
     × reads the adopted report edition using current scoped permission 19ms
     × reads the superseded report edition using current scoped permission 2ms
     × reads the repealed report edition using current scoped permission 1ms

⎯⎯⎯⎯⎯⎯⎯ Failed Tests 3 ⎯⎯⎯⎯⎯⎯⎯

 FAIL  src/test/land-use-plan-report-map.test.tsx > historical report map read > reads the adopted report edition using current scoped permission
 FAIL  src/test/land-use-plan-report-map.test.tsx > historical report map read > reads the superseded report edition using current scoped permission
 FAIL  src/test/land-use-plan-report-map.test.tsx > historical report map read > reads the repealed report edition using current scoped permission
AssertionError: expected { …(3) } to deeply equal { …(3) }

- Expected
+ Received

@@ -11,8 +11,8 @@
      [
        "workspace_id",
        "33000000-0000-4000-8000-000000000004",
      ],
    ],
-   "projection": "id, workspace_id, plan_id, version_number, state, content_hash, published_report_id",
+   "projection": "id, plan_id, version_number, state, content_hash, published_report_id",
    "table": "land_use_plan_versions",
  }

 ❯ src/test/land-use-plan-report-map.test.tsx:75:69


⎯⎯⎯⎯⎯⎯⎯⎯⎯⎯⎯⎯⎯⎯⎯⎯⎯⎯⎯⎯⎯⎯⎯⎯[1/3]⎯


 Test Files  1 failed (1)
      Tests  3 failed | 46 passed (49)
   Start at  12:29:55
   Duration  1.01s (transform 162ms, setup 59ms, import 318ms, tests 220ms, environment 318ms)

