
 RUN  v4.1.11 /home/nathaniel/.local/state/openplan/land-use-plan-kinds-20261007/openplan

 ❯ src/test/land-use-plan-report-map.test.tsx (49 tests | 7 failed) 209ms
     × refuses missing artifact before reading features 4ms
     × refuses unrelated report type before reading features 1ms
     × refuses wrong native workspace before reading features 1ms
     × refuses altered saved geometry reference before reading features 1ms
     × refuses altered saved disclosure fields before reading features 1ms
     × refuses wrong report pointer before reading features 0ms
     × refuses unfrozen version before reading features 0ms

⎯⎯⎯⎯⎯⎯⎯ Failed Tests 7 ⎯⎯⎯⎯⎯⎯⎯

 FAIL  src/test/land-use-plan-report-map.test.tsx > historical report map read > refuses missing artifact before reading features
 FAIL  src/test/land-use-plan-report-map.test.tsx > historical report map read > refuses unrelated report type before reading features
 FAIL  src/test/land-use-plan-report-map.test.tsx > historical report map read > refuses wrong native workspace before reading features
 FAIL  src/test/land-use-plan-report-map.test.tsx > historical report map read > refuses altered saved geometry reference before reading features
 FAIL  src/test/land-use-plan-report-map.test.tsx > historical report map read > refuses altered saved disclosure fields before reading features
 FAIL  src/test/land-use-plan-report-map.test.tsx > historical report map read > refuses wrong report pointer before reading features
 FAIL  src/test/land-use-plan-report-map.test.tsx > historical report map read > refuses unfrozen version before reading features
AssertionError: expected 200 to be 503 // Object.is equality

- Expected
+ Received

- 503
+ 200

 ❯ src/test/land-use-plan-report-map.test.tsx:103:73
    101|     ["changed GIS feature hash", 503, () => { rows.workspace_gis_layer…
    102|   ] as const)("refuses %s before reading features", async (_name, stat…
    103|     mutate(); const response = await request(); expect(response.status…
       |                                                                         ^
    104|     expect(mocks.rpc).not.toHaveBeenCalled(); expect(mocks.service).no…
    105|     expect(JSON.stringify(await response.json())).not.toContain("PRIVA…

⎯⎯⎯⎯⎯⎯⎯⎯⎯⎯⎯⎯⎯⎯⎯⎯⎯⎯⎯⎯⎯⎯⎯⎯[1/7]⎯


 Test Files  1 failed (1)
      Tests  7 failed | 42 passed (49)
   Start at  12:29:40
   Duration  991ms (transform 150ms, setup 54ms, import 305ms, tests 209ms, environment 331ms)

