
 RUN  v4.1.11 /home/nathaniel/.local/state/openplan/land-use-plan-kinds-20261007/openplan

 ❯ src/test/land-use-plan-report-map.test.tsx (49 tests | 3 failed) 218ms
     × reads the adopted report edition using current scoped permission 19ms
     × reads the superseded report edition using current scoped permission 2ms
     × reads the repealed report edition using current scoped permission 1ms

⎯⎯⎯⎯⎯⎯⎯ Failed Tests 3 ⎯⎯⎯⎯⎯⎯⎯

 FAIL  src/test/land-use-plan-report-map.test.tsx > historical report map read > reads the adopted report edition using current scoped permission
 FAIL  src/test/land-use-plan-report-map.test.tsx > historical report map read > reads the superseded report edition using current scoped permission
 FAIL  src/test/land-use-plan-report-map.test.tsx > historical report map read > reads the repealed report edition using current scoped permission
AssertionError: expected "vi.fn()" to be called with arguments: [ …(2) ]

Received:

  1st vi.fn() call:

@@ -4,8 +4,8 @@
      "p_east": -121,
      "p_limit": 1000,
      "p_north": 39,
      "p_south": 38,
      "p_version_id": "33000000-0000-4000-8000-000000000007",
-     "p_west": -122,
+     "p_west": 0,
    },
  ]


Number of calls: 1

 ❯ src/test/land-use-plan-report-map.test.tsx:73:23


⎯⎯⎯⎯⎯⎯⎯⎯⎯⎯⎯⎯⎯⎯⎯⎯⎯⎯⎯⎯⎯⎯⎯⎯[1/3]⎯


 Test Files  1 failed (1)
      Tests  3 failed | 46 passed (49)
   Start at  12:30:33
   Duration  996ms (transform 136ms, setup 53ms, import 291ms, tests 218ms, environment 335ms)

