
 RUN  v4.1.11 /home/nathaniel/.local/state/openplan/land-use-plan-kinds-20261007/openplan

 ❯ src/test/land-use-plan-report-adoption.test.tsx (26 tests | 3 failed | 23 skipped) 328ms
     × renders the retained decision for adopted editions 198ms
     × renders the retained decision for superseded editions 64ms
     × renders the retained decision for repealed editions 64ms

⎯⎯⎯⎯⎯⎯⎯ Failed Tests 3 ⎯⎯⎯⎯⎯⎯⎯

 FAIL  src/test/land-use-plan-report-adoption.test.tsx > adopted report retained decision and relationships > renders the retained decision for adopted editions
 FAIL  src/test/land-use-plan-report-adoption.test.tsx > adopted report retained decision and relationships > renders the retained decision for superseded editions
 FAIL  src/test/land-use-plan-report-adoption.test.tsx > adopted report retained decision and relationships > renders the retained decision for repealed editions
AssertionError: expected { …(3) } to deeply equal { …(3) }

- Expected
+ Received

@@ -6,13 +6,9 @@
      ],
      [
        "version_id",
        "22000000-0000-4000-8000-000000000002",
      ],
-     [
-       "adoption_manifest_hash",
-       "aaaaaaaaaaaaaaaaaaaaaaaaaaaaaaaaaaaaaaaaaaaaaaaaaaaaaaaaaaaaaaaa",
-     ],
    ],
    "projection": "plan_id, version_id, version_content_hash, review_release_id, adoption_manifest, adoption_manifest_hash",
    "table": "land_use_plan_decisions",
  }

 ❯ src/test/land-use-plan-report-adoption.test.tsx:68:70


⎯⎯⎯⎯⎯⎯⎯⎯⎯⎯⎯⎯⎯⎯⎯⎯⎯⎯⎯⎯⎯⎯⎯⎯[1/3]⎯


 Test Files  1 failed (1)
      Tests  3 failed | 23 skipped (26)
   Start at  13:15:58
   Duration  1.21s (transform 185ms, setup 57ms, import 402ms, tests 328ms, environment 326ms)

