
 RUN  v4.1.11 /home/nathaniel/.local/state/openplan/land-use-plan-kinds-20261007/openplan

 ❯ src/test/land-use-report-provenance-route.test.ts (39 tests | 1 failed | 38 skipped) 20ms
     × downloads the retained adopted plan and complete decision 19ms

⎯⎯⎯⎯⎯⎯⎯ Failed Tests 1 ⎯⎯⎯⎯⎯⎯⎯

 FAIL  src/test/land-use-report-provenance-route.test.ts > direct report source download > downloads the retained adopted plan and complete decision
AssertionError: expected 'text/plain' to be 'application/json; charset=utf-8' // Object.is equality

Expected: "application/json; charset=utf-8"
Received: "text/plain"

 ❯ src/test/land-use-report-provenance-route.test.ts:75:50
     73|     expect(await response.json()).toEqual({ report: rows.reports, arti…
     74|     expect(response.headers.get("cache-control")).toBe("no-store");
     75|     expect(response.headers.get("content-type")).toBe("application/jso…
       |                                                  ^
     76|     expect(response.headers.get("content-disposition")).toBe(`attachme…
     77|     expect(queries).toEqual([

⎯⎯⎯⎯⎯⎯⎯⎯⎯⎯⎯⎯⎯⎯⎯⎯⎯⎯⎯⎯⎯⎯⎯⎯[1/1]⎯


 Test Files  1 failed (1)
      Tests  1 failed | 38 skipped (39)
   Start at  13:15:08
   Duration  696ms (transform 113ms, setup 60ms, import 164ms, tests 20ms, environment 355ms)

