
 RUN  v4.1.11 /home/nathaniel/.local/state/openplan/land-use-plan-kinds-20261007/openplan

 ❯ src/test/land-use-report-provenance-route.test.ts (39 tests | 1 failed | 38 skipped) 21ms
     × downloads the retained adopted plan and complete decision 19ms

⎯⎯⎯⎯⎯⎯⎯ Failed Tests 1 ⎯⎯⎯⎯⎯⎯⎯

 FAIL  src/test/land-use-report-provenance-route.test.ts > direct report source download > downloads the retained adopted plan and complete decision
AssertionError: expected 'public' to be 'no-store' // Object.is equality

Expected: "no-store"
Received: "public"

 ❯ src/test/land-use-report-provenance-route.test.ts:74:51
     72|     const response = await request(); expect(response.status).toBe(200…
     73|     expect(await response.json()).toEqual({ report: rows.reports, arti…
     74|     expect(response.headers.get("cache-control")).toBe("no-store");
       |                                                   ^
     75|     expect(response.headers.get("content-type")).toBe("application/jso…
     76|     expect(response.headers.get("content-disposition")).toBe(`attachme…

⎯⎯⎯⎯⎯⎯⎯⎯⎯⎯⎯⎯⎯⎯⎯⎯⎯⎯⎯⎯⎯⎯⎯⎯[1/1]⎯


 Test Files  1 failed (1)
      Tests  1 failed | 38 skipped (39)
   Start at  13:15:06
   Duration  659ms (transform 111ms, setup 55ms, import 164ms, tests 21ms, environment 325ms)

