
 RUN  v4.1.11 /home/nathaniel/.local/state/openplan/land-use-plan-kinds-20261007/openplan

 ❯ src/test/land-use-report-provenance-route.test.ts (39 tests | 1 failed | 38 skipped) 20ms
     × downloads the retained adopted plan and complete decision 18ms

⎯⎯⎯⎯⎯⎯⎯ Failed Tests 1 ⎯⎯⎯⎯⎯⎯⎯

 FAIL  src/test/land-use-report-provenance-route.test.ts > direct report source download > downloads the retained adopted plan and complete decision
AssertionError: expected null to be 'attachment; filename="openplan-report…' // Object.is equality

- Expected:
"attachment; filename=\"openplan-report-34000000-0000-4000-8000-000000000001-provenance.json\""

+ Received:
null

 ❯ src/test/land-use-report-provenance-route.test.ts:76:57
     74|     expect(response.headers.get("cache-control")).toBe("no-store");
     75|     expect(response.headers.get("content-type")).toBe("application/jso…
     76|     expect(response.headers.get("content-disposition")).toBe(`attachme…
       |                                                         ^
     77|     expect(queries).toEqual([
     78|       { table: "reports", projection: REPORT_ACCESS_COLUMNS, filters: …

⎯⎯⎯⎯⎯⎯⎯⎯⎯⎯⎯⎯⎯⎯⎯⎯⎯⎯⎯⎯⎯⎯⎯⎯[1/1]⎯


 Test Files  1 failed (1)
      Tests  1 failed | 38 skipped (39)
   Start at  13:15:05
   Duration  663ms (transform 110ms, setup 54ms, import 163ms, tests 20ms, environment 329ms)

