
 RUN  v4.1.11 /home/nathaniel/.local/state/openplan/land-use-plan-kinds-20261007/openplan

 ❯ src/test/land-use-implementation-report-custody.test.tsx (41 tests | 3 failed) 694ms
     × reads the adopted edition and exact saved statuses 228ms
     × reads the superseded edition and exact saved statuses 71ms
     × reads the repealed edition and exact saved statuses 67ms

⎯⎯⎯⎯⎯⎯⎯ Failed Tests 3 ⎯⎯⎯⎯⎯⎯⎯

 FAIL  src/test/land-use-implementation-report-custody.test.tsx > implementation report retains verified history > reads the adopted edition and exact saved statuses
 FAIL  src/test/land-use-implementation-report-custody.test.tsx > implementation report retains verified history > reads the superseded edition and exact saved statuses
 FAIL  src/test/land-use-implementation-report-custody.test.tsx > implementation report retains verified history > reads the repealed edition and exact saved statuses
AssertionError: expected { …(3) } to deeply equal { …(3) }

- Expected
+ Received

@@ -6,13 +6,9 @@
      ],
      [
        "plan_id",
        "23000000-0000-4000-8000-000000000001",
      ],
-     [
-       "workspace_id",
-       "23000000-0000-4000-8000-000000000004",
-     ],
    ],
    "projection": "id, workspace_id, plan_id, adopted_version_id, reporting_period_start, reporting_period_end, summary, action_status_snapshot, content_hash, report_id",
    "table": "land_use_plan_implementation_reports",
  }

 ❯ src/test/land-use-implementation-report-custody.test.tsx:71:83


⎯⎯⎯⎯⎯⎯⎯⎯⎯⎯⎯⎯⎯⎯⎯⎯⎯⎯⎯⎯⎯⎯⎯⎯[1/3]⎯


 Test Files  1 failed (1)
      Tests  3 failed | 38 passed (41)
   Start at  12:57:59
   Duration  1.56s (transform 169ms, setup 57ms, import 382ms, tests 694ms, environment 331ms)

