
 RUN  v4.1.11 /home/nathaniel/.local/state/openplan/land-use-plan-kinds-20261007/openplan

 ❯ src/test/land-use-implementation-report-custody.test.tsx (41 tests | 3 failed) 654ms
     × reads the adopted edition and exact saved statuses 198ms
     × reads the superseded edition and exact saved statuses 69ms
     × reads the repealed edition and exact saved statuses 67ms

⎯⎯⎯⎯⎯⎯⎯ Failed Tests 3 ⎯⎯⎯⎯⎯⎯⎯

 FAIL  src/test/land-use-implementation-report-custody.test.tsx > implementation report retains verified history > reads the adopted edition and exact saved statuses
 FAIL  src/test/land-use-implementation-report-custody.test.tsx > implementation report retains verified history > reads the superseded edition and exact saved statuses
 FAIL  src/test/land-use-implementation-report-custody.test.tsx > implementation report retains verified history > reads the repealed edition and exact saved statuses
AssertionError: expected { …(3) } to deeply equal { …(3) }

- Expected
+ Received

@@ -1,12 +1,8 @@
  {
    "filters": [
      [
-       "report_id",
-       "23000000-0000-4000-8000-000000000003",
-     ],
-     [
        "plan_id",
        "23000000-0000-4000-8000-000000000001",
      ],
      [
        "workspace_id",

 ❯ src/test/land-use-implementation-report-custody.test.tsx:71:83


⎯⎯⎯⎯⎯⎯⎯⎯⎯⎯⎯⎯⎯⎯⎯⎯⎯⎯⎯⎯⎯⎯⎯⎯[1/3]⎯


 Test Files  1 failed (1)
      Tests  3 failed | 38 passed (41)
   Start at  12:57:55
   Duration  1.52s (transform 176ms, setup 56ms, import 384ms, tests 654ms, environment 332ms)

