
 RUN  v4.1.11 /home/nathaniel/.local/state/openplan/land-use-plan-kinds-20261007/openplan

 ❯ src/test/land-use-implementation-report-custody.test.tsx (41 tests | 4 failed) 697ms
     × reads the adopted edition and exact saved statuses 168ms
     × reads the superseded edition and exact saved statuses 66ms
     × reads the repealed edition and exact saved statuses 60ms
     × discloses absent legacy context without using current context 90ms

⎯⎯⎯⎯⎯⎯⎯ Failed Tests 4 ⎯⎯⎯⎯⎯⎯⎯

 FAIL  src/test/land-use-implementation-report-custody.test.tsx > implementation report retains verified history > reads the adopted edition and exact saved statuses
 FAIL  src/test/land-use-implementation-report-custody.test.tsx > implementation report retains verified history > reads the superseded edition and exact saved statuses
 FAIL  src/test/land-use-implementation-report-custody.test.tsx > implementation report retains verified history > reads the repealed edition and exact saved statuses
TestingLibraryElementError: Unable to find an element with the text: SYNTHETIC study area. This could be because the text is broken up by multiple elements. In this case, you can provide a function for your text matcher to make your matcher more flexible.

Ignored nodes: comments, script, style
[36m<body>[39m
  [36m<div>[39m
    [36m<div[39m
      [33mclass[39m=[32m"mx-auto min-w-0 w-full max-w-4xl [overflow-wrap:anywhere] p-5 md:p-10 print:max-w-none print:p-0"[39m
    [36m>[39m
      [36m<header[39m
        [33mclass[39m=[32m"border-b pb-7"[39m
      [36m>[39m
        [36m<p[39m
          [33mclass[39m=[32m"text-sm font-semibold uppercase tracking-wide text-muted-foreground"[39m
        [36m>[39m
          [0mImplementation report[0m
        [36m</p>[39m
        [36m<h1[39m
          [33mclass[39m=[32m"mt-2 text-4xl font-semibold"[39m
        [36m>[39m
          [0mSYNTHETIC implementation report[0m
        [36m</h1>[39m
        [36m<p[39m
          [33mclass[39m=[32m"mt-3 text-lg"[39m
        [36m>[39m
          [0mSYNTHETIC adopted title[0m
        [36m</p>[39m
        [36m<p[39m
          [33mclass[39m=[32m"mt-1 text-muted-foreground"[39m
        [36m>[39m
          [0mSYNTHETIC adopted authority[0m
          [0m · [0m
          [0mSYNTHETIC adopted geography[0m
        [36m</p>[39m
        [36m<p[39m
          [33mclass[39m=[32m"mt-4"[39m
        [36m>[39m
          [0mSYNTHETIC retained summary[0m
        [36m</p>[39m
        [36m<div[39m
          [33mclass[39m=[32m"mt-5 flex flex-wrap gap-3 print:hidden"[39m
        [36m>[39m
          [36m<button[39m
            [33mclass[39m=[32m"inline-flex items-center justify-center gap-2 whitespace-nowrap border text-sm font-semibold transition-all duration-200 disabled:pointer-events-none disabled:opacity-50 [&_svg]:pointer-events-none [&_svg:not([class*='size-'])]:size-4 shrink-0 [&_svg]:shrink-0 outline-none focus-visible:outline-none focus-visible:ring-3 focus-visible:ring-offset-2 focus-visible:ring-offset-background border-primary/12 bg-primary text-primary-foreground hover:bg-[color:var(--pine-deep)] focus-visible:ring-[color:var(--focus-ring-light)]/45 h-10 px-4.5 py-2 has-[>svg]:px-3.5"[39m
            [33mdata-size[39m=[32m"default"[39m
            [33mdata-slot[39m=[32m"button"[39m
            [33mdata-variant[39m=[32m"default"[39m
          [36m>[39m
            [0mPrint report[0m
          [36m</button>[39m
          [36m<a[39m
            [33mclass[39m=[32m"inline-flex items-center justify-center gap-2 whitespace-nowrap border text-sm font-semibold transition-all duration-200 disabled:pointer-events-none disabled:opacity-50 [&_svg]:pointer-events-none [&_svg:not([class*='size-'])]:size-4 shrink-0 [&_svg]:shrink-0 outline-none focus-visible:outline-none focus-visible:ring-3 focus-visible:ring-offset-2 focus-visible:ring-offset-background border-[color:color-mix(in_srgb,var(--line)_84%,var(--ink)_16%)] bg-background text-[color:var(--ink)] hover:border-[color:var(--pine)] hover:bg-[color:color-mix(in_srgb,var(--pine)_8%,var(--background))] hover:text-[color:var(--pine-deep)] focus-visible:ring-[color:var(--focus-ring-light)]/45 h-10 px-4.5 py-2 has-[>svg]:px-3.5"[39m
            [33mdata-size[39m=[32m"default"[39m
            [33mdata-slot[39m=[32m"button"[39m
            [33mdata-variant[39m=[32m"outline"[39m
            [33mdownload[39m=[32m"openplan-report-23000000-0000-4000-8000-000000000003-provenance.json"[39m
            [33mhref[39m=[32m"/api/reports/23000000-0000-4000-8000-000000000003/provenance"[39m
          [36m>[39m
            [0mDownload source JSON[0m
          [36m</a>[39m
          [36m<a[39m
            [33mclass[39m=[32m"inline-flex items-center justify-center gap-2 whitespace-nowrap border text-sm font-semibold transition-all duration-200 disabled:pointer-events-none disabled:opacity-50 [&_svg]:pointer-events-none [&_svg:not([class*='size-'])]:size-4 shrink-0 [&_svg]:shrink-0 outline-none focus-visible:outline-none focus-visible:ring-3 focus-visible:ring-offset-2 focus-visible:ring-offset-background border-[color:color-mix(in_srgb,var(--line)_84%,var(--ink)_16%)] bg-background text-[color:var(--ink)] hover:border-[color:var(--pine)] hover:bg-[color:color-mix(in_srgb,var(--pine)_8%,var(--background))] hover:text-[color:var(--pine-deep)] focus-visible:ring-[color:var(--focus-ring-light)]/45 h-10 px-4.5 py-2 has-[>svg]:px-3.5"[39m
            [33mdata-size[39m=[32m"default"[39m
            [33mdata-slot[39m=[32m"button"[39m
            [33mdata-variant[39m=[32m"outline"[39m
            [33mhref[39m=[32m"/land-use-plans/23000000-0000-4000-8000-000000000001"[39m
          [36m>[39m
            [0mOpen plan workbench[0m
          [36m</a>[39m
        [36m</div>[39m
      [36m</header>[39m
      [36m<section[39m
        [33mclass[39m=[32m"mt-8"[39m
      [36m>[39m
        [36m<h2[39m
          [33mclass[39m=[32m"text-2xl font-semibold"[39m
        [36m>[39m
          [0mReporting period[0m
        [36m</h2>[39m
        [36m<p[39m
          [33mclass[39m=[32m"mt-2"[39m
        [36m>[39m
          [0m2026-01-01[0m
          [0m through [0m
          [0m2026-09-30[0m
        [36m</p>[39m
        [36m<p[39m
          [33mclass[39m=[32m"mt-2 break-all text-xs text-muted-foreground"[39m
        [36m>[39m
          [0mAdopted plan hash: [0m
          [0m9e0fff784858b8d8ee2b58d6bd2d1b96fcdd221c31de97d2d858542eef5bdf05[0m
        [36m</p>[39m
      [36m</section>[39m
      [36m<section[39m
        [33mclass[39m=[32m"mt-9 border-t pt-7"[39m
      [36m>[39m
        [36m<h2[39m
          [33mclass[39m=[32m"text-2xl font-semibold"[39m
        [36m>[39m
          [0mFrozen action-status snapshot[0m
        [36m</h2>[39m
        [36m<article[39m
          [33mclass[39m=[32m"mt-4 rounded-lg border p-4"[39m
        [36m>[39m
          [36m<h3[39m
            [33mclass[39m=[32m"font-semibold"[39m
          [36m>[39m
            [0mSYNTHETIC saved action[0m
          [36m</h3>[39m
          [36m<p[39m
            [33mclass[39m=[32m"mt-1 text-sm"[39m
          [36m>[39m
            [0mStatus: [0m
            [0mcompleted[0m
            [0m · due 2026-12-01[0m
          [36m</p>[39m
          [36m<p[39m
            [33mclass[39m=[32m"mt-2"[39m
          [36m>[39m
            [0mRetained implementation detail[0m
          [36m</p>[39m
          [36m<dl[39m
            [33mclass[39m=[32m"mt-3 grid gap-3 text-sm sm:grid-cols-2"[39m
          [36m>[39m
            [36m<div>[39m
              [36m<dt[39m
                [33mclass[39m=[32m"text-muted-foreground"[39m
              [36m>[39m
                [0mResponsible party at reporting[0m
              [36m</dt>[39m
              [36m<dd>[39m
                [0mSYNTHETIC responsible team[0m
              [36m</dd>[39m
            [36m</div>[39m
            [36m<div>[39m
              [36m<dt[39m
                [33mclass[39m=[32m"text-muted-foreground"[39m
              [36m>[39m
                [0mLast action update retained[0m
              [36m</dt>[39m
              [36m<dd>[39m
                [0m2026-09-29T12:34:56+00:00[0m
              [36m</dd>[39m
            [36m</div>[39m
          [36m</dl>[39m
        [36m</article>[39m
      [36m</section>[39m
      [36m<footer[39m
        [33mclass[39m=[32m"mt-10 border-t pt-5 text-xs text-muted-foreground"[39m
      [36m>[39m
        [36m<p>[39m
          [0mGenerated [0m
          [0m2026-10-07[0m
          [0m. Consultation details, confidential notes, and sensitive-location flags are not part of this report.[0m
        [36m</p>[39m
        [36m<p[39m
          [33mclass[39m=[32m"mt-2 break-all"[39m
        [36m>[39m
          [0mReport ID [0m
          [0m23000000-0000-4000-8000-000000000003[0m
        [36m</p>[39m
      [36m</footer>[39m
    [36m</div>[39m
  [36m</div>[39m
[36m</body>[39m
 ❯ Object.getElementError ../../land-use-plan-context-20261007/openplan/node_modules/@testing-library/dom/dist/config.js:37:19
 ❯ ../../land-use-plan-context-20261007/openplan/node_modules/@testing-library/dom/dist/query-helpers.js:76:38
 ❯ ../../land-use-plan-context-20261007/openplan/node_modules/@testing-library/dom/dist/query-helpers.js:52:17
 ❯ ../../land-use-plan-context-20261007/openplan/node_modules/@testing-library/dom/dist/query-helpers.js:95:19
 ❯ src/test/land-use-implementation-report-custody.test.tsx:66:346


⎯⎯⎯⎯⎯⎯⎯⎯⎯⎯⎯⎯⎯⎯⎯⎯⎯⎯⎯⎯⎯⎯⎯⎯[1/4]⎯

 FAIL  src/test/land-use-implementation-report-custody.test.tsx > implementation report retains verified history > discloses absent legacy context without using current context
TestingLibraryElementError: Unable to find an accessible element with the role "region" and name "Context not retained with this version"

Here are the accessible roles:

  banner:

  Name "":
  [36m<header[39m
    [33mclass[39m=[32m"border-b pb-7"[39m
  [36m/>[39m

  --------------------------------------------------
  paragraph:

  Name "":
  [36m<p[39m
    [33mclass[39m=[32m"text-sm font-semibold uppercase tracking-wide text-muted-foreground"[39m
  [36m/>[39m

  Name "":
  [36m<p[39m
    [33mclass[39m=[32m"mt-3 text-lg"[39m
  [36m/>[39m

  Name "":
  [36m<p[39m
    [33mclass[39m=[32m"mt-1 text-muted-foreground"[39m
  [36m/>[39m

  Name "":
  [36m<p[39m
    [33mclass[39m=[32m"mt-4"[39m
  [36m/>[39m

  Name "":
  [36m<p[39m
    [33mclass[39m=[32m"mt-2"[39m
  [36m/>[39m

  Name "":
  [36m<p[39m
    [33mclass[39m=[32m"mt-2 break-all text-xs text-muted-foreground"[39m
  [36m/>[39m

  Name "":
  [36m<p[39m
    [33mclass[39m=[32m"mt-1 text-sm"[39m
  [36m/>[39m

  Name "":
  [36m<p[39m
    [33mclass[39m=[32m"mt-2"[39m
  [36m/>[39m

  Name "":
  [36m<p />[39m

  Name "":
  [36m<p[39m
    [33mclass[39m=[32m"mt-2 break-all"[39m
  [36m/>[39m

  --------------------------------------------------
  heading:

  Name "SYNTHETIC implementation report":
  [36m<h1[39m
    [33mclass[39m=[32m"mt-2 text-4xl font-semibold"[39m
  [36m/>[39m

  Name "Reporting period":
  [36m<h2[39m
    [33mclass[39m=[32m"text-2xl font-semibold"[39m
  [36m/>[39m

  Name "Frozen action-status snapshot":
  [36m<h2[39m
    [33mclass[39m=[32m"text-2xl font-semibold"[39m
  [36m/>[39m

  Name "SYNTHETIC saved action":
  [36m<h3[39m
    [33mclass[39m=[32m"font-semibold"[39m
  [36m/>[39m

  --------------------------------------------------
  button:

  Name "Print report":
  [36m<button[39m
    [33mclass[39m=[32m"inline-flex items-center justify-center gap-2 whitespace-nowrap border text-sm font-semibold transition-all duration-200 disabled:pointer-events-none disabled:opacity-50 [&_svg]:pointer-events-none [&_svg:not([class*='size-'])]:size-4 shrink-0 [&_svg]:shrink-0 outline-none focus-visible:outline-none focus-visible:ring-3 focus-visible:ring-offset-2 focus-visible:ring-offset-background border-primary/12 bg-primary text-primary-foreground hover:bg-[color:var(--pine-deep)] focus-visible:ring-[color:var(--focus-ring-light)]/45 h-10 px-4.5 py-2 has-[>svg]:px-3.5"[39m
    [33mdata-size[39m=[32m"default"[39m
    [33mdata-slot[39m=[32m"button"[39m
    [33mdata-variant[39m=[32m"default"[39m
  [36m/>[39m

  --------------------------------------------------
  link:

  Name "Download source JSON":
  [36m<a[39m
    [33mclass[39m=[32m"inline-flex items-center justify-center gap-2 whitespace-nowrap border text-sm font-semibold transition-all duration-200 disabled:pointer-events-none disabled:opacity-50 [&_svg]:pointer-events-none [&_svg:not([class*='size-'])]:size-4 shrink-0 [&_svg]:shrink-0 outline-none focus-visible:outline-none focus-visible:ring-3 focus-visible:ring-offset-2 focus-visible:ring-offset-background border-[color:color-mix(in_srgb,var(--line)_84%,var(--ink)_16%)] bg-background text-[color:var(--ink)] hover:border-[color:var(--pine)] hover:bg-[color:color-mix(in_srgb,var(--pine)_8%,var(--background))] hover:text-[color:var(--pine-deep)] focus-visible:ring-[color:var(--focus-ring-light)]/45 h-10 px-4.5 py-2 has-[>svg]:px-3.5"[39m
    [33mdata-size[39m=[32m"default"[39m
    [33mdata-slot[39m=[32m"button"[39m
    [33mdata-variant[39m=[32m"outline"[39m
    [33mdownload[39m=[32m"openplan-report-23000000-0000-4000-8000-000000000003-provenance.json"[39m
    [33mhref[39m=[32m"/api/reports/23000000-0000-4000-8000-000000000003/provenance"[39m
  [36m/>[39m

  Name "Open plan workbench":
  [36m<a[39m
    [33mclass[39m=[32m"inline-flex items-center justify-center gap-2 whitespace-nowrap border text-sm font-semibold transition-all duration-200 disabled:pointer-events-none disabled:opacity-50 [&_svg]:pointer-events-none [&_svg:not([class*='size-'])]:size-4 shrink-0 [&_svg]:shrink-0 outline-none focus-visible:outline-none focus-visible:ring-3 focus-visible:ring-offset-2 focus-visible:ring-offset-background border-[color:color-mix(in_srgb,var(--line)_84%,var(--ink)_16%)] bg-background text-[color:var(--ink)] hover:border-[color:var(--pine)] hover:bg-[color:color-mix(in_srgb,var(--pine)_8%,var(--background))] hover:text-[color:var(--pine-deep)] focus-visible:ring-[color:var(--focus-ring-light)]/45 h-10 px-4.5 py-2 has-[>svg]:px-3.5"[39m
    [33mdata-size[39m=[32m"default"[39m
    [33mdata-slot[39m=[32m"button"[39m
    [33mdata-variant[39m=[32m"outline"[39m
    [33mhref[39m=[32m"/land-use-plans/23000000-0000-4000-8000-000000000001"[39m
  [36m/>[39m

  --------------------------------------------------
  article:

  Name "":
  [36m<article[39m
    [33mclass[39m=[32m"mt-4 rounded-lg border p-4"[39m
  [36m/>[39m

  --------------------------------------------------
  term:

  Name "":
  [36m<dt[39m
    [33mclass[39m=[32m"text-muted-foreground"[39m
  [36m/>[39m

  Name "":
  [36m<dt[39m
    [33mclass[39m=[32m"text-muted-foreground"[39m
  [36m/>[39m

  --------------------------------------------------
  definition:

  Name "":
  [36m<dd />[39m

  Name "":
  [36m<dd />[39m

  --------------------------------------------------
  contentinfo:

  Name "":
  [36m<footer[39m
    [33mclass[39m=[32m"mt-10 border-t pt-5 text-xs text-muted-foreground"[39m
  [36m/>[39m

  --------------------------------------------------

Ignored nodes: comments, script, style
[36m<body>[39m
  [36m<div>[39m
    [36m<div[39m
      [33mclass[39m=[32m"mx-auto min-w-0 w-full max-w-4xl [overflow-wrap:anywhere] p-5 md:p-10 print:max-w-none print:p-0"[39m
    [36m>[39m
      [36m<header[39m
        [33mclass[39m=[32m"border-b pb-7"[39m
      [36m>[39m
        [36m<p[39m
          [33mclass[39m=[32m"text-sm font-semibold uppercase tracking-wide text-muted-foreground"[39m
        [36m>[39m
          [0mImplementation report[0m
        [36m</p>[39m
        [36m<h1[39m
          [33mclass[39m=[32m"mt-2 text-4xl font-semibold"[39m
        [36m>[39m
          [0mSYNTHETIC implementation report[0m
        [36m</h1>[39m
        [36m<p[39m
          [33mclass[39m=[32m"mt-3 text-lg"[39m
        [36m>[39m
          [0mSYNTHETIC adopted title[0m
        [36m</p>[39m
        [36m<p[39m
          [33mclass[39m=[32m"mt-1 text-muted-foreground"[39m
        [36m>[39m
          [0mSYNTHETIC adopted authority[0m
          [0m · [0m
          [0mSYNTHETIC adopted geography[0m
        [36m</p>[39m
        [36m<p[39m
          [33mclass[39m=[32m"mt-4"[39m
        [36m>[39m
          [0mSYNTHETIC retained summary[0m
        [36m</p>[39m
        [36m<div[39m
          [33mclass[39m=[32m"mt-5 flex flex-wrap gap-3 print:hidden"[39m
        [36m>[39m
          [36m<button[39m
            [33mclass[39m=[32m"inline-flex items-center justify-center gap-2 whitespace-nowrap border text-sm font-semibold transition-all duration-200 disabled:pointer-events-none disabled:opacity-50 [&_svg]:pointer-events-none [&_svg:not([class*='size-'])]:size-4 shrink-0 [&_svg]:shrink-0 outline-none focus-visible:outline-none focus-visible:ring-3 focus-visible:ring-offset-2 focus-visible:ring-offset-background border-primary/12 bg-primary text-primary-foreground hover:bg-[color:var(--pine-deep)] focus-visible:ring-[color:var(--focus-ring-light)]/45 h-10 px-4.5 py-2 has-[>svg]:px-3.5"[39m
            [33mdata-size[39m=[32m"default"[39m
            [33mdata-slot[39m=[32m"button"[39m
            [33mdata-variant[39m=[32m"default"[39m
          [36m>[39m
            [0mPrint report[0m
          [36m</button>[39m
          [36m<a[39m
            [33mclass[39m=[32m"inline-flex items-center justify-center gap-2 whitespace-nowrap border text-sm font-semibold transition-all duration-200 disabled:pointer-events-none disabled:opacity-50 [&_svg]:pointer-events-none [&_svg:not([class*='size-'])]:size-4 shrink-0 [&_svg]:shrink-0 outline-none focus-visible:outline-none focus-visible:ring-3 focus-visible:ring-offset-2 focus-visible:ring-offset-background border-[color:color-mix(in_srgb,var(--line)_84%,var(--ink)_16%)] bg-background text-[color:var(--ink)] hover:border-[color:var(--pine)] hover:bg-[color:color-mix(in_srgb,var(--pine)_8%,var(--background))] hover:text-[color:var(--pine-deep)] focus-visible:ring-[color:var(--focus-ring-light)]/45 h-10 px-4.5 py-2 has-[>svg]:px-3.5"[39m
            [33mdata-size[39m=[32m"default"[39m
            [33mdata-slot[39m=[32m"button"[39m
            [33mdata-variant[39m=[32m"outline"[39m
            [33mdownload[39m=[32m"openplan-report-23000000-0000-4000-8000-000000000003-provenance.json"[39m
            [33mhref[39m=[32m"/api/reports/23000000-0000-4000-8000-000000000003/provenance"[39m
          [36m>[39m
            [0mDownload source JSON[0m
          [36m</a>[39m
          [36m<a[39m
            [33mclass[39m=[32m"inline-flex items-center justify-center gap-2 whitespace-nowrap border text-sm font-semibold transition-all duration-200 disabled:pointer-events-none disabled:opacity-50 [&_svg]:pointer-events-none [&_svg:not([class*='size-'])]:size-4 shrink-0 [&_svg]:shrink-0 outline-none focus-visible:outline-none focus-visible:ring-3 focus-visible:ring-offset-2 focus-visible:ring-offset-background border-[color:color-mix(in_srgb,var(--line)_84%,var(--ink)_16%)] bg-background text-[color:var(--ink)] hover:border-[color:var(--pine)] hover:bg-[color:color-mix(in_srgb,var(--pine)_8%,var(--background))] hover:text-[color:var(--pine-deep)] focus-visible:ring-[color:var(--focus-ring-light)]/45 h-10 px-4.5 py-2 has-[>svg]:px-3.5"[39m
            [33mdata-size[39m=[32m"default"[39m
            [33mdata-slot[39m=[32m"button"[39m
            [33mdata-variant[39m=[32m"outline"[39m
            [33mhref[39m=[32m"/land-use-plans/23000000-0000-4000-8000-000000000001"[39m
          [36m>[39m
            [0mOpen plan workbench[0m
          [36m</a>[39m
        [36m</div>[39m
      [36m</header>[39m
      [36m<section[39m
        [33mclass[39m=[32m"mt-8"[39m
      [36m>[39m
        [36m<h2[39m
          [33mclass[39m=[32m"text-2xl font-semibold"[39m
        [36m>[39m
          [0mReporting period[0m
        [36m</h2>[39m
        [36m<p[39m
          [33mclass[39m=[32m"mt-2"[39m
        [36m>[39m
          [0m2026-01-01[0m
          [0m through [0m
          [0m2026-09-30[0m
        [36m</p>[39m
        [36m<p[39m
          [33mclass[39m=[32m"mt-2 break-all text-xs text-muted-foreground"[39m
        [36m>[39m
          [0mAdopted plan hash: [0m
          [0m567fe00ef75a2aa11dae976d27d48e58fbadd2c327d5ce5b37a226f36c09dcc4[0m
        [36m</p>[39m
      [36m</section>[39m
      [36m<section[39m
        [33mclass[39m=[32m"mt-9 border-t pt-7"[39m
      [36m>[39m
        [36m<h2[39m
          [33mclass[39m=[32m"text-2xl font-semibold"[39m
        [36m>[39m
          [0mFrozen action-status snapshot[0m
        [36m</h2>[39m
        [36m<article[39m
          [33mclass[39m=[32m"mt-4 rounded-lg border p-4"[39m
        [36m>[39m
          [36m<h3[39m
            [33mclass[39m=[32m"font-semibold"[39m
          [36m>[39m
            [0mSYNTHETIC saved action[0m
          [36m</h3>[39m
          [36m<p[39m
            [33mclass[39m=[32m"mt-1 text-sm"[39m
          [36m>[39m
            [0mStatus: [0m
            [0mcompleted[0m
            [0m · due 2026-12-01[0m
          [36m</p>[39m
          [36m<p[39m
            [33mclass[39m=[32m"mt-2"[39m
          [36m>[39m
            [0mRetained implementation detail[0m
          [36m</p>[39m
          [36m<dl[39m
            [33mclass[39m=[32m"mt-3 grid gap-3 text-sm sm:grid-cols-2"[39m
          [36m>[39m
            [36m<div>[39m
              [36m<dt[39m
                [33mclass[39m=[32m"text-muted-foreground"[39m
              [36m>[39m
                [0mResponsible party at reporting[0m
              [36m</dt>[39m
              [36m<dd>[39m
                [0mSYNTHETIC responsible team[0m
              [36m</dd>[39m
            [36m</div>[39m
            [36m<div>[39m
              [36m<dt[39m
                [33mclass[39m=[32m"text-muted-foreground"[39m
              [36m>[39m
                [0mLast action update retained[0m
              [36m</dt>[39m
              [36m<dd>[39m
                [0m2026-09-29T12:34:56+00:00[0m
              [36m</dd>[39m
            [36m</div>[39m
          [36m</dl>[39m
        [36m</article>[39m
      [36m</section>[39m
      [36m<footer[39m
        [33mclass[39m=[32m"mt-10 border-t pt-5 text-xs text-muted-foreground"[39m
      [36m>[39m
        [36m<p>[39m
          [0mGenerated [0m
          [0m2026-10-07[0m
          [0m. Consultation details, confidential notes, and sensitive-location flags are not part of this report.[0m
        [36m</p>[39m
        [36m<p[39m
          [33mclass[39m=[32m"mt-2 break-all"[39m
        [36m>[39m
          [0mReport ID [0m
          [0m23000000-0000-4000-8000-000000000003[0m
        [36m</p>[39m
      [36m</footer>[39m
    [36m</div>[39m
  [36m</div>[39m
[36m</body>[39m
 ❯ Object.getElementError ../../land-use-plan-context-20261007/openplan/node_modules/@testing-library/dom/dist/config.js:37:19
 ❯ ../../land-use-plan-context-20261007/openplan/node_modules/@testing-library/dom/dist/query-helpers.js:76:38
 ❯ ../../land-use-plan-context-20261007/openplan/node_modules/@testing-library/dom/dist/query-helpers.js:52:17
 ❯ ../../land-use-plan-context-20261007/openplan/node_modules/@testing-library/dom/dist/query-helpers.js:95:19
 ❯ src/test/land-use-implementation-report-custody.test.tsx:82:33
     80|   it("discloses absent legacy context without using current context", …
     81|     delete frozen.planContext; version().content_hash = hashFrozenReco…
     82|     await show(); expect(screen.getByRole("region", { name: "Context n…
       |                                 ^
     83|     expect(screen.queryByText(syntheticPlanContext().place.label)).toB…
     84|   });

⎯⎯⎯⎯⎯⎯⎯⎯⎯⎯⎯⎯⎯⎯⎯⎯⎯⎯⎯⎯⎯⎯⎯⎯[2/4]⎯


 Test Files  1 failed (1)
      Tests  4 failed | 37 passed (41)
   Start at  12:58:09
   Duration  1.54s (transform 161ms, setup 54ms, import 363ms, tests 697ms, environment 335ms)

