
 RUN  v4.1.11 /home/nathaniel/.local/state/openplan/land-use-plan-kinds-20261007/openplan

 ❯ src/test/land-use-implementation-report-custody.test.tsx (41 tests | 1 failed) 660ms
     × accepts jsonb key reordering without inventing a new historical hash 5ms

⎯⎯⎯⎯⎯⎯⎯ Failed Tests 1 ⎯⎯⎯⎯⎯⎯⎯

 FAIL  src/test/land-use-implementation-report-custody.test.tsx > implementation report retains verified history > accepts jsonb key reordering without inventing a new historical hash
TestingLibraryElementError: Unable to find an element with the text: SYNTHETIC saved action. This could be because the text is broken up by multiple elements. In this case, you can provide a function for your text matcher to make your matcher more flexible.

Ignored nodes: comments, script, style
[36m<body>[39m
  [36m<div>[39m
    [36m<div[39m
      [33mclass[39m=[32m"mx-auto max-w-3xl p-8"[39m
    [36m>[39m
      [36m<h1[39m
        [33mclass[39m=[32m"text-3xl font-semibold"[39m
      [36m>[39m
        [0mThis implementation report could not be verified[0m
      [36m</h1>[39m
      [36m<p[39m
        [33mclass[39m=[32m"mt-4"[39m
        [33mrole[39m=[32m"alert"[39m
      [36m>[39m
        [0mThe saved report does not match its implementation history and adopted plan version. OpenPlan withheld the report content. This does not establish whether the agency completed any action.[0m
      [36m</p>[39m
    [36m</div>[39m
  [36m</div>[39m
[36m</body>[39m
 ❯ Object.getElementError ../../land-use-plan-context-20261007/openplan/node_modules/@testing-library/dom/dist/config.js:37:19
 ❯ ../../land-use-plan-context-20261007/openplan/node_modules/@testing-library/dom/dist/query-helpers.js:76:38
 ❯ ../../land-use-plan-context-20261007/openplan/node_modules/@testing-library/dom/dist/query-helpers.js:52:17
 ❯ ../../land-use-plan-context-20261007/openplan/node_modules/@testing-library/dom/dist/query-helpers.js:95:19
 ❯ src/test/land-use-implementation-report-custody.test.tsx:78:33
     76|     metadata.snapshot = Object.fromEntries(Object.entries(snapshot).re…
     77|     native().action_status_snapshot = [Object.fromEntries(Object.entri…
     78|     await show(); expect(screen.getByText("SYNTHETIC saved action")).t…
       |                                 ^
     79|   });
     80|   it("discloses absent legacy context without using current context", …

⎯⎯⎯⎯⎯⎯⎯⎯⎯⎯⎯⎯⎯⎯⎯⎯⎯⎯⎯⎯⎯⎯⎯⎯[1/1]⎯


 Test Files  1 failed (1)
      Tests  1 failed | 40 passed (41)
   Start at  12:57:51
   Duration  1.54s (transform 183ms, setup 56ms, import 394ms, tests 660ms, environment 336ms)

