
 RUN  v4.1.11 /home/nathaniel/.local/state/openplan/land-use-creation-20261007/openplan

 ❯ src/test/a-column-nothing-reads-is-a-question.test.ts (5 tests | 1 failed) 760ms
     × finds no unread column that is not accounted for 204ms
 ❯ src/test/migrations/inventory.test.ts (29 tests | 1 failed) 199ms
     × reads every relation the migrations declare 4ms
 ❯ src/test/migrations/release-ordering.test.ts (6 tests | 1 failed) 15ms
     × the CHANGELOG's Unreleased section names every migration landed since the newest tag 6ms

⎯⎯⎯⎯⎯⎯⎯ Failed Tests 3 ⎯⎯⎯⎯⎯⎯⎯

 FAIL  src/test/a-column-nothing-reads-is-a-question.test.ts > a column the application never reads has to say why > finds no unread column that is not accounted for
AssertionError: these columns exist and nothing in the application ever names them. Each is either dead schema, something written and never surfaced, or a capability the schema implies and the code never built. Read it, delete it, or add it to UNREAD_COLUMNS with which of the three it is.: expected [ …(3) ] to deeply equal []

- Expected
+ Received

- []
+ [
+   "land_use_plan_creation_commands.command_text",
+   "land_use_plan_creation_commands.descriptor_sha256",
+   "land_use_plan_creation_commands.descriptor_text",
+ ]

 ❯ src/test/a-column-nothing-reads-is-a-question.test.ts:409:7
    407|         "code never built. Read it, delete it, or add it to UNREAD_COL…
    408|         "it is."
    409|     ).toEqual([]);
       |       ^
    410|   });
    411|

⎯⎯⎯⎯⎯⎯⎯⎯⎯⎯⎯⎯⎯⎯⎯⎯⎯⎯⎯⎯⎯⎯⎯⎯[1/3]⎯

 FAIL  src/test/migrations/inventory.test.ts > migration schema inventory > reads every relation the migrations declare
AssertionError: expected [ …(297) ] to have a length of 296 but got 297

- Expected
+ Received

- 296
+ 297

 ❯ src/test/migrations/inventory.test.ts:811:32
    809| describe("migration schema inventory", () => {
    810|   it("reads every relation the migrations declare", () => {
    811|     expect(schema.relations()).toHaveLength(EXPECTED.relations);
       |                                ^
    812|     expect(schema.tables()).toHaveLength(EXPECTED.tables);
    813|     expect(schema.views()).toHaveLength(EXPECTED.views);

⎯⎯⎯⎯⎯⎯⎯⎯⎯⎯⎯⎯⎯⎯⎯⎯⎯⎯⎯⎯⎯⎯⎯⎯[2/3]⎯

 FAIL  src/test/migrations/release-ordering.test.ts > released migration ordering > the CHANGELOG's Unreleased section names every migration landed since the newest tag
AssertionError: Every migration landed since the newest tag must be named in the CHANGELOG's Unreleased section — that section is what an operator reads to know what to run before deploying. Missing: 20261016000007_land_use_plan_creation_commands.sql: expected [ Array(1) ] to deeply equal []

- Expected
+ Received

- []
+ [
+   "20261016000007_land_use_plan_creation_commands.sql",
+ ]

 ❯ src/test/migrations/release-ordering.test.ts:607:7
    605|         "section — that section is what an operator reads to know what…
    606|         `Missing: ${missing.join(", ")}`
    607|     ).toEqual([]);
       |       ^
    608|   });
    609|

⎯⎯⎯⎯⎯⎯⎯⎯⎯⎯⎯⎯⎯⎯⎯⎯⎯⎯⎯⎯⎯⎯⎯⎯[3/3]⎯


 Test Files  3 failed | 2 passed (5)
      Tests  3 failed | 62 passed (65)
   Start at  06:15:10
   Duration  5.63s (transform 195ms, setup 184ms, import 702ms, tests 2.61s, environment 1.63s)

