
 RUN  v4.1.11 /home/nathaniel/.local/state/openplan/land-use-plan-kinds-20261007/openplan

 ❯ src/test/land-use-plan-report-custody.test.tsx (17 tests | 3 failed) 417ms
     × shows the adopted recorded identity and context, independent of later labels 191ms
     × shows the superseded recorded identity and context, independent of later labels 60ms
     × shows the repealed recorded identity and context, independent of later labels 36ms

⎯⎯⎯⎯⎯⎯⎯ Failed Tests 3 ⎯⎯⎯⎯⎯⎯⎯

 FAIL  src/test/land-use-plan-report-custody.test.tsx > adopted plan report custody > shows the adopted recorded identity and context, independent of later labels
 FAIL  src/test/land-use-plan-report-custody.test.tsx > adopted plan report custody > shows the superseded recorded identity and context, independent of later labels
 FAIL  src/test/land-use-plan-report-custody.test.tsx > adopted plan report custody > shows the repealed recorded identity and context, independent of later labels
Error: expect(element).toHaveAttribute("download", "openplan-report-22000000-0000-4000-8000-000000000003-provenance.json") // element.getAttribute("download") === "openplan-report-22000000-0000-4000-8000-000000000003-provenance.json"

Expected the element to have attribute:
  download="openplan-report-22000000-0000-4000-8000-000000000003-provenance.json"
Received:
  null
 ❯ src/test/land-use-plan-report-custody.test.tsx:55:72
     53|     expect(screen.queryByText(/SYNTHETIC later/)).toBeNull();
     54|     expect(screen.getByRole("region", { name: "Context retained with t…
     55|     expect(screen.getByRole("link", { name: "Download source JSON" }))…
       |                                                                        ^
     56|     expect(screen.getByRole("link", { name: "Download source JSON" }))…
     57|     expect(screen.getByRole("heading", { name: "SYNTHETIC report title…

⎯⎯⎯⎯⎯⎯⎯⎯⎯⎯⎯⎯⎯⎯⎯⎯⎯⎯⎯⎯⎯⎯⎯⎯[1/3]⎯


 Test Files  1 failed (1)
      Tests  3 failed | 14 passed (17)
   Start at  11:54:09
   Duration  1.15s (transform 119ms, setup 54ms, import 264ms, tests 417ms, environment 324ms)

