
 RUN  v4.1.11 /home/nathaniel/.local/state/openplan/land-use-plan-kinds-20261007/openplan

 ❯ src/test/land-use-plan-report-custody.test.tsx (17 tests | 3 failed) 455ms
     × shows the adopted recorded identity and context, independent of later labels 205ms
     × shows the superseded recorded identity and context, independent of later labels 72ms
     × shows the repealed recorded identity and context, independent of later labels 67ms

⎯⎯⎯⎯⎯⎯⎯ Failed Tests 3 ⎯⎯⎯⎯⎯⎯⎯

 FAIL  src/test/land-use-plan-report-custody.test.tsx > adopted plan report custody > shows the adopted recorded identity and context, independent of later labels
 FAIL  src/test/land-use-plan-report-custody.test.tsx > adopted plan report custody > shows the superseded recorded identity and context, independent of later labels
 FAIL  src/test/land-use-plan-report-custody.test.tsx > adopted plan report custody > shows the repealed recorded identity and context, independent of later labels
AssertionError: expected { …(3) } to deeply equal { …(3) }

- Expected
+ Received

@@ -2,13 +2,9 @@
    "filters": [
      [
        "id",
        "22000000-0000-4000-8000-000000000002",
      ],
-     [
-       "plan_id",
-       "22000000-0000-4000-8000-000000000001",
-     ],
    ],
    "projection": "id, plan_id, version_number, state, content_hash, published_report_id",
    "table": "land_use_plan_versions",
  }

 ❯ src/test/land-use-plan-report-custody.test.tsx:58:69


⎯⎯⎯⎯⎯⎯⎯⎯⎯⎯⎯⎯⎯⎯⎯⎯⎯⎯⎯⎯⎯⎯⎯⎯[1/3]⎯


 Test Files  1 failed (1)
      Tests  3 failed | 14 passed (17)
   Start at  11:56:26
   Duration  1.21s (transform 117ms, setup 56ms, import 258ms, tests 455ms, environment 342ms)

