baseline True
harmless True
bypass-all-verification True
bypass-implementation True
bypass-decision True
bypass-auth-error True
ignore-artifact-plan-signal True
ignore-artifact-kind-signal True
force-unrelated-validation True
omit-artifact-projection True
omit-artifact-filter True
reverse-artifact-order True
omit-artifact-limit True
omit-attachment-header True
omit-no-store True
false-content-type True
false-success-invalid-id True
false-success-signed-out True
false-success-report-error True
false-success-report-missing True
false-success-membership True
false-success-artifact-error True
false-success-artifact-missing True
extracted-legacy-not-disclosed True
extracted-partial-record-as-legacy True
extracted-partial-record-as-legacy-2 True
extracted-ignore-native-plan_id True
extracted-ignore-native-version_id True
extracted-ignore-native-version_content_hash True
extracted-ignore-native-adoption_manifest_hash True
extracted-ignore-native-review_release_id True
extracted-ignore-manifest-planId True
extracted-ignore-manifest-versionId True
extracted-ignore-manifest-versionContentHash True
extracted-ignore-manifest-reviewReleaseId True
extracted-ignore-full-record-decision True
extracted-ignore-full-record-evidence True
extracted-order-sensitive-comparison True
extracted-ignore-read-error True
extracted-fabricate-missing-native True
extracted-accept-invalid-date True
extracted-accept-invalid-hash True
extracted-omit-vote-missing True
extracted-omit-effective-missing True
extracted-omit-native-projection True
extracted-omit-query-plan_id True
extracted-omit-query-version_id True
extracted-omit-query-adoption_manifest_hash True
