baseline True
harmless True
origin True
expected-actor True
expected-workspace True
viewer True
auth-failure True
normalization True
body-bound True
status True
no-store True
draft-collision True
draft-lost-write True
request-collision True
request-lost-write True
draft-consistency True
outer-scope True
draft-scope True
key-match True
retained-before-send True
Traceback (most recent call last):
  File "/home/nathaniel/.local/state/openplan/t3-restart-recovery-20261006/land-use-authority/creation-ui-controls-final.py", line 80, in <module>
    assert source.count(old)==1,(name,source.count(old));source=source.replace(old,new)
           ^^^^^^^^^^^^^^^^^^^^
AssertionError: ('transport-workspace', 2)
