baseline True
harmless True
confirmation-collision True
ui-review True
ui-reset-review True
ui-retain-first True
ui-duplicate-after-confirmation True
ui-current-rules True
page-writer True
agent-x-openplan-assistant-execution-source True
agent-x-openplan-assistant-input-hash True
agent-x-openplan-assistant-approval-id True
stop-replayed True
stop-actor True
stop-workspace True
stop-id True
stop-bytes True
stop-date True
stop-created-identity True
import-trust True
stop-retention-collision True
stop-retention-write True
stop-intent-required True
stop-forbids-create True
stop-status True
stop-confirm-collision True
stop-ui-route True
stop-ui-restore True
stop-route-origin True
stop-route-viewer True
stop-route-actor True
stop-route-workspace True
stop-route-id True
stop-route-normalization True
stop-route-size True
stop-agent-x-openplan-assistant-execution-source True
stop-agent-x-openplan-assistant-input-hash True
stop-agent-x-openplan-assistant-approval-id True
