
> openplan@0.67.0 test
> vitest run --maxWorkers=1 src/test/engagement-synthesis-progress-plan.test.ts


 RUN  v4.1.11 <app>

 ❯ src/test/engagement-synthesis-progress-plan.test.ts (16 tests | 14 failed) 299ms
     × compares the seal before the header and every exact saved task 25ms
     × reads beyond the first task page without a silent limit 183ms
     × keeps missing and partially staged preparation separate from complete tasks 6ms
     × rejects different header request_id even without any selected output 8ms
     × rejects different header header_text even without any selected output 6ms
     × rejects different header header_sha256 even without any selected output 6ms
     × rejects changed task request_id 6ms
     × rejects changed task task_index 5ms
     × rejects changed task task_text 6ms
     × rejects changed task task_sha256 7ms
     × rejects changed task task_bytes 7ms
     × rejects changed task cumulative_bytes 7ms
     × rejects changed task chain_sha256 7ms
     × rejects a sealed missing task, extra task and missing header 7ms

 Test Files  1 failed (1)
      Tests  14 failed | 2 passed (16)
   Start at  00:04:58
   Duration  1.02s (transform 117ms, setup 54ms, import 165ms, tests 299ms, environment 327ms)


⎯⎯⎯⎯⎯⎯ Failed Tests 14 ⎯⎯⎯⎯⎯⎯⎯

 FAIL  src/test/engagement-synthesis-progress-plan.test.ts > saved segment plan custody for progress > compares the seal before the header and every exact saved task
AssertionError: expected 'request_id,header_text' to be 'request_id,header_text,header_sha256' // Object.is equality

Expected: "request_id,header_text,header_sha256"
Received: "request_id,header_text"

 ❯ Object.select src/test/engagement-synthesis-progress-plan.test.ts:28:55
     26|     tables.push(table); let after = -1;
     27|     const query = {
     28|       select(projection: string) { expect(projection).toBe(columns[tab…
       |                                                       ^
     29|       eq(column: string, value: string) { expect([column, value]).toEq…
     30|       gt(column: string, value: number) { expect(column).toBe("task_in…
 ❯ readSynthesisProgressPlan src/lib/engagement/synthesis-progress-plan-server.ts:29:6
 ❯ src/test/engagement-synthesis-progress-plan.test.ts:47:33

⎯⎯⎯⎯⎯⎯⎯⎯⎯⎯⎯⎯⎯⎯⎯⎯⎯⎯⎯⎯⎯⎯⎯[1/14]⎯

 FAIL  src/test/engagement-synthesis-progress-plan.test.ts > saved segment plan custody for progress > reads beyond the first task page without a silent limit
AssertionError: expected 'request_id,header_text' to be 'request_id,header_text,header_sha256' // Object.is equality

Expected: "request_id,header_text,header_sha256"
Received: "request_id,header_text"

 ❯ Object.select src/test/engagement-synthesis-progress-plan.test.ts:28:55
     26|     tables.push(table); let after = -1;
     27|     const query = {
     28|       select(projection: string) { expect(projection).toBe(columns[tab…
       |                                                       ^
     29|       eq(column: string, value: string) { expect([column, value]).toEq…
     30|       gt(column: string, value: number) { expect(column).toBe("task_in…
 ❯ readSynthesisProgressPlan src/lib/engagement/synthesis-progress-plan-server.ts:29:6
 ❯ src/test/engagement-synthesis-progress-plan.test.ts:53:12

⎯⎯⎯⎯⎯⎯⎯⎯⎯⎯⎯⎯⎯⎯⎯⎯⎯⎯⎯⎯⎯⎯⎯[2/14]⎯

 FAIL  src/test/engagement-synthesis-progress-plan.test.ts > saved segment plan custody for progress > keeps missing and partially staged preparation separate from complete tasks
AssertionError: expected 'request_id,header_text' to be 'request_id,header_text,header_sha256' // Object.is equality

Expected: "request_id,header_text,header_sha256"
Received: "request_id,header_text"

 ❯ Object.select src/test/engagement-synthesis-progress-plan.test.ts:28:55
     26|     tables.push(table); let after = -1;
     27|     const query = {
     28|       select(projection: string) { expect(projection).toBe(columns[tab…
       |                                                       ^
     29|       eq(column: string, value: string) { expect([column, value]).toEq…
     30|       gt(column: string, value: number) { expect(column).toBe("task_in…
 ❯ readSynthesisProgressPlan src/lib/engagement/synthesis-progress-plan-server.ts:29:6
 ❯ src/test/engagement-synthesis-progress-plan.test.ts:57:12

⎯⎯⎯⎯⎯⎯⎯⎯⎯⎯⎯⎯⎯⎯⎯⎯⎯⎯⎯⎯⎯⎯⎯[3/14]⎯

 FAIL  src/test/engagement-synthesis-progress-plan.test.ts > saved segment plan custody for progress > rejects different header request_id even without any selected output
 FAIL  src/test/engagement-synthesis-progress-plan.test.ts > saved segment plan custody for progress > rejects different header header_text even without any selected output
 FAIL  src/test/engagement-synthesis-progress-plan.test.ts > saved segment plan custody for progress > rejects different header header_sha256 even without any selected output
AssertionError: expected [Function] to throw error including 'plan differs' but got 'expected \'request_id,header_text\' t…'

Expected: "plan differs"
Received: "expected 'request_id,header_text' to be 'request_id,header_text,header_sha256' // Object.is equality"

 ❯ src/test/engagement-synthesis-progress-plan.test.ts:62:25
     60|   it.each(["request_id", "header_text", "header_sha256"])("rejects dif…
     61|     const f = fixture(); f.data.header![field] = field === "header_tex…
     62|     await expect(f.run()).rejects.toThrow("plan differs");
       |                         ^
     63|   });
     64|   it.each(["request_id", "task_index", "task_text", "task_sha256", "ta…

⎯⎯⎯⎯⎯⎯⎯⎯⎯⎯⎯⎯⎯⎯⎯⎯⎯⎯⎯⎯⎯⎯⎯[4/14]⎯

 FAIL  src/test/engagement-synthesis-progress-plan.test.ts > saved segment plan custody for progress > rejects changed task request_id
 FAIL  src/test/engagement-synthesis-progress-plan.test.ts > saved segment plan custody for progress > rejects changed task task_index
 FAIL  src/test/engagement-synthesis-progress-plan.test.ts > saved segment plan custody for progress > rejects changed task task_text
 FAIL  src/test/engagement-synthesis-progress-plan.test.ts > saved segment plan custody for progress > rejects changed task task_sha256
 FAIL  src/test/engagement-synthesis-progress-plan.test.ts > saved segment plan custody for progress > rejects changed task task_bytes
 FAIL  src/test/engagement-synthesis-progress-plan.test.ts > saved segment plan custody for progress > rejects changed task cumulative_bytes
 FAIL  src/test/engagement-synthesis-progress-plan.test.ts > saved segment plan custody for progress > rejects changed task chain_sha256
AssertionError: expected [Function] to throw error including 'task differs' but got 'expected \'request_id,header_text\' t…'

Expected: "task differs"
Received: "expected 'request_id,header_text' to be 'request_id,header_text,header_sha256' // Object.is equality"

 ❯ src/test/engagement-synthesis-progress-plan.test.ts:67:25
     65|     const f = fixture(), task = f.data.tasks[0];
     66|     task[field] = field === "request_id" ? sourceScope.requestId : fie…
     67|     await expect(f.run()).rejects.toThrow("task differs");
       |                         ^
     68|   });
     69|   it("rejects a sealed missing task, extra task and missing header", a…

⎯⎯⎯⎯⎯⎯⎯⎯⎯⎯⎯⎯⎯⎯⎯⎯⎯⎯⎯⎯⎯⎯⎯[5/14]⎯

 FAIL  src/test/engagement-synthesis-progress-plan.test.ts > saved segment plan custody for progress > rejects a sealed missing task, extra task and missing header
AssertionError: expected [Function] to throw error including 'seal is incomplete' but got 'expected \'request_id,header_text\' t…'

Expected: "seal is incomplete"
Received: "expected 'request_id,header_text' to be 'request_id,header_text,header_sha256' // Object.is equality"

 ❯ src/test/engagement-synthesis-progress-plan.test.ts:70:84
     68|   });
     69|   it("rejects a sealed missing task, extra task and missing header", a…
     70|     const missing = fixture(); missing.data.tasks.pop(); await expect(…
       |                                                                                    ^
     71|     const extra = fixture(); extra.data.tasks.push({ ...extra.data.tas…
     72|     const header = fixture(); header.data.header = null; await expect(…

⎯⎯⎯⎯⎯⎯⎯⎯⎯⎯⎯⎯⎯⎯⎯⎯⎯⎯⎯⎯⎯⎯⎯[6/14]⎯
