
 RUN  v4.1.11 /home/nathaniel/.local/state/openplan/land-use-plan-kinds-20261007/openplan

Review reminder: jurisdiction readiness registry review expired on 2026-09-28
Review reminder: capability matrix review expired on 2026-10-05
Review reminder: capability registry review expired on 2026-10-05
Review reminder: latest review covers v0.66.0; package is v0.67.0
Review reminder: latest direction review predates substantive changes: .gitattributes, LICENSE-NOTICE.md, docs/ARCHITECTURE.md, docs/README.md, docs/ops/BCA_WORKBENCH.md, docs/research/BCA_PROGRAM_METHODS_2026-10-06.md, docs/reviews/2026-10-06-bca/METHOD_FOLLOWUP.md, docs/reviews/2026-10-06-bca/METHOD_REVIEW.md
Review reminder: jurisdiction readiness registry review expired on 2026-09-28
Review reminder: capability matrix review expired on 2026-10-05
Review reminder: capability registry review expired on 2026-10-05
Review reminder: latest review covers v0.66.0; package is v0.67.0
Review reminder: latest direction review predates substantive changes: .gitattributes, LICENSE-NOTICE.md, docs/ARCHITECTURE.md, docs/README.md, docs/ops/BCA_WORKBENCH.md, docs/research/BCA_PROGRAM_METHODS_2026-10-06.md, docs/reviews/2026-10-06-bca/METHOD_FOLLOWUP.md, docs/reviews/2026-10-06-bca/METHOD_REVIEW.md
Review reminder: jurisdiction readiness registry review expired on 2026-09-28
Review reminder: latest review expired on 2026-11-06
Review reminder: capability matrix review expired on 2026-10-05
Review reminder: capability registry review expired on 2026-10-05
Review reminder: latest review covers v0.66.0; package is v0.67.0
Review reminder: latest direction review predates substantive changes: .gitattributes, LICENSE-NOTICE.md, docs/ARCHITECTURE.md, docs/README.md, docs/ops/BCA_WORKBENCH.md, docs/research/BCA_PROGRAM_METHODS_2026-10-06.md, docs/reviews/2026-10-06-bca/METHOD_FOLLOWUP.md, docs/reviews/2026-10-06-bca/METHOD_REVIEW.md
Review reminder: jurisdiction readiness registry review expired on 2026-09-28
Review reminder: capability matrix review expired on 2026-10-05
Review reminder: capability registry review expired on 2026-10-05
Review reminder: latest review covers v0.66.0; package is v0.67.0
Review reminder: latest direction review predates substantive changes: .gitattributes, LICENSE-NOTICE.md, docs/ARCHITECTURE.md, docs/README.md, docs/ops/BCA_WORKBENCH.md, docs/research/BCA_PROGRAM_METHODS_2026-10-06.md, docs/reviews/2026-10-06-bca/METHOD_FOLLOWUP.md, docs/reviews/2026-10-06-bca/METHOD_REVIEW.md

 Test Files  5 passed (5)
      Tests  77 passed (77)
   Start at  07:27:10
   Duration  4.15s (transform 372ms, setup 180ms, import 675ms, tests 1.23s, environment 1.63s)

