
 RUN  v4.1.11 /home/nathaniel/.local/state/openplan/land-use-plan-context-20261007/openplan

 ❯ src/test/land-use-plan-context.test.ts (21 tests | 1 failed) 29ms
     × refuses source-free assessment, unsafe links and invented client attribution 7ms

⎯⎯⎯⎯⎯⎯⎯ Failed Tests 1 ⎯⎯⎯⎯⎯⎯⎯

 FAIL  src/test/land-use-plan-context.test.ts > plan-owned applicability > refuses source-free assessment, unsafe links and invented client attribution
AssertionError: expected true to be false // Object.is equality

- Expected
+ Received

- false
+ true

 ❯ src/test/land-use-plan-context.test.ts:54:66
     52|  it("refuses source-free assessment, unsafe links and invented client …
     53|   const value=assessed();if(value.applicability.status==="staff_assess…
     54|   expect(planAuthorityAssessmentSchema.safeParse(value).success).toBe(…
       |                                                                  ^
     55|   const unsafe=assessed();unsafe.authorities[0].sourceUrls=["javascrip…
     56|   expect(planContextCommandSchema.safeParse({...command(),savedBy:id(9…

⎯⎯⎯⎯⎯⎯⎯⎯⎯⎯⎯⎯⎯⎯⎯⎯⎯⎯⎯⎯⎯⎯⎯⎯[1/1]⎯


 Test Files  1 failed (1)
      Tests  1 failed | 20 passed (21)
   Start at  03:04:13
   Duration  707ms (transform 96ms, setup 51ms, import 127ms, tests 29ms, environment 348ms)

