
 RUN  v4.1.11 /home/nathaniel/.local/state/openplan/land-use-plan-context-20261007/openplan

 ❯ src/test/land-use-plan-context.test.ts (21 tests | 1 failed) 23ms
     × keeps uploaded geometry without inventing legal identity 6ms

⎯⎯⎯⎯⎯⎯⎯ Failed Tests 1 ⎯⎯⎯⎯⎯⎯⎯

 FAIL  src/test/land-use-plan-context.test.ts > study place capture and attributed context > keeps uploaded geometry without inventing legal identity
AssertionError: expected { source: 'drawn', kind: null, …(6) } to match object { source: 'uploaded_file', …(5) }
(6 matching properties omitted from actual)

- Expected
+ Received

@@ -23,8 +23,8 @@
      ],
      "type": "Polygon",
    },
    "kind": null,
    "ref": null,
-   "source": "uploaded_file",
+   "source": "drawn",
    "subdivisionCode": null,
  }

 ❯ src/test/land-use-plan-context.test.ts:68:32
     66|   const value={...command(),place:{...command().place,mode}};
     67|   const result=await preparePlanContext(value,ca,id(3));expect(result.…
     68|   expect(result.context.place).toMatchObject({source:mode==="drawn"?"d…
       |                                ^
     69|   expect(result.context.savedBy).toBe(id(3));expect(Number.isNaN(Date.…
     70|   expect(resolve).not.toHaveBeenCalled();

⎯⎯⎯⎯⎯⎯⎯⎯⎯⎯⎯⎯⎯⎯⎯⎯⎯⎯⎯⎯⎯⎯⎯⎯[1/1]⎯


 Test Files  1 failed (1)
      Tests  1 failed | 20 passed (21)
   Start at  03:04:25
   Duration  634ms (transform 96ms, setup 61ms, import 122ms, tests 23ms, environment 331ms)

