
 RUN  v4.1.11 /home/nathaniel/.local/state/openplan/land-use-plan-context-20261007/openplan

 ❯ src/test/land-use-plan-context.test.ts (21 tests | 1 failed) 23ms
     × refuses unsupported authority before resolving the independent study place 5ms

⎯⎯⎯⎯⎯⎯⎯ Failed Tests 1 ⎯⎯⎯⎯⎯⎯⎯

 FAIL  src/test/land-use-plan-context.test.ts > study place capture and attributed context > refuses unsupported authority before resolving the independent study place
AssertionError: expected { ok: true, context: { …(5) } } to match object { ok: false, status: 409 }
(6 matching properties omitted from actual)

- Expected
+ Received

  {
-   "ok": false,
-   "status": 409,
+   "ok": true,
  }

 ❯ src/test/land-use-plan-context.test.ts:90:52
     88|  it("refuses unsupported authority before resolving the independent st…
     89|   const value=command();value.assessment.authorities[0].jurisdiction={…
     90|   expect(await preparePlanContext(value,ca,id(3))).toMatchObject({ok:f…
       |                                                    ^
     91|  });
     92|  it("rejects projected coordinates, open rings and client-supplied res…

⎯⎯⎯⎯⎯⎯⎯⎯⎯⎯⎯⎯⎯⎯⎯⎯⎯⎯⎯⎯⎯⎯⎯⎯[1/1]⎯


 Test Files  1 failed (1)
      Tests  1 failed | 20 passed (21)
   Start at  03:04:22
   Duration  694ms (transform 103ms, setup 55ms, import 134ms, tests 23ms, environment 330ms)

