
 RUN  v4.1.11 /home/nathaniel/.local/state/openplan/land-use-creation-20261007/openplan

 ❯ src/test/migrations/inventory.test.ts (29 tests | 1 failed) 196ms
     × reads every relation the migrations declare 5ms

⎯⎯⎯⎯⎯⎯⎯ Failed Tests 1 ⎯⎯⎯⎯⎯⎯⎯

 FAIL  src/test/migrations/inventory.test.ts > migration schema inventory > reads every relation the migrations declare
AssertionError: expected [ …(284) ] to have a length of 283 but got 284

- Expected
+ Received

- 283
+ 284

 ❯ src/test/migrations/inventory.test.ts:818:65
    816|     expect(schema.tables()).toHaveLength(EXPECTED.tables);
    817|     expect(schema.views()).toHaveLength(EXPECTED.views);
    818|     expect(schema.tables().filter((t) => schema.rlsEnabled(t))).toHave…
       |                                                                 ^
    819|   });
    820|

⎯⎯⎯⎯⎯⎯⎯⎯⎯⎯⎯⎯⎯⎯⎯⎯⎯⎯⎯⎯⎯⎯⎯⎯[1/1]⎯


 Test Files  1 failed | 2 passed (3)
      Tests  1 failed | 39 passed (40)
   Start at  07:00:22
   Duration  2.93s (transform 100ms, setup 120ms, import 546ms, tests 963ms, environment 981ms)

