
> openplan@0.67.0 test
> vitest run --maxWorkers=1 src/test/font-preload-source.test.ts


 RUN  v4.1.11 <app>

 ❯ src/test/font-preload-source.test.ts (1 test | 1 failed) 6ms
     × uses one Space Grotesk next/font variable for both display and body text 5ms

 Test Files  1 failed (1)
      Tests  1 failed (1)
   Start at  23:57:52
   Duration  487ms (transform 26ms, setup 54ms, import 8ms, tests 6ms, environment 324ms)


⎯⎯⎯⎯⎯⎯⎯ Failed Tests 1 ⎯⎯⎯⎯⎯⎯⎯

 FAIL  src/test/font-preload-source.test.ts > font preload source wiring > uses one Space Grotesk next/font variable for both display and body text
AssertionError: expected [ …(2) ] to have a length of 1 but got 2

- Expected
+ Received

- 1
+ 2

 ❯ src/test/font-preload-source.test.ts:14:81
     12| describe("font preload source wiring", () => {
     13|   it("uses one Space Grotesk next/font variable for both display and b…
     14|     expect(layoutSource.match(/const\s+spaceGrotesk\s*=\s*localFont\(/…
       |                                                                                 ^
     15|     expect(layoutSource.match(/const\s+jetBrainsMono\s*=\s*localFont\(…
     16|     expect(layoutSource).toContain('from "next/font/local"');

⎯⎯⎯⎯⎯⎯⎯⎯⎯⎯⎯⎯⎯⎯⎯⎯⎯⎯⎯⎯⎯⎯⎯⎯[1/1]⎯
