
 RUN  v4.1.11 /home/nathaniel/.local/state/openplan/land-use-plan-context-20261007/openplan

 ❯ src/test/land-use-plan-context-route.test.ts (31 tests | 1 failed) 41ms
     × saves exact normalized command bytes under server-authenticated scope 16ms

 Test Files  1 failed | 1 passed (2)
      Tests  1 failed | 51 passed (52)
   Start at  03:34:25
   Duration  1.35s (transform 187ms, setup 86ms, import 310ms, tests 58ms, environment 653ms)


⎯⎯⎯⎯⎯⎯⎯ Failed Tests 1 ⎯⎯⎯⎯⎯⎯⎯

 FAIL  src/test/land-use-plan-context-route.test.ts > plan context route > saves exact normalized command bytes under server-authenticated scope
AssertionError: expected [ { …(3) } ] to deeply equal [ { …(3) } ]

- Expected
+ Received

@@ -7,14 +7,10 @@
        ],
        [
          "workspace_id",
          "10000000-0000-4000-8000-000000000004",
        ],
-       [
-         "command_id",
-         "10000000-0000-4000-8000-000000000005",
-       ],
      ],
      "projection": "command_id",
      "table": "land_use_plan_context_commands",
    },
  ]

 ❯ src/test/land-use-plan-context-route.test.ts:70:21
     68|     expect(response.headers.get("cache-control")).toBe("private, no-st…
     69|     expect(mocks.access).toHaveBeenCalledWith(planId, { write: true });
     70|     expect(queries).toEqual([{ table: "land_use_plan_context_commands"…
       |                     ^
     71|       filters: [["plan_id", planId], ["workspace_id", workspaceId], ["…
     72|     expect(mocks.rpc).toHaveBeenCalledWith("save_land_use_plan_context…

⎯⎯⎯⎯⎯⎯⎯⎯⎯⎯⎯⎯⎯⎯⎯⎯⎯⎯⎯⎯⎯⎯⎯⎯[1/1]⎯

