
 RUN  v4.1.11 /home/nathaniel/.local/state/openplan/land-use-plan-context-20261007/openplan

 ❯ src/test/land-use-plan-context-route.test.ts (31 tests | 1 failed) 37ms
     × keeps legacy null distinct from missing, invalid or unreadable context 5ms
 ❯ src/test/land-use-plan-context.test.ts (21 tests | 1 failed) 22ms
     × keeps stored absence and malformed attributed context distinct from a valid copy 5ms

 Test Files  2 failed (2)
      Tests  2 failed | 50 passed (52)
   Start at  03:34:56
   Duration  1.35s (transform 191ms, setup 90ms, import 313ms, tests 59ms, environment 648ms)


⎯⎯⎯⎯⎯⎯⎯ Failed Tests 2 ⎯⎯⎯⎯⎯⎯⎯

 FAIL  src/test/land-use-plan-context-route.test.ts > plan context route > keeps legacy null distinct from missing, invalid or unreadable context
AssertionError: expected 200 to be 503 // Object.is equality

- Expected
+ Received

- 503
+ 200

 ❯ src/test/land-use-plan-context-route.test.ts:158:105
    156|     ] as const) {
    157|       tables.land_use_plans = { data: { ...planRow(), ...patch }, erro…
    158|       const response = await GET(new NextRequest("http://localhost"), …
       |                                                                                                         ^
    159|       if (status === 200) expect((await response.json()).contextState)…
    160|     }

⎯⎯⎯⎯⎯⎯⎯⎯⎯⎯⎯⎯⎯⎯⎯⎯⎯⎯⎯⎯⎯⎯⎯⎯[1/2]⎯

 FAIL  src/test/land-use-plan-context.test.ts > study place capture and attributed context > keeps stored absence and malformed attributed context distinct from a valid copy
AssertionError: expected { status: 'legacy' } to deeply equal { status: 'invalid' }

- Expected
+ Received

  {
-   "status": "invalid",
+   "status": "legacy",
  }

 ❯ src/test/land-use-plan-context.test.ts:101:43
     99|   const result=await preparePlanContext(command(),ca,id(3));if(!result…
    100|   expect(readSavedPlanContext(result.context)).toEqual({status:"retain…
    101|   expect(readSavedPlanContext(undefined)).toEqual({status:"invalid"});
       |                                           ^
    102|   expect(readSavedPlanContext({...result.context,savedBy:"client label…
    103|   expect(readSavedPlanContext({...result.context,place:{...result.cont…

⎯⎯⎯⎯⎯⎯⎯⎯⎯⎯⎯⎯⎯⎯⎯⎯⎯⎯⎯⎯⎯⎯⎯⎯[2/2]⎯

