
 RUN  v4.1.11 /home/nathaniel/.local/state/openplan/land-use-plan-context-20261007/openplan

 ❯ src/test/land-use-plan-context-route.test.ts (31 tests | 2 failed) 37ms
     × reads the exact retained context and required projections through the user client 4ms
     × keeps legacy null distinct from missing, invalid or unreadable context 1ms

 Test Files  1 failed | 1 passed (2)
      Tests  2 failed | 50 passed (52)
   Start at  03:34:47
   Duration  1.36s (transform 189ms, setup 86ms, import 322ms, tests 55ms, environment 656ms)


⎯⎯⎯⎯⎯⎯⎯ Failed Tests 2 ⎯⎯⎯⎯⎯⎯⎯

 FAIL  src/test/land-use-plan-context-route.test.ts > plan context route > reads the exact retained context and required projections through the user client
AssertionError: expected 503 to be 200 // Object.is equality

- Expected
+ Received

- 200
+ 503

 ❯ src/test/land-use-plan-context-route.test.ts:143:29
    141|   it("reads the exact retained context and required projections throug…
    142|     const response = await GET(new NextRequest(`http://localhost/api/l…
    143|     expect(response.status).toBe(200); expect(await response.json()).t…
       |                             ^
    144|       contextState: { status: "retained", context: retained }, context…
    145|       descriptorId: command.descriptorId, planKindKey: command.planKin…

⎯⎯⎯⎯⎯⎯⎯⎯⎯⎯⎯⎯⎯⎯⎯⎯⎯⎯⎯⎯⎯⎯⎯⎯[1/2]⎯

 FAIL  src/test/land-use-plan-context-route.test.ts > plan context route > keeps legacy null distinct from missing, invalid or unreadable context
AssertionError: expected 503 to be 200 // Object.is equality

- Expected
+ Received

- 200
+ 503

 ❯ src/test/land-use-plan-context-route.test.ts:158:105
    156|     ] as const) {
    157|       tables.land_use_plans = { data: { ...planRow(), ...patch }, erro…
    158|       const response = await GET(new NextRequest("http://localhost"), …
       |                                                                                                         ^
    159|       if (status === 200) expect((await response.json()).contextState)…
    160|     }

⎯⎯⎯⎯⎯⎯⎯⎯⎯⎯⎯⎯⎯⎯⎯⎯⎯⎯⎯⎯⎯⎯⎯⎯[2/2]⎯

