
 RUN  v4.1.11 /home/nathaniel/.local/state/openplan/land-use-plan-kinds-20261007/openplan

 ❯ src/test/land-use-implementation-report-transaction-rls.test.ts (2 tests | 1 failed) 3007ms
   × creates one implementation report atomically and replays only exact currently permitted requests 1403ms

⎯⎯⎯⎯⎯⎯⎯ Failed Tests 1 ⎯⎯⎯⎯⎯⎯⎯

 FAIL  src/test/land-use-implementation-report-transaction-rls.test.ts > creates one implementation report atomically and replays only exact currently permitted requests
AssertionError: ERROR:  changed retry bytes denied: accepted
CONTEXT:  PL/pgSQL function pg_temp_91.report_refuses(text,text,text) line 7 at RAISE
SQL statement "SELECT pg_temp.report_refuses(format('SELECT public.create_land_use_plan_implementation_report(%L,%L,%L,%L,%L,NULL)',plan,workspace,actor,command_id,raw||' '),'PT409','changed retry bytes denied')"
PL/pgSQL function inline_code_block line 129 at PERFORM
: expected 3 to be +0 // Object.is equality

- Expected
+ Received

- 0
+ 3

 ❯ src/test/land-use-implementation-report-transaction-rls.test.ts:17:78
     15|     input: `BEGIN; SET LOCAL statement_timeout='15s'; ${migration}\n${…
     16|   });
     17|   expect(result.error).toBeUndefined(); expect(result.status, result.s…
       |                                                                              ^
     18|   expect(result.stdout).toContain("atomic implementation report verifi…
     19| }, 30_000);

⎯⎯⎯⎯⎯⎯⎯⎯⎯⎯⎯⎯⎯⎯⎯⎯⎯⎯⎯⎯⎯⎯⎯⎯[1/1]⎯


 Test Files  1 failed (1)
      Tests  1 failed | 1 passed (2)
   Start at  13:42:02
   Duration  3.53s (transform 40ms, setup 60ms, import 39ms, tests 3.01s, environment 326ms)

