
 RUN  v4.1.11 /home/nathaniel/.local/state/openplan/land-use-frozen-rules-20261007/openplan

 ❯ src/test/land-use-plan-frozen-rules-integration.test.ts (11 tests | 1 failed) 30ms
     × refuses substituted frozen bytes before adoption 4ms

⎯⎯⎯⎯⎯⎯⎯ Failed Tests 1 ⎯⎯⎯⎯⎯⎯⎯

 FAIL  src/test/land-use-plan-frozen-rules-integration.test.ts > adoption of the reviewed descriptor > refuses substituted frozen bytes before adoption
AssertionError: expected 200 to be 409 // Object.is equality

- Expected
+ Received

- 409
+ 200

 ❯ src/test/land-use-plan-frozen-rules-integration.test.ts:149:29
    147|     else rehash();
    148|     const response = await adopt();
    149|     expect(response.status).toBe(409);
       |                             ^
    150|     expect((await response.json()).error).toContain("content or identi…
    151|     expect(state.rpc).not.toHaveBeenCalled();

⎯⎯⎯⎯⎯⎯⎯⎯⎯⎯⎯⎯⎯⎯⎯⎯⎯⎯⎯⎯⎯⎯⎯⎯[1/1]⎯


 Test Files  1 failed | 3 passed (4)
      Tests  1 failed | 52 passed (53)
   Start at  02:39:37
   Duration  2.43s (transform 141ms, setup 153ms, import 337ms, tests 232ms, environment 1.29s)

