▲ Next.js 16.3.8 (webpack)
- Local:         http://localhost:3197
- Network:       http://192.168.1.32:3197
- Environments: .env.local
✓ Ready in 281ms
✓ Running next.config.ts took 24ms

 GET /sign-up 200 in 3.6s (next.js: 3.1s, proxy.ts: 208ms, application-code: 284ms)
 GET /sign-in?created=1&redirect=%2Fdashboard 200 in 675ms (next.js: 495ms, proxy.ts: 153ms, application-code: 27ms)
 GET /sign-in?created=1&redirect=%2Fdashboard 200 in 71ms (next.js: 3ms, proxy.ts: 44ms, application-code: 25ms)
○ Compiling /dashboard ...
 GET /dashboard 200 in 6.2s (next.js: 5.2s, proxy.ts: 43ms, application-code: 1009ms)
 GET /dashboard 200 in 605ms (next.js: 3ms, proxy.ts: 48ms, application-code: 554ms)
{"ts":"2026-10-02T03:21:29.517Z","subsystem":"openplan/api","route":"map-features.projects","level":"info","event":"project_markers_loaded","requestId":"87b50df9-25f6-4086-98a9-20448ef0fcfa","method":"GET","path":"/api/map-features/projects","userAgent":"Mozilla/5.0 (X11; Linux x86_64) AppleWebKit/537.36 (KHTML, like Gecko) T3Code(Alpha)/0.0.44 Chrome/152.0.7977.130 Electron/44.4.2 Safari/537.36","clientIp":"::1","context":{"workspaceId":"699e8b60-d186-4b9e-8167-5816eca25728","count":0,"durationMs":86}}
 GET /api/map-features/projects 200 in 2.6s (next.js: 2.3s, proxy.ts: 70ms, application-code: 197ms)
{"ts":"2026-10-02T03:21:29.523Z","subsystem":"openplan/api","route":"map-features.census-tracts","level":"info","event":"census_tract_choropleth_unscoped","requestId":"1bcacb72-3423-4997-845f-6e8bbde7d7de","method":"GET","path":"/api/map-features/census-tracts","userAgent":"Mozilla/5.0 (X11; Linux x86_64) AppleWebKit/537.36 (KHTML, like Gecko) T3Code(Alpha)/0.0.44 Chrome/152.0.7977.130 Electron/44.4.2 Safari/537.36","clientIp":"::1","context":{"scopeState":"geography_not_set","durationMs":92}}
 GET /api/map-features/census-tracts 200 in 2.6s (next.js: 2.3s, proxy.ts: 54ms, application-code: 199ms)
{"ts":"2026-10-02T03:21:29.525Z","subsystem":"openplan/api","route":"map-features.aerial-missions","level":"info","event":"aerial_mission_aois_loaded","requestId":"d5989564-e4a5-4123-bbc3-e10f6f77bd6d","method":"GET","path":"/api/map-features/aerial-missions","userAgent":"Mozilla/5.0 (X11; Linux x86_64) AppleWebKit/537.36 (KHTML, like Gecko) T3Code(Alpha)/0.0.44 Chrome/152.0.7977.130 Electron/44.4.2 Safari/537.36","clientIp":"::1","context":{"workspaceId":"699e8b60-d186-4b9e-8167-5816eca25728","count":0,"durationMs":97}}
 GET /api/map-features/aerial-missions 200 in 2.6s (next.js: 2.3s, proxy.ts: 70ms, application-code: 202ms)
{"ts":"2026-10-02T03:21:29.526Z","subsystem":"openplan/api","route":"map-features.rtp-cycles","level":"info","event":"rtp_cycle_pins_loaded","requestId":"2f504acb-d677-46fd-95f3-6f085861e42e","method":"GET","path":"/api/map-features/rtp-cycles","userAgent":"Mozilla/5.0 (X11; Linux x86_64) AppleWebKit/537.36 (KHTML, like Gecko) T3Code(Alpha)/0.0.44 Chrome/152.0.7977.130 Electron/44.4.2 Safari/537.36","clientIp":"::1","context":{"workspaceId":"699e8b60-d186-4b9e-8167-5816eca25728","count":0,"durationMs":95}}
 GET /api/map-features/rtp-cycles 200 in 2.6s (next.js: 2.3s, proxy.ts: 53ms, application-code: 202ms)
 GET /api/workspace-gis/layers 200 in 2.6s (next.js: 2.3s, proxy.ts: 57ms, application-code: 204ms)
{"ts":"2026-10-02T03:21:29.529Z","subsystem":"openplan/api","route":"map-features.corridors","level":"info","event":"project_corridors_loaded","requestId":"5c9c5cce-3b41-41fd-a6c8-5ea7bb60045b","method":"GET","path":"/api/map-features/corridors","userAgent":"Mozilla/5.0 (X11; Linux x86_64) AppleWebKit/537.36 (KHTML, like Gecko) T3Code(Alpha)/0.0.44 Chrome/152.0.7977.130 Electron/44.4.2 Safari/537.36","clientIp":"::1","context":{"workspaceId":"699e8b60-d186-4b9e-8167-5816eca25728","count":0,"durationMs":99}}
 GET /api/map-features/corridors 200 in 2.6s (next.js: 2.3s, proxy.ts: 65ms, application-code: 206ms)
{"ts":"2026-10-02T03:21:31.410Z","subsystem":"openplan/api","route":"map-features.project-areas","level":"info","event":"project_areas_loaded","requestId":"73cf0068-a4b3-4b1b-a769-23c2fc39ce73","method":"GET","path":"/api/map-features/project-areas","userAgent":"Mozilla/5.0 (X11; Linux x86_64) AppleWebKit/537.36 (KHTML, like Gecko) T3Code(Alpha)/0.0.44 Chrome/152.0.7977.130 Electron/44.4.2 Safari/537.36","clientIp":"::1","context":{"workspaceId":"699e8b60-d186-4b9e-8167-5816eca25728","count":0,"droppedCount":0,"durationMs":135}}
 GET /api/map-features/project-areas 200 in 1882ms (next.js: 1445ms, proxy.ts: 52ms, application-code: 385ms)
{"ts":"2026-10-02T03:21:31.434Z","subsystem":"openplan/api","route":"runs.get","level":"info","event":"runs_fetched","requestId":"562935d2-a0f7-46eb-a04c-439469077169","method":"GET","path":"/api/runs","userAgent":"Mozilla/5.0 (X11; Linux x86_64) AppleWebKit/537.36 (KHTML, like Gecko) T3Code(Alpha)/0.0.44 Chrome/152.0.7977.130 Electron/44.4.2 Safari/537.36","clientIp":"::1","context":{"workspaceId":"699e8b60-d186-4b9e-8167-5816eca25728","userId":"54e605b1-758d-4796-b9ba-e23b3fd68a05","runCount":0,"limit":25,"durationMs":157}}
 GET /api/runs?workspaceId=699e8b60-d186-4b9e-8167-5816eca25728&limit=25 200 in 1904ms (next.js: 1445ms, proxy.ts: 53ms, application-code: 406ms)
{"ts":"2026-10-02T03:21:31.437Z","subsystem":"openplan/api","route":"map-features.engagement","level":"info","event":"engagement_items_loaded","requestId":"4ae6cac5-ba51-4a5c-b902-1b851a66b563","method":"GET","path":"/api/map-features/engagement","userAgent":"Mozilla/5.0 (X11; Linux x86_64) AppleWebKit/537.36 (KHTML, like Gecko) T3Code(Alpha)/0.0.44 Chrome/152.0.7977.130 Electron/44.4.2 Safari/537.36","clientIp":"::1","context":{"workspaceId":"699e8b60-d186-4b9e-8167-5816eca25728","count":0,"durationMs":157}}
 GET /api/map-features/engagement 200 in 1904ms (next.js: 1436ms, proxy.ts: 59ms, application-code: 408ms)
{"ts":"2026-10-02T03:21:31.441Z","subsystem":"openplan/api","route":"map-layers.aerial-orthos","level":"info","event":"aerial_ortho_catalog_loaded","requestId":"7d4d5e29-7f5f-460a-8a73-8d4902570d63","method":"GET","path":"/api/map-layers/aerial-orthos","userAgent":"Mozilla/5.0 (X11; Linux x86_64) AppleWebKit/537.36 (KHTML, like Gecko) T3Code(Alpha)/0.0.44 Chrome/152.0.7977.130 Electron/44.4.2 Safari/537.36","clientIp":"::1","context":{"workspaceId":"699e8b60-d186-4b9e-8167-5816eca25728","state":"absent","layerCount":0,"matchedRows":0,"capped":false,"durationMs":163}}
 GET /api/map-layers/aerial-orthos 200 in 1911ms (next.js: 1444ms, proxy.ts: 54ms, application-code: 414ms)
{"ts":"2026-10-02T03:21:31.445Z","subsystem":"openplan/api","route":"map-features.crashes","level":"info","event":"crash_layer_loaded","requestId":"fb119c75-988e-4d2c-8038-488fa5d6fb83","method":"GET","path":"/api/map-features/crashes","userAgent":"Mozilla/5.0 (X11; Linux x86_64) AppleWebKit/537.36 (KHTML, like Gecko) T3Code(Alpha)/0.0.44 Chrome/152.0.7977.130 Electron/44.4.2 Safari/537.36","clientIp":"::1","context":{"workspaceId":"699e8b60-d186-4b9e-8167-5816eca25728","count":0,"matchedCount":0,"droppedCount":0,"scopeState":"coverage_unknown","acquisitionState":"none","acquiredAreaCount":0,"acquiredAreasOutsideHome":0,"durationMs":166}}
 GET /api/map-features/crashes 200 in 1912ms (next.js: 1437ms, proxy.ts: 59ms, application-code: 417ms)
{"ts":"2026-10-02T03:21:31.512Z","subsystem":"openplan/api","route":"assistant.context.get","level":"info","event":"context_loaded","requestId":"0f07d32d-6d6a-48af-8d29-ff2020efca6e","method":"GET","path":"/api/assistant/context","userAgent":"Mozilla/5.0 (X11; Linux x86_64) AppleWebKit/537.36 (KHTML, like Gecko) T3Code(Alpha)/0.0.44 Chrome/152.0.7977.130 Electron/44.4.2 Safari/537.36","clientIp":"::1","context":{"kind":"workspace","resourceId":null,"workspaceId":"699e8b60-d186-4b9e-8167-5816eca25728","userId":"54e605b1-758d-4796-b9ba-e23b3fd68a05","durationMs":231}}
 GET /api/assistant/context?kind=workspace&workspaceId=699e8b60-d186-4b9e-8167-5816eca25728 200 in 1983ms (next.js: 1448ms, proxy.ts: 50ms, application-code: 484ms)
{"ts":"2026-10-02T03:21:31.626Z","subsystem":"openplan/api","route":"map-features.projects","level":"info","event":"project_markers_loaded","requestId":"f5220365-6c11-434d-b256-c0248eb7e4a5","method":"GET","path":"/api/map-features/projects","userAgent":"Mozilla/5.0 (X11; Linux x86_64) AppleWebKit/537.36 (KHTML, like Gecko) T3Code(Alpha)/0.0.44 Chrome/152.0.7977.130 Electron/44.4.2 Safari/537.36","clientIp":"::1","context":{"workspaceId":"699e8b60-d186-4b9e-8167-5816eca25728","count":0,"durationMs":70}}
 GET /api/map-features/projects 200 in 175ms (next.js: 6ms, proxy.ts: 95ms, application-code: 75ms)
{"ts":"2026-10-02T03:21:31.667Z","subsystem":"openplan/api","route":"map-features.census-tracts","level":"info","event":"census_tract_choropleth_unscoped","requestId":"a6d19ee0-8e3d-4096-a462-04a50923a61d","method":"GET","path":"/api/map-features/census-tracts","userAgent":"Mozilla/5.0 (X11; Linux x86_64) AppleWebKit/537.36 (KHTML, like Gecko) T3Code(Alpha)/0.0.44 Chrome/152.0.7977.130 Electron/44.4.2 Safari/537.36","clientIp":"::1","context":{"scopeState":"geography_not_set","durationMs":82}}
 GET /api/map-features/census-tracts 200 in 207ms (next.js: 18ms, proxy.ts: 102ms, application-code: 87ms)
{"ts":"2026-10-02T03:21:31.668Z","subsystem":"openplan/api","route":"map-features.aerial-missions","level":"info","event":"aerial_mission_aois_loaded","requestId":"5ea48dfb-de73-4046-951c-8a6eb58006e1","method":"GET","path":"/api/map-features/aerial-missions","userAgent":"Mozilla/5.0 (X11; Linux x86_64) AppleWebKit/537.36 (KHTML, like Gecko) T3Code(Alpha)/0.0.44 Chrome/152.0.7977.130 Electron/44.4.2 Safari/537.36","clientIp":"::1","context":{"workspaceId":"699e8b60-d186-4b9e-8167-5816eca25728","count":0,"durationMs":74}}
 GET /api/map-features/aerial-missions 200 in 209ms (next.js: 27ms, proxy.ts: 104ms, application-code: 79ms)
{"ts":"2026-10-02T03:21:31.671Z","subsystem":"openplan/api","route":"map-features.rtp-cycles","level":"info","event":"rtp_cycle_pins_loaded","requestId":"e56f1c87-4b46-4c36-960e-fd7f56476b3f","method":"GET","path":"/api/map-features/rtp-cycles","userAgent":"Mozilla/5.0 (X11; Linux x86_64) AppleWebKit/537.36 (KHTML, like Gecko) T3Code(Alpha)/0.0.44 Chrome/152.0.7977.130 Electron/44.4.2 Safari/537.36","clientIp":"::1","context":{"workspaceId":"699e8b60-d186-4b9e-8167-5816eca25728","count":0,"durationMs":96}}
 GET /api/map-features/rtp-cycles 200 in 211ms (next.js: 11ms, proxy.ts: 101ms, application-code: 100ms)
{"ts":"2026-10-02T03:21:31.679Z","subsystem":"openplan/api","route":"map-features.corridors","level":"info","event":"project_corridors_loaded","requestId":"4a0aa38d-bfcf-49e8-8447-7543362a7608","method":"GET","path":"/api/map-features/corridors","userAgent":"Mozilla/5.0 (X11; Linux x86_64) AppleWebKit/537.36 (KHTML, like Gecko) T3Code(Alpha)/0.0.44 Chrome/152.0.7977.130 Electron/44.4.2 Safari/537.36","clientIp":"::1","context":{"workspaceId":"699e8b60-d186-4b9e-8167-5816eca25728","count":0,"durationMs":61}}
 GET /api/map-features/corridors 200 in 161ms (next.js: 5ms, proxy.ts: 92ms, application-code: 65ms)
 GET /api/workspace-gis/layers 200 in 203ms (next.js: 34ms, proxy.ts: 83ms, application-code: 86ms)
{"ts":"2026-10-02T03:21:31.735Z","subsystem":"openplan/api","route":"runs.get","level":"info","event":"runs_fetched","requestId":"92222b2b-1fff-4f07-be4e-53df062d23d4","method":"GET","path":"/api/runs","userAgent":"Mozilla/5.0 (X11; Linux x86_64) AppleWebKit/537.36 (KHTML, like Gecko) T3Code(Alpha)/0.0.44 Chrome/152.0.7977.130 Electron/44.4.2 Safari/537.36","clientIp":"::1","context":{"workspaceId":"699e8b60-d186-4b9e-8167-5816eca25728","userId":"54e605b1-758d-4796-b9ba-e23b3fd68a05","runCount":0,"limit":25,"durationMs":52}}
 GET /api/runs?workspaceId=699e8b60-d186-4b9e-8167-5816eca25728&limit=25 200 in 106ms (next.js: 5ms, proxy.ts: 47ms, application-code: 54ms)
{"ts":"2026-10-02T03:21:31.801Z","subsystem":"openplan/api","route":"assistant.context.get","level":"info","event":"context_loaded","requestId":"b7a5c7dd-eaaf-403a-b9b7-c7d34db19511","method":"GET","path":"/api/assistant/context","userAgent":"Mozilla/5.0 (X11; Linux x86_64) AppleWebKit/537.36 (KHTML, like Gecko) T3Code(Alpha)/0.0.44 Chrome/152.0.7977.130 Electron/44.4.2 Safari/537.36","clientIp":"::1","context":{"kind":"workspace","resourceId":null,"workspaceId":"699e8b60-d186-4b9e-8167-5816eca25728","userId":"54e605b1-758d-4796-b9ba-e23b3fd68a05","durationMs":77}}
 GET /api/assistant/context?kind=workspace&workspaceId=699e8b60-d186-4b9e-8167-5816eca25728 200 in 128ms (next.js: 1.6ms, proxy.ts: 47ms, application-code: 80ms)
 GET /api/health 200 in 724ms (next.js: 697ms, proxy.ts: 6ms, application-code: 21ms)
 GET /projects 200 in 3.0s (next.js: 2.5s, proxy.ts: 167ms, application-code: 360ms)
[?25h
