
 RUN  v4.1.11 /home/nathaniel/.local/state/openplan/land-use-plan-kinds-20261007/openplan

 ❯ src/test/land-use-plan-report-map.test.tsx (48 tests | 1 failed) 220ms
     × refuses malformed or unsupported viewport 10,,12,35 4ms

⎯⎯⎯⎯⎯⎯⎯ Failed Tests 1 ⎯⎯⎯⎯⎯⎯⎯

 FAIL  src/test/land-use-plan-report-map.test.tsx > historical report map read > refuses malformed or unsupported viewport 10,,12,35
AssertionError: expected 200 to be 400 // Object.is equality

- Expected
+ Received

- 400
+ 200

 ❯ src/test/land-use-plan-report-map.test.tsx:119:44
    117|   });
    118|   it.each(["", "10,,12,35", "-181,0,-170,5", "0,0,0,1", "170,-10,-170,…
    119|     expect((await request(bounds)).status).toBe(400); expect(mocks.cre…
       |                                            ^
    120|   });
    121|   it("distinguishes a feature read failure from an empty map", async (…

⎯⎯⎯⎯⎯⎯⎯⎯⎯⎯⎯⎯⎯⎯⎯⎯⎯⎯⎯⎯⎯⎯⎯⎯[1/1]⎯


 Test Files  1 failed (1)
      Tests  1 failed | 47 passed (48)
   Start at  12:28:10
   Duration  997ms (transform 151ms, setup 53ms, import 307ms, tests 220ms, environment 320ms)

