
 RUN  v4.1.11 /home/nathaniel/.local/state/openplan/land-use-plan-kinds-20261007/openplan

 ❯ src/test/land-use-plan-report-map.test.tsx (48 tests | 2 failed) 212ms
     × refuses missing membership before reading features 4ms
     × refuses unrecognized role before reading features 1ms

⎯⎯⎯⎯⎯⎯⎯ Failed Tests 2 ⎯⎯⎯⎯⎯⎯⎯

 FAIL  src/test/land-use-plan-report-map.test.tsx > historical report map read > refuses missing membership before reading features
 FAIL  src/test/land-use-plan-report-map.test.tsx > historical report map read > refuses unrecognized role before reading features
AssertionError: expected 200 to be 403 // Object.is equality

- Expected
+ Received

- 403
+ 200

 ❯ src/test/land-use-plan-report-map.test.tsx:102:73
    100|     ["changed GIS feature hash", 503, () => { rows.workspace_gis_layer…
    101|   ] as const)("refuses %s before reading features", async (_name, stat…
    102|     mutate(); const response = await request(); expect(response.status…
       |                                                                         ^
    103|     expect(mocks.rpc).not.toHaveBeenCalled(); expect(mocks.service).no…
    104|     expect(JSON.stringify(await response.json())).not.toContain("PRIVA…

⎯⎯⎯⎯⎯⎯⎯⎯⎯⎯⎯⎯⎯⎯⎯⎯⎯⎯⎯⎯⎯⎯⎯⎯[1/2]⎯


 Test Files  1 failed (1)
      Tests  2 failed | 46 passed (48)
   Start at  12:28:00
   Duration  984ms (transform 143ms, setup 57ms, import 295ms, tests 212ms, environment 326ms)

