
 RUN  v4.1.11 /home/nathaniel/.local/state/openplan/land-use-plan-kinds-20261007/openplan

 ❯ src/test/land-use-plan-report-map.test.tsx (48 tests | 3 failed) 220ms
     × reads the adopted report edition using current scoped permission 19ms
     × reads the superseded report edition using current scoped permission 2ms
     × reads the repealed report edition using current scoped permission 1ms

⎯⎯⎯⎯⎯⎯⎯ Failed Tests 3 ⎯⎯⎯⎯⎯⎯⎯

 FAIL  src/test/land-use-plan-report-map.test.tsx > historical report map read > reads the adopted report edition using current scoped permission
 FAIL  src/test/land-use-plan-report-map.test.tsx > historical report map read > reads the superseded report edition using current scoped permission
 FAIL  src/test/land-use-plan-report-map.test.tsx > historical report map read > reads the repealed report edition using current scoped permission
AssertionError: expected { table: 'report_artifacts', …(2) } to match object { projection: 'metadata_json', …(1) }
(1 matching property omitted from actual)

- Expected
+ Received

@@ -3,7 +3,7 @@
      [
        "report_id",
        "33000000-0000-4000-8000-000000000001",
      ],
    ],
-   "projection": "metadata_json",
+   "projection": "id",
  }

 ❯ src/test/land-use-plan-report-map.test.tsx:77:63


⎯⎯⎯⎯⎯⎯⎯⎯⎯⎯⎯⎯⎯⎯⎯⎯⎯⎯⎯⎯⎯⎯⎯⎯[1/3]⎯


 Test Files  1 failed (1)
      Tests  3 failed | 45 passed (48)
   Start at  12:28:13
   Duration  1.00s (transform 149ms, setup 55ms, import 306ms, tests 220ms, environment 328ms)

