
 RUN  v4.1.11 /home/nathaniel/.local/state/openplan/land-use-plan-kinds-20261007/openplan

 ❯ src/test/land-use-implementation-report-store.test.ts (56 tests | 2 failed) 32ms
   × refuses invalid command before database access, case 5 5ms
   × refuses invalid command before database access, case 6 1ms

⎯⎯⎯⎯⎯⎯⎯ Failed Tests 2 ⎯⎯⎯⎯⎯⎯⎯

 FAIL  src/test/land-use-implementation-report-store.test.ts > refuses invalid command before database access, case 5
 FAIL  src/test/land-use-implementation-report-store.test.ts > refuses invalid command before database access, case 6
AssertionError: expected Error: unavailable { …(2) } to match object { kind: 'invalid', status: 400 }

- Expected
+ Received

- {
-   "kind": "invalid",
-   "status": 400,
+ ImplementationReportError {
+   "kind": "unavailable",
+   "status": 503,
  }

 ❯ src/test/land-use-implementation-report-store.test.ts:116:66
    114|   JSON.stringify({ ...command, extra: true }), JSON.stringify({ ...com…
    115|   "refuses invalid command before database access, case %#", async tex…
    116|     await expect(executeImplementationReport(client, scope, text)).rej…
       |                                                                  ^
    117|     expect(from).not.toHaveBeenCalled(); expect(rpc).not.toHaveBeenCal…
    118|   });

⎯⎯⎯⎯⎯⎯⎯⎯⎯⎯⎯⎯⎯⎯⎯⎯⎯⎯⎯⎯⎯⎯⎯⎯[1/2]⎯


 Test Files  1 failed (1)
      Tests  2 failed | 54 passed (56)
   Start at  13:44:46
   Duration  668ms (transform 86ms, setup 55ms, import 129ms, tests 32ms, environment 350ms)

