
 RUN  v4.1.11 /home/nathaniel/.local/state/openplan/land-use-plan-kinds-20261007/openplan

 ❯ src/test/land-use-implementation-report-store.test.ts (56 tests | 1 failed) 32ms
   × refuses substituted receipt commandId 5ms

⎯⎯⎯⎯⎯⎯⎯ Failed Tests 1 ⎯⎯⎯⎯⎯⎯⎯

 FAIL  src/test/land-use-implementation-report-store.test.ts > refuses substituted receipt commandId
AssertionError: promise resolved "{ …(17) }" instead of rejecting

- Expected
+ Received

- Error {
-   "message": "rejected promise",
+ {
+   "actorId": "35000000-0000-4000-8000-000000000003",
+   "adoptedVersionContentHash": "a92f35d3788c8e92430534b9ff64a0bbe5ec7e41c5ca3d60b204f97caf661cef",
+   "artifactId": "35000000-0000-4000-8000-000000000007",
+   "commandId": "35000000-0000-4000-8000-000000000009",
+   "commandSha256": "cf9b50d1313004bd5d582041b5279b0a864a4a9abcdb3bb3e175f228b4ab65db",
+   "contentHash": "aaaaaaaaaaaaaaaaaaaaaaaaaaaaaaaaaaaaaaaaaaaaaaaaaaaaaaaaaaaaaaaa",
+   "generatedAt": "2026-10-07T00:00:00.123456Z",
+   "implementationReportId": "35000000-0000-4000-8000-000000000008",
+   "planId": "35000000-0000-4000-8000-000000000001",
+   "replayed": false,
+   "reportId": "35000000-0000-4000-8000-000000000006",
+   "reportingPeriodEnd": "2026-10-07",
+   "reportingPeriodStart": "2026-01-01",
+   "summary": null,
+   "title": "SYNTHETIC report",
+   "versionId": "35000000-0000-4000-8000-000000000004",
+   "workspaceId": "35000000-0000-4000-8000-000000000002",
  }

 ❯ src/test/land-use-implementation-report-store.test.ts:97:63
     95| it.each(["actorId", "workspaceId", "planId", "commandId", "versionId"]…
     96|   rpc.mockResolvedValue({ data: { ...receipt, [key]: id(9) }, error: n…
     97|   await expect(executeImplementationReport(client, scope, raw)).reject…
       |                                                               ^
     98| });
     99| it.each([{ commandSha256: "b".repeat(64) }, { adoptedVersionContentHas…

⎯⎯⎯⎯⎯⎯⎯⎯⎯⎯⎯⎯⎯⎯⎯⎯⎯⎯⎯⎯⎯⎯⎯⎯[1/1]⎯


 Test Files  1 failed (1)
      Tests  1 failed | 55 passed (56)
   Start at  13:44:36
   Duration  648ms (transform 89ms, setup 54ms, import 129ms, tests 32ms, environment 331ms)

