
 RUN  v4.1.11 /home/nathaniel/.local/state/openplan/land-use-plan-kinds-20261007/openplan

 ❯ src/test/land-use-implementation-report-transaction-rls.test.ts (2 tests | 1 failed) 3115ms
   × creates one implementation report atomically and replays only exact currently permitted requests 1420ms

⎯⎯⎯⎯⎯⎯⎯ Failed Tests 1 ⎯⎯⎯⎯⎯⎯⎯

 FAIL  src/test/land-use-implementation-report-transaction-rls.test.ts > creates one implementation report atomically and replays only exact currently permitted requests
AssertionError: ERROR:  public action projection
CONTEXT:  PL/pgSQL function pg_temp_30.report_assert(boolean,text) line 2 at RAISE
SQL statement "SELECT pg_temp.report_assert((SELECT array_agg(k ORDER BY k)=ARRAY['description','due_on','evidence_document_id','id','program_id','project_id','responsible_party','status','title','updated_at'] FROM jsonb_object_keys(metadata#>'{snapshot,actions,0}') k),'public action projection')"
PL/pgSQL function inline_code_block line 114 at PERFORM
: expected 3 to be +0 // Object.is equality

- Expected
+ Received

- 0
+ 3

 ❯ src/test/land-use-implementation-report-transaction-rls.test.ts:17:78
     15|     input: `BEGIN; SET LOCAL statement_timeout='15s'; ${migration}\n${…
     16|   });
     17|   expect(result.error).toBeUndefined(); expect(result.status, result.s…
       |                                                                              ^
     18|   expect(result.stdout).toContain("atomic implementation report verifi…
     19| }, 30_000);

⎯⎯⎯⎯⎯⎯⎯⎯⎯⎯⎯⎯⎯⎯⎯⎯⎯⎯⎯⎯⎯⎯⎯⎯[1/1]⎯


 Test Files  1 failed (1)
      Tests  1 failed | 1 passed (2)
   Start at  13:43:39
   Duration  3.63s (transform 39ms, setup 59ms, import 38ms, tests 3.12s, environment 327ms)

