
 RUN  v4.1.11 /home/nathaniel/.local/state/openplan/land-use-plan-kinds-20261007/openplan

stderr | src/test/land-use-implementation-report-transaction-rls.test.ts > serializes report creation and action status edits in both native session orders
{
  syntheticFixtureIds: {
    ACTOR: 'f66d9fcd-0844-4c33-b53c-8fa99973d2c0',
    WORKSPACE: 'f7920e3a-b2d8-4610-ba77-1cbbc6118663',
    PLAN: 'fc705562-a650-49c8-a938-814e269a694c',
    VERSION: 'be91ec93-414e-4027-868c-d7ee6426bbf0',
    COMMAND: '994fc69e-36d4-4066-9d21-2417442f7e4f',
    ACTION: '81aaecfe-a161-4eb0-b140-0e9fe82158bb'
  },
  nativeError: "ERROR:  Report accepted while peer held SELECT id FROM public.land_use_plans WHERE id='fc705562-a650-49c8-a938-814e269a694c' FOR NO KEY UPDATE\n" +
    'CONTEXT:  PL/pgSQL function inline_code_block line 22 at RAISE\n',
  cleanupError: ''
}

 ❯ src/test/land-use-implementation-report-transaction-rls.test.ts (2 tests | 1 failed) 2992ms
   × serializes report creation and action status edits in both native session orders 1572ms

⎯⎯⎯⎯⎯⎯⎯ Failed Tests 1 ⎯⎯⎯⎯⎯⎯⎯

 FAIL  src/test/land-use-implementation-report-transaction-rls.test.ts > serializes report creation and action status edits in both native session orders
AssertionError: ERROR:  Report accepted while peer held SELECT id FROM public.land_use_plans WHERE id='fc705562-a650-49c8-a938-814e269a694c' FOR NO KEY UPDATE
CONTEXT:  PL/pgSQL function inline_code_block line 22 at RAISE
: expected 3 to be +0 // Object.is equality

- Expected
+ Received

- 0
+ 3

 ❯ src/test/land-use-implementation-report-transaction-rls.test.ts:50:81
     48|     if (result?.status !== 0 || cleanup.status !== 0) console.error({ …
     49|   }
     50|   expect(result?.error).toBeUndefined(); expect(result?.status, result…
       |                                                                                 ^
     51|   expect(result?.stdout).toContain("implementation report locks verifi…
     52|   expect(cleanup?.error).toBeUndefined(); expect(cleanup?.status, clea…

⎯⎯⎯⎯⎯⎯⎯⎯⎯⎯⎯⎯⎯⎯⎯⎯⎯⎯⎯⎯⎯⎯⎯⎯[1/1]⎯


 Test Files  1 failed (1)
      Tests  1 failed | 1 passed (2)
   Start at  13:43:57
   Duration  3.53s (transform 43ms, setup 58ms, import 45ms, tests 2.99s, environment 345ms)

