
 RUN  v4.1.11 /home/nathaniel/.local/state/openplan/land-use-plan-kinds-20261007/openplan

 ❯ src/test/land-use-implementation-report-store.test.ts (56 tests | 3 failed) 31ms
   × refuses missing or altered adopted sources {"version_number":2} 6ms
   × refuses missing or altered adopted sources {"frozen_snapshot":{"plan":{"id":"35000000-0000-4000-8000-000000000001","descriptorId":"local-unconfigured","planKindKey":"community","title":"Changed","authorityLabel":"SYNTHETIC authority","geographyLabel":"SYNTHETIC area"},"version":{"id":"35000000-0000-4000-8000-000000000004","versionNumber":1},"nodes":[],"relationships":[],"designations":[],"implementationActions":[]}} 1ms
   × refuses missing or altered adopted sources {"frozen_snapshot":null} 1ms

⎯⎯⎯⎯⎯⎯⎯ Failed Tests 3 ⎯⎯⎯⎯⎯⎯⎯

 FAIL  src/test/land-use-implementation-report-store.test.ts > refuses missing or altered adopted sources {"version_number":2}
 FAIL  src/test/land-use-implementation-report-store.test.ts > refuses missing or altered adopted sources {"frozen_snapshot":{"plan":{"id":"35000000-0000-4000-8000-000000000001","descriptorId":"local-unconfigured","planKindKey":"community","title":"Changed","authorityLabel":"SYNTHETIC authority","geographyLabel":"SYNTHETIC area"},"version":{"id":"35000000-0000-4000-8000-000000000004","versionNumber":1},"nodes":[],"relationships":[],"designations":[],"implementationActions":[]}}
 FAIL  src/test/land-use-implementation-report-store.test.ts > refuses missing or altered adopted sources {"frozen_snapshot":null}
AssertionError: promise resolved "{ …(17) }" instead of rejecting

- Expected
+ Received

- Error {
-   "message": "rejected promise",
+ {
+   "actorId": "35000000-0000-4000-8000-000000000003",
+   "adoptedVersionContentHash": "a92f35d3788c8e92430534b9ff64a0bbe5ec7e41c5ca3d60b204f97caf661cef",
+   "artifactId": "35000000-0000-4000-8000-000000000007",
+   "commandId": "35000000-0000-4000-8000-000000000005",
+   "commandSha256": "cf9b50d1313004bd5d582041b5279b0a864a4a9abcdb3bb3e175f228b4ab65db",
+   "contentHash": "aaaaaaaaaaaaaaaaaaaaaaaaaaaaaaaaaaaaaaaaaaaaaaaaaaaaaaaaaaaaaaaa",
+   "generatedAt": "2026-10-07T00:00:00.123456Z",
+   "implementationReportId": "35000000-0000-4000-8000-000000000008",
+   "planId": "35000000-0000-4000-8000-000000000001",
+   "replayed": false,
+   "reportId": "35000000-0000-4000-8000-000000000006",
+   "reportingPeriodEnd": "2026-10-07",
+   "reportingPeriodStart": "2026-01-01",
+   "summary": null,
+   "title": "SYNTHETIC report",
+   "versionId": "35000000-0000-4000-8000-000000000004",
+   "workspaceId": "35000000-0000-4000-8000-000000000002",
  }

 ❯ src/test/land-use-implementation-report-store.test.ts:88:65
     86|   "refuses missing or altered adopted sources %j", async patch => {
     87|     retained.data = patch === null ? null : { ...retained.data, ...pat…
     88|     await expect(executeImplementationReport(client, scope, raw)).reje…
       |                                                                 ^
     89|   });
     90| it.each([["PT400", "invalid", 400], ["42501", "forbidden", 403], ["PT4…

⎯⎯⎯⎯⎯⎯⎯⎯⎯⎯⎯⎯⎯⎯⎯⎯⎯⎯⎯⎯⎯⎯⎯⎯[1/3]⎯


 Test Files  1 failed (1)
      Tests  3 failed | 53 passed (56)
   Start at  13:44:23
   Duration  578ms (transform 47ms, setup 54ms, import 68ms, tests 31ms, environment 326ms)

