
 RUN  v4.1.11 /home/nathaniel/.local/state/openplan/land-use-plan-kinds-20261007/openplan

 ❯ src/test/land-use-implementation-report-store.test.ts (56 tests | 1 failed) 35ms
   × refuses unavailable version reads 5ms

⎯⎯⎯⎯⎯⎯⎯ Failed Tests 1 ⎯⎯⎯⎯⎯⎯⎯

 FAIL  src/test/land-use-implementation-report-store.test.ts > refuses unavailable version reads
AssertionError: promise resolved "{ …(17) }" instead of rejecting

- Expected
+ Received

- Error {
-   "message": "rejected promise",
+ {
+   "actorId": "35000000-0000-4000-8000-000000000003",
+   "adoptedVersionContentHash": "a92f35d3788c8e92430534b9ff64a0bbe5ec7e41c5ca3d60b204f97caf661cef",
+   "artifactId": "35000000-0000-4000-8000-000000000007",
+   "commandId": "35000000-0000-4000-8000-000000000005",
+   "commandSha256": "cf9b50d1313004bd5d582041b5279b0a864a4a9abcdb3bb3e175f228b4ab65db",
+   "contentHash": "aaaaaaaaaaaaaaaaaaaaaaaaaaaaaaaaaaaaaaaaaaaaaaaaaaaaaaaaaaaaaaaa",
+   "generatedAt": "2026-10-07T00:00:00.123456Z",
+   "implementationReportId": "35000000-0000-4000-8000-000000000008",
+   "planId": "35000000-0000-4000-8000-000000000001",
+   "replayed": false,
+   "reportId": "35000000-0000-4000-8000-000000000006",
+   "reportingPeriodEnd": "2026-10-07",
+   "reportingPeriodStart": "2026-01-01",
+   "summary": null,
+   "title": "SYNTHETIC report",
+   "versionId": "35000000-0000-4000-8000-000000000004",
+   "workspaceId": "35000000-0000-4000-8000-000000000002",
  }

 ❯ src/test/land-use-implementation-report-store.test.ts:70:102
     68|   });
     69| it("refuses unavailable version reads", async () => {
     70|   retained.error = Error("Read failed"); await expect(executeImplement…
       |                                                                                                      ^
     71|   expect(rpc).not.toHaveBeenCalled();
     72| });

⎯⎯⎯⎯⎯⎯⎯⎯⎯⎯⎯⎯⎯⎯⎯⎯⎯⎯⎯⎯⎯⎯⎯⎯[1/1]⎯


 Test Files  1 failed (1)
      Tests  1 failed | 55 passed (56)
   Start at  13:44:16
   Duration  660ms (transform 100ms, setup 55ms, import 136ms, tests 35ms, environment 327ms)

