
 RUN  v4.1.11 /home/nathaniel/.local/state/openplan/engagement-thematic-inputs-20261007/openplan

 ❯ src/test/engagement-synthesis-context-output-reader.test.tsx (4 tests | 1 failed | 3 skipped) 131ms
     × downloads the exact original JSON without transport or regenerated formatting 129ms

⎯⎯⎯⎯⎯⎯⎯ Failed Tests 1 ⎯⎯⎯⎯⎯⎯⎯

 FAIL  src/test/engagement-synthesis-context-output-reader.test.tsx > original context reading > downloads the exact original JSON without transport or regenerated formatting
AssertionError: expected '{"status":"complete","coveredPartIds"…' to be '{\n  "status": "complete",\n  "covere…' // Object.is equality

- Expected
+ Received

- {
-   "status": "complete",
-   "coveredPartIds": [
-     "dd0ddf1a11cb08c97b045cecb2c1a12c218455888157869859338fb819a8e89f",
-     "dd0ddf1a11cb08c97b045cecb2c1a12c218455888157869859338fb819a8e89f",
-     "dd0ddf1a11cb08c97b045cecb2c1a12c218455888157869859338fb819a8e89f",
-     "dd0ddf1a11cb08c97b045cecb2c1a12c218455888157869859338fb819a8e89f",
-     "dd0ddf1a11cb08c97b045cecb2c1a12c218455888157869859338fb819a8e89f",
-     "dd0ddf1a11cb08c97b045cecb2c1a12c218455888157869859338fb819a8e89f",
-     "dd0ddf1a11cb08c97b045cecb2c1a12c218455888157869859338fb819a8e89f",
-     "dd0ddf1a11cb08c97b045cecb2c1a12c218455888157869859338fb819a8e89f",
-     "dd0ddf1a11cb08c97b045cecb2c1a12c218455888157869859338fb819a8e89f",
-     "dd0ddf1a11cb08c97b045cecb2c1a12c218455888157869859338fb819a8e89f",
-     "dd0ddf1a11cb08c97b045cecb2c1a12c218455888157869859338fb819a8e89f",
-     "dd0ddf1a11cb08c97b045cecb2c1a12c218455888157869859338fb819a8e89f",
-     "dd0ddf1a11cb08c97b045cecb2c1a12c218455888157869859338fb819a8e89f",
-     "dd0ddf1a11cb08c97b045cecb2c1a12c218455888157869859338fb819a8e89f",
-     "dd0ddf1a11cb08c97b045cecb2c1a12c218455888157869859338fb819a8e89f",
-     "dd0ddf1a11cb08c97b045cecb2c1a12c218455888157869859338fb819a8e89f",
-     "dd0ddf1a11cb08c97b045cecb2c1a12c218455888157869859338fb819a8e89f",
-     "dd0ddf1a11cb08c97b045cecb2c1a12c218455888157869859338fb819a8e89f",
-     "dd0ddf1a11cb08c97b045cecb2c1a12c218455888157869859338fb819a8e89f",
-     "dd0ddf1a11cb08c97b045cecb2c1a12c218455888157869859338fb819a8e89f",
-     "dd0ddf1a11cb08c97b045cecb2c1a12c218455888157869859338fb819a8e89f",
-     "dd0ddf1a11cb08c97b045cecb2c1a12c218455888157869859338fb819a8e89f",
-     "dd0ddf1a11cb08c97b045cecb2c1a12c218455888157869859338fb819a8e89f",
-     "dd0ddf1a11cb08c97b045cecb2c1a12c218455888157869859338fb819a8e89f",
-     "dd0ddf1a11cb08c97b045cecb2c1a12c218455888157869859338fb819a8e89f",
-     "dd0ddf1a11cb08c97b045cecb2c1a12c218455888157869859338fb819a8e89f",
-     "dd0ddf1a11cb08c97b045cecb2c1a12c218455888157869859338fb819a8e89f",
-     "dd0ddf1a11cb08c97b045cecb2c1a12c218455888157869859338fb819a8e89f",
-     "dd0ddf1a11cb08c97b045cecb2c1a12c218455888157869859338fb819a8e89f",
-     "dd0ddf1a11cb08c97b045cecb2c1a12c218455888157869859338fb819a8e89f",
-     "dd0ddf1a11cb08c97b045cecb2c1a12c218455888157869859338fb819a8e89f",
-     "dd0ddf1a11cb08c97b045cecb2c1a12c218455888157869859338fb819a8e89f",
-     "dd0ddf1a11cb08c97b045cecb2c1a12c218455888157869859338fb819a8e89f",
-     "dd0ddf1a11cb08c97b045cecb2c1a12c218455888157869859338fb819a8e89f",
-     "dd0ddf1a11cb08c97b045cecb2c1a12c218455888157869859338fb819a8e89f",
-     "dd0ddf1a11cb08c97b045cecb2c1a12c218455888157869859338fb819a8e89f",
-     "dd0ddf1a11cb08c97b045cecb2c1a12c218455888157869859338fb819a8e89f",
-     "dd0ddf1a11cb08c97b045cecb2c1a12c218455888157869859338fb819a8e89f",
-     "dd0ddf1a11cb08c97b045cecb2c1a12c218455888157869859338fb819a8e89f",
-     "dd0ddf1a11cb08c97b045cecb2c1a12c218455888157869859338fb819a8e89f",
-     "dd0ddf1a11cb08c97b045cecb2c1a12c218455888157869859338fb819a8e89f",
-     "dd0ddf1a11cb08c97b045cecb2c1a12c218455888157869859338fb819a8e89f",
-     "dd0ddf1a11cb08c97b045cecb2c1a12c218455888157869859338fb819a8e89f",
-     "dd0ddf1a11cb08c97b045cecb2c1a12c218455888157869859338fb819a8e89f",
-     "dd0ddf1a11cb08c97b045cecb2c1a12c218455888157869859338fb819a8e89f",
-     "dd0ddf1a11cb08c97b045cecb2c1a12c218455888157869859338fb819a8e89f",
-     "dd0ddf1a11cb08c97b045cecb2c1a12c218455888157869859338fb819a8e89f",
-     "dd0ddf1a11cb08c97b045cecb2c1a12c218455888157869859338fb819a8e89f",
-     "dd0ddf1a11cb08c97b045cecb2c1a12c218455888157869859338fb819a8e89f",
-     "dd0ddf1a11cb08c97b045cecb2c1a12c218455888157869859338fb819a8e89f",
-     "dd0ddf1a11cb08c97b045cecb2c1a12c218455888157869859338fb819a8e89f",
-     "dd0ddf1a11cb08c97b045cecb2c1a12c218455888157869859338fb819a8e89f",
-     "dd0ddf1a11cb08c97b045cecb2c1a12c218455888157869859338fb819a8e89f",
-     "dd0ddf1a11cb08c97b045cecb2c1a12c218455888157869859338fb819a8e89f",
-     "dd0ddf1a11cb08c97b045cecb2c1a12c218455888157869859338fb819a8e89f",
-     "dd0ddf1a11cb08c97b045cecb2c1a12c218455888157869859338fb819a8e89f",
-     "dd0ddf1a11cb08c97b045cecb2c1a12c218455888157869859338fb819a8e89f",
-     "dd0ddf1a11cb08c97b045cecb2c1a12c218455888157869859338fb819a8e89f",
-     "dd0ddf1a11cb08c97b045cecb2c1a12c218455888157869859338fb819a8e89f",
-     "dd0ddf1a11cb08c97b045cecb2c1a12c218455888157869859338fb819a8e89f",
-     "dd0ddf1a11cb08c97b045cecb2c1a12c218455888157869859338fb819a8e89f",
-     "dd0ddf1a11cb08c97b045cecb2c1a12c218455888157869859338fb819a8e89f",
-     "dd0ddf1a11cb08c97b045cecb2c1a12c218455888157869859338fb819a8e89f",
-     "dd0ddf1a11cb08c97b045cecb2c1a12c218455888157869859338fb819a8e89f",
-     "dd0ddf1a11cb08c97b045cecb2c1a12c218455888157869859338fb819a8e89f",
-     "dd0ddf1a11cb08c97b045cecb2c1a12c218455888157869859338fb819a8e89f",
-     "dd0ddf1a11cb08c97b045cecb2c1a12c218455888157869859338fb819a8e89f",
-     "dd0ddf1a11cb08c97b045cecb2c1a12c218455888157869859338fb819a8e89f",
-     "dd0ddf1a11cb08c97b045cecb2c1a12c218455888157869859338fb819a8e89f",
-     "dd0ddf1a11cb08c97b045cecb2c1a12c218455888157869859338fb819a8e89f",
-     "dd0ddf1a11cb08c97b045cecb2c1a12c218455888157869859338fb819a8e89f",
-     "dd0ddf1a11cb08c97b045cecb2c1a12c218455888157869859338fb819a8e89f",
-     "dd0ddf1a11cb08c97b045cecb2c1a12c218455888157869859338fb819a8e89f",
-     "dd0ddf1a11cb08c97b045cecb2c1a12c218455888157869859338fb819a8e89f",
-     "dd0ddf1a11cb08c97b045cecb2c1a12c218455888157869859338fb819a8e89f",
-     "dd0ddf1a11cb08c97b045cecb2c1a12c218455888157869859338fb819a8e89f",
-     "dd0ddf1a11cb08c97b045cecb2c1a12c218455888157869859338fb819a8e89f",
-     "dd0ddf1a11cb08c97b045cecb2c1a12c218455888157869859338fb819a8e89f",
-     "dd0ddf1a11cb08c97b045cecb2c1a12c218455888157869859338fb819a8e89f",
-     "dd0ddf1a11cb08c97b045cecb2c1a12c218455888157869859338fb819a8e89f",
-     "dd0ddf1a11cb08c97b045cecb2c1a12c218455888157869859338fb819a8e89f",
-     "dd0ddf1a11cb08c97b045cecb2c1a12c218455888157869859338fb819a8e89f",
-     "dd0ddf1a11cb08c97b045cecb2c1a12c218455888157869859338fb819a8e89f",
-     "dd0ddf1a11cb08c97b045cecb2c1a12c218455888157869859338fb819a8e89f",
-     "dd0ddf1a11cb08c97b045cecb2c1a12c218455888157869859338fb819a8e89f",
-     "dd0ddf1a11cb08c97b045cecb2c1a12c218455888157869859338fb819a8e89f",
-     "dd0ddf1a11cb08c97b045cecb2c1a12c218455888157869859338fb819a8e89f",
-     "dd0ddf1a11cb08c97b045cecb2c1a12c218455888157869859338fb819a8e89f",
-     "dd0ddf1a11cb08c97b045cecb2c1a12c218455888157869859338fb819a8e89f",
-     "dd0ddf1a11cb08c97b045cecb2c1a12c218455888157869859338fb819a8e89f",
-     "dd0ddf1a11cb08c97b045cecb2c1a12c218455888157869859338fb819a8e89f",
-     "dd0ddf1a11cb08c97b045cecb2c1a12c218455888157869859338fb819a8e89f",
-     "dd0ddf1a11cb08c97b045cecb2c1a12c218455888157869859338fb819a8e89f",
-     "dd0ddf1a11cb08c97b045cecb2c1a12c218455888157869859338fb819a8e89f",
-     "dd0ddf1a11cb08c97b045cecb2c1a12c218455888157869859338fb819a8e89f",
-     "dd0ddf1a11cb08c97b045cecb2c1a12c218455888157869859338fb819a8e89f",
-     "dd0ddf1a11cb08c97b045cecb2c1a12c218455888157869859338fb819a8e89f",
-     "dd0ddf1a11cb08c97b045cecb2c1a12c218455888157869859338fb819a8e89f",
-     "dd0ddf1a11cb08c97b045cecb2c1a12c218455888157869859338fb819a8e89f",
-     "dd0ddf1a11cb08c97b045cecb2c1a12c218455888157869859338fb819a8e89f"
-   ],
-   "notes": [
-     {
-       "id": 0,
-       "text": "SYNTHETIC context note 0",
-       "citations": [
-         {
-           "partId": "dd0ddf1a11cb08c97b045cecb2c1a12c218455888157869859338fb819a8e89f",
-           "quote": "SYNTHETIC source quotation 0"
-         }
-       ],
-       "relatedNoteIds": []
-     }
-   ],
-   "uncertainties": [
-     "SYNTHETIC uncertainty 0"
-   ]
- }
+ {"status":"complete","coveredPartIds":["dd0ddf1a11cb08c97b045cecb2c1a12c218455888157869859338fb819a8e89f","dd0ddf1a11cb08c97b045cecb2c1a12c218455888157869859338fb819a8e89f","dd0ddf1a11cb08c97b045cecb2c1a12c218455888157869859338fb819a8e89f","dd0ddf1a11cb08c97b045cecb2c1a12c218455888157869859338fb819a8e89f","dd0ddf1a11cb08c97b045cecb2c1a12c218455888157869859338fb819a8e89f","dd0ddf1a11cb08c97b045cecb2c1a12c218455888157869859338fb819a8e89f","dd0ddf1a11cb08c97b045cecb2c1a12c218455888157869859338fb819a8e89f","dd0ddf1a11cb08c97b045cecb2c1a12c218455888157869859338fb819a8e89f","dd0ddf1a11cb08c97b045cecb2c1a12c218455888157869859338fb819a8e89f","dd0ddf1a11cb08c97b045cecb2c1a12c218455888157869859338fb819a8e89f","dd0ddf1a11cb08c97b045cecb2c1a12c218455888157869859338fb819a8e89f","dd0ddf1a11cb08c97b045cecb2c1a12c218455888157869859338fb819a8e89f","dd0ddf1a11cb08c97b045cecb2c1a12c218455888157869859338fb819a8e89f","dd0ddf1a11cb08c97b045cecb2c1a12c218455888157869859338fb819a8e89f","dd0ddf1a11cb08c97b045cecb2c1a12c218455888157869859338fb819a8e89f","dd0ddf1a11cb08c97b045cecb2c1a12c218455888157869859338fb819a8e89f","dd0ddf1a11cb08c97b045cecb2c1a12c218455888157869859338fb819a8e89f","dd0ddf1a11cb08c97b045cecb2c1a12c218455888157869859338fb819a8e89f","dd0ddf1a11cb08c97b045cecb2c1a12c218455888157869859338fb819a8e89f","dd0ddf1a11cb08c97b045cecb2c1a12c218455888157869859338fb819a8e89f","dd0ddf1a11cb08c97b045cecb2c1a12c218455888157869859338fb819a8e89f","dd0ddf1a11cb08c97b045cecb2c1a12c218455888157869859338fb819a8e89f","dd0ddf1a11cb08c97b045cecb2c1a12c218455888157869859338fb819a8e89f","dd0ddf1a11cb08c97b045cecb2c1a12c218455888157869859338fb819a8e89f","dd0ddf1a11cb08c97b045cecb2c1a12c218455888157869859338fb819a8e89f","dd0ddf1a11cb08c97b045cecb2c1a12c218455888157869859338fb819a8e89f","dd0ddf1a11cb08c97b045cecb2c1a12c218455888157869859338fb819a8e89f","dd0ddf1a11cb08c97b045cecb2c1a12c218455888157869859338fb819a8e89f","dd0ddf1a11cb08c97b045cecb2c1a12c218455888157869859338fb819a8e89f","dd0ddf1a11cb08c97b045cecb2c1a12c218455888157869859338fb819a8e89f","dd0ddf1a11cb08c97b045cecb2c1a12c218455888157869859338fb819a8e89f","dd0ddf1a11cb08c97b045cecb2c1a12c218455888157869859338fb819a8e89f","dd0ddf1a11cb08c97b045cecb2c1a12c218455888157869859338fb819a8e89f","dd0ddf1a11cb08c97b045cecb2c1a12c218455888157869859338fb819a8e89f","dd0ddf1a11cb08c97b045cecb2c1a12c218455888157869859338fb819a8e89f","dd0ddf1a11cb08c97b045cecb2c1a12c218455888157869859338fb819a8e89f","dd0ddf1a11cb08c97b045cecb2c1a12c218455888157869859338fb819a8e89f","dd0ddf1a11cb08c97b045cecb2c1a12c218455888157869859338fb819a8e89f","dd0ddf1a11cb08c97b045cecb2c1a12c218455888157869859338fb819a8e89f","dd0ddf1a11cb08c97b045cecb2c1a12c218455888157869859338fb819a8e89f","dd0ddf1a11cb08c97b045cecb2c1a12c218455888157869859338fb819a8e89f","dd0ddf1a11cb08c97b045cecb2c1a12c218455888157869859338fb819a8e89f","dd0ddf1a11cb08c97b045cecb2c1a12c218455888157869859338fb819a8e89f","dd0ddf1a11cb08c97b045cecb2c1a12c218455888157869859338fb819a8e89f","dd0ddf1a11cb08c97b045cecb2c1a12c218455888157869859338fb819a8e89f","dd0ddf1a11cb08c97b045cecb2c1a12c218455888157869859338fb819a8e89f","dd0ddf1a11cb08c97b045cecb2c1a12c218455888157869859338fb819a8e89f","dd0ddf1a11cb08c97b045cecb2c1a12c218455888157869859338fb819a8e89f","dd0ddf1a11cb08c97b045cecb2c1a12c218455888157869859338fb819a8e89f","dd0ddf1a11cb08c97b045cecb2c1a12c218455888157869859338fb819a8e89f","dd0ddf1a11cb08c97b045cecb2c1a12c218455888157869859338fb819a8e89f","dd0ddf1a11cb08c97b045cecb2c1a12c218455888157869859338fb819a8e89f","dd0ddf1a11cb08c97b045cecb2c1a12c218455888157869859338fb819a8e89f","dd0ddf1a11cb08c97b045cecb2c1a12c218455888157869859338fb819a8e89f","dd0ddf1a11cb08c97b045cecb2c1a12c218455888157869859338fb819a8e89f","dd0ddf1a11cb08c97b045cecb2c1a12c218455888157869859338fb819a8e89f","dd0ddf1a11cb08c97b045cecb2c1a12c218455888157869859338fb819a8e89f","dd0ddf1a11cb08c97b045cecb2c1a12c218455888157869859338fb819a8e89f","dd0ddf1a11cb08c97b045cecb2c1a12c218455888157869859338fb819a8e89f","dd0ddf1a11cb08c97b045cecb2c1a12c218455888157869859338fb819a8e89f","dd0ddf1a11cb08c97b045cecb2c1a12c218455888157869859338fb819a8e89f","dd0ddf1a11cb08c97b045cecb2c1a12c218455888157869859338fb819a8e89f","dd0ddf1a11cb08c97b045cecb2c1a12c218455888157869859338fb819a8e89f","dd0ddf1a11cb08c97b045cecb2c1a12c218455888157869859338fb819a8e89f","dd0ddf1a11cb08c97b045cecb2c1a12c218455888157869859338fb819a8e89f","dd0ddf1a11cb08c97b045cecb2c1a12c218455888157869859338fb819a8e89f","dd0ddf1a11cb08c97b045cecb2c1a12c218455888157869859338fb819a8e89f","dd0ddf1a11cb08c97b045cecb2c1a12c218455888157869859338fb819a8e89f","dd0ddf1a11cb08c97b045cecb2c1a12c218455888157869859338fb819a8e89f","dd0ddf1a11cb08c97b045cecb2c1a12c218455888157869859338fb819a8e89f","dd0ddf1a11cb08c97b045cecb2c1a12c218455888157869859338fb819a8e89f","dd0ddf1a11cb08c97b045cecb2c1a12c218455888157869859338fb819a8e89f","dd0ddf1a11cb08c97b045cecb2c1a12c218455888157869859338fb819a8e89f","dd0ddf1a11cb08c97b045cecb2c1a12c218455888157869859338fb819a8e89f","dd0ddf1a11cb08c97b045cecb2c1a12c218455888157869859338fb819a8e89f","dd0ddf1a11cb08c97b045cecb2c1a12c218455888157869859338fb819a8e89f","dd0ddf1a11cb08c97b045cecb2c1a12c218455888157869859338fb819a8e89f","dd0ddf1a11cb08c97b045cecb2c1a12c218455888157869859338fb819a8e89f","dd0ddf1a11cb08c97b045cecb2c1a12c218455888157869859338fb819a8e89f","dd0ddf1a11cb08c97b045cecb2c1a12c218455888157869859338fb819a8e89f","dd0ddf1a11cb08c97b045cecb2c1a12c218455888157869859338fb819a8e89f","dd0ddf1a11cb08c97b045cecb2c1a12c218455888157869859338fb819a8e89f","dd0ddf1a11cb08c97b045cecb2c1a12c218455888157869859338fb819a8e89f","dd0ddf1a11cb08c97b045cecb2c1a12c218455888157869859338fb819a8e89f","dd0ddf1a11cb08c97b045cecb2c1a12c218455888157869859338fb819a8e89f","dd0ddf1a11cb08c97b045cecb2c1a12c218455888157869859338fb819a8e89f","dd0ddf1a11cb08c97b045cecb2c1a12c218455888157869859338fb819a8e89f","dd0ddf1a11cb08c97b045cecb2c1a12c218455888157869859338fb819a8e89f","dd0ddf1a11cb08c97b045cecb2c1a12c218455888157869859338fb819a8e89f","dd0ddf1a11cb08c97b045cecb2c1a12c218455888157869859338fb819a8e89f","dd0ddf1a11cb08c97b045cecb2c1a12c218455888157869859338fb819a8e89f","dd0ddf1a11cb08c97b045cecb2c1a12c218455888157869859338fb819a8e89f","dd0ddf1a11cb08c97b045cecb2c1a12c218455888157869859338fb819a8e89f","dd0ddf1a11cb08c97b045cecb2c1a12c218455888157869859338fb819a8e89f","dd0ddf1a11cb08c97b045cecb2c1a12c218455888157869859338fb819a8e89f","dd0ddf1a11cb08c97b045cecb2c1a12c218455888157869859338fb819a8e89f","dd0ddf1a11cb08c97b045cecb2c1a12c218455888157869859338fb819a8e89f","dd0ddf1a11cb08c97b045cecb2c1a12c218455888157869859338fb819a8e89f","dd0ddf1a11cb08c97b045cecb2c1a12c218455888157869859338fb819a8e89f","dd0ddf1a11cb08c97b045cecb2c1a12c218455888157869859338fb819a8e89f"],"notes":[{"id":0,"text":"SYNTHETIC context note 0","citations":[{"partId":"dd0ddf1a11cb08c97b045cecb2c1a12c218455888157869859338fb819a8e89f","quote":"SYNTHETIC source quotation 0"}],"relatedNoteIds":[]}],"uncertainties":["SYNTHETIC uncertainty 0"]}

 ❯ src/test/engagement-synthesis-context-output-reader.test.tsx:47:18


⎯⎯⎯⎯⎯⎯⎯⎯⎯⎯⎯⎯⎯⎯⎯⎯⎯⎯⎯⎯⎯⎯⎯⎯[1/1]⎯


 Test Files  1 failed (1)
      Tests  1 failed | 3 skipped (4)
   Start at  02:44:42
   Duration  825ms (transform 49ms, setup 53ms, import 158ms, tests 131ms, environment 321ms)

