
 RUN  v4.1.11 /home/nathaniel/.local/state/openplan/engagement-thematic-inputs-20261007/openplan

 ❯ src/test/engagement-synthesis-thematic-choice-panel.test.tsx (30 tests | 1 failed | 29 skipped) 1133ms
     × refuses a self-hashed replacement while reading a saved choice 1131ms

⎯⎯⎯⎯⎯⎯⎯ Failed Tests 1 ⎯⎯⎯⎯⎯⎯⎯

 FAIL  src/test/engagement-synthesis-thematic-choice-panel.test.tsx > thematic context selection > refuses a self-hashed replacement while reading a saved choice
TestingLibraryElementError: Unable to find role="alert"

Ignored nodes: comments, script, style
[36m<body>[39m
  [36m<div>[39m
    [36m<section[39m
      [33maria-label[39m=[32m"Context choice for Synthetic contribution 1"[39m
      [33mclass[39m=[32m"min-w-0 space-y-3 border-t border-border pt-3"[39m
    [36m>[39m
      [36m<h5[39m
        [33mclass[39m=[32m"break-words font-semibold"[39m
      [36m>[39m
        [0mContext for [0m
        [0mSynthetic contribution 1[0m
      [36m</h5>[39m
      [36m<div[39m
        [33mclass[39m=[32m"space-y-2"[39m
      [36m>[39m
        [36m<p[39m
          [33mclass[39m=[32m"text-sm"[39m
        [36m>[39m
          [0mA context choice is saved for this contribution. It is fixed for this theme request. Start another theme request to use different context.[0m
        [36m</p>[39m
        [36m<button[39m
          [33mclass[39m=[32m"inline-flex items-center justify-center gap-2 whitespace-nowrap border text-sm font-semibold transition-all duration-200 disabled:pointer-events-none disabled:opacity-50 [&_svg]:pointer-events-none [&_svg:not([class*='size-'])]:size-4 shrink-0 [&_svg]:shrink-0 outline-none focus-visible:outline-none focus-visible:ring-3 focus-visible:ring-offset-2 focus-visible:ring-offset-background border-[color:color-mix(in_srgb,var(--line)_84%,var(--ink)_16%)] bg-background text-[color:var(--ink)] hover:border-[color:var(--pine)] hover:bg-[color:color-mix(in_srgb,var(--pine)_8%,var(--background))] hover:text-[color:var(--pine-deep)] focus-visible:ring-[color:var(--focus-ring-light)]/45 h-10 px-4.5 py-2 has-[>svg]:px-3.5"[39m
          [33mdata-size[39m=[32m"default"[39m
          [33mdata-slot[39m=[32m"button"[39m
          [33mdata-variant[39m=[32m"outline"[39m
          [33mtype[39m=[32m"button"[39m
        [36m>[39m
          [0mRead saved context[0m
        [36m</button>[39m
        [36m<details>[39m
          [36m<summary[39m
            [33mclass[39m=[32m"cursor-pointer"[39m
          [36m>[39m
            [0mSaved context choice reference[0m
          [36m</summary>[39m
          [36m<pre[39m
            [33mclass[39m=[32m"whitespace-pre-wrap break-all text-xs"[39m
          [36m>[39m
            [0m{"schemaVersion":1,"targetRecordId":"item:c7760000-0000-4000-8000-000000000100","contextRequestId":"c7760000-0000-4000-8000-000000000008","selectionSequence":13,"historyManifestSha256":"259aa8ef98a8b91de574cd904138ef643240c23080cf24da4793a6f10a43fa9d","finalCaptureSha256":"460ee6aa3a80359181b794cc31a7185addba77626e9f719c10e3c8efb8668a1d","finalResultSha256":"f6a214f7a5fcda0c2cee9660b7fc29f5649e3c68aad48e20e950137c98913a68"}[0m
          [36m</pre>[39m
        [36m</details>[39m
      [36m</div>[39m
      [36m<div[39m
        [33mclass[39m=[32m"space-y-2"[39m
      [36m>[39m
        [36m<div[39m
          [33mclass[39m=[32m"min-w-0 space-y-3 text-sm"[39m
        [36m>[39m
          [36m<p[39m
            [33mclass[39m=[32m"font-medium"[39m
          [36m>[39m
            [0mCompleted context, machine wording not reviewed[0m
          [36m</p>[39m
          [36m<p>[39m
            [0mThis wording needs staff review. Choosing it for theme preparation does not approve its meaning.[0m
          [36m</p>[39m
          [36m<h6[39m
            [33mclass[39m=[32m"font-semibold"[39m
          [36m>[39m
            [0mGenerated notes ([0m
            [0m1[0m
            [0m)[0m
          [36m</h6>[39m
          [36m<ol[39m
            [33mclass[39m=[32m"space-y-3"[39m
          [36m>[39m
            [36m<li[39m
              [33mclass[39m=[32m"min-w-0 space-y-1"[39m
            [36m>[39m
              [36m<p[39m
                [33mclass[39m=[32m"whitespace-pre-wrap break-words [overflow-wrap:anywhere]"[39m
              [36m>[39m
                [0mSYNTHETIC context wording, not a reviewed finding.[0m
              [36m</p>[39m
              [36m<details>[39m
                [36m<summary[39m
                  [33mclass[39m=[32m"cursor-pointer"[39m
                [36m>[39m
                  [0mSource quotations for note [0m
                  [0m0[0m
                [36m</summary>[39m
                [36m<blockquote[39m
                  [33mclass[39m=[32m"my-2 border-l border-border pl-3"[39m
                [36m>[39m
                  [36m<p[39m
                    [33mclass[39m=[32m"whitespace-pre-wrap break-words [overflow-wrap:anywhere]"[39m
                  [36m>[39m
                    [0mSYNTHETIC original contribution[0m
                  [36m</p>[39m
                  [36m<p[39m
                    [33mclass[39m=[32m"break-all font-mono text-xs"[39m
                  [36m>[39m
                    [0mSource part [0m
                    [0m37a680133bd09342f934afb8dd2c7d9e1b624da5f35e3a38adb103e37c055ed1[0m
                  [36m</p>[39m
                [36m</blockquote>[39m
              [36m</details>[39m
            [36m</li>[39m
          [36m</ol>[39m
          [36m<h6[39m
            [33mclass[39m=[32m"font-semibold"[39m
          [36m>[39m
            [0mReported uncertainties ([0m
            [0m1[0m
            [0m)[0m
          [36m</h6>[39m
          [36m<ul[39m
            [33mclass[39m=[32m"space-y-2"[39m
          [36m>[39m
            [36m<li[39m
              [33mclass[39m=[32m"whitespace-pre-wrap break-words [overflow-wrap:anywhere]"[39m
            [36m>[39m
              [0mSYNTHETIC uncertainty[0m
            [36m</li>[39m
          [36m</ul>[39m
          [36m<button[39m
            [33mclass[39m=[32m"inline-flex items-center justify-center gap-2 whitespace-nowrap border text-sm font-semibold transition-all duration-200 disabled:pointer-events-none disabled:opacity-50 [&_svg]:pointer-events-none [&_svg:not([class*='size-'])]:size-4 shrink-0 [&_svg]:shrink-0 outline-none focus-visible:outline-none focus-visible:ring-3 focus-visible:ring-offset-2 focus-visible:ring-offset-background border-[color:color-mix(in_srgb,var(--line)_84%,var(--ink)_16%)] bg-background text-[color:var(--ink)] hover:border-[color:var(--pine)] hover:bg-[color:color-mix(in_srgb,var(--pine)_8%,var(--background))] hover:text-[color:var(--pine-deep)] focus-visible:ring-[color:var(--focus-ring-light)]/45 h-10 px-4.5 py-2 has-[>svg]:px-3.5"[39m
            [33mdata-size[39m=[32m"default"[39m
            [33mdata-slot[39m=[32m"button"[39m
            [33mdata-variant[39m=[32m"outline"[39m
            [33mtype[39m=[32m"button"[39m
          [36m>[39m
            [0mDownload complete context[0m
          [36m</button>[39m
          [36m<p>[39m
            [0mThe private file preserves the original machine output and source references. It is not an approved finding.[0m
          [36m</p>[39m
        [36m</div>[39m
      [36m</div>[39m
    [36m</section>[39m
  [36m</div>[39m
[36m</body>[39m

Ignored nodes: comments, script, style
[36m<body>[39m
  [36m<div>[39m
    [36m<section[39m
      [33maria-label[39m=[32m"Context choice for Synthetic contribution 1"[39m
      [33mclass[39m=[32m"min-w-0 space-y-3 border-t border-border pt-3"[39m
    [36m>[39m
      [36m<h5[39m
        [33mclass[39m=[32m"break-words font-semibold"[39m
      [36m>[39m
        [0mContext for [0m
        [0mSynthetic contribution 1[0m
      [36m</h5>[39m
      [36m<div[39m
        [33mclass[39m=[32m"space-y-2"[39m
      [36m>[39m
        [36m<p[39m
          [33mclass[39m=[32m"text-sm"[39m
        [36m>[39m
          [0mA context choice is saved for this contribution. It is fixed for this theme request. Start another theme request to use different context.[0m
        [36m</p>[39m
        [36m<button[39m
          [33mclass[39m=[32m"inline-flex items-center justify-center gap-2 whitespace-nowrap border text-sm font-semibold transition-all duration-200 disabled:pointer-events-none disabled:opacity-50 [&_svg]:pointer-events-none [&_svg:not([class*='size-'])]:size-4 shrink-0 [&_svg]:shrink-0 outline-none focus-visible:outline-none focus-visible:ring-3 focus-visible:ring-offset-2 focus-visible:ring-offset-background border-[color:color-mix(in_srgb,var(--line)_84%,var(--ink)_16%)] bg-background text-[color:var(--ink)] hover:border-[color:var(--pine)] hover:bg-[color:color-mix(in_srgb,var(--pine)_8%,var(--background))] hover:text-[color:var(--pine-deep)] focus-visible:ring-[color:var(--focus-ring-light)]/45 h-10 px-4.5 py-2 has-[>svg]:px-3.5"[39m
          [33mdata-size[39m=[32m"default"[39m
          [33mdata-slot[39m=[32m"button"[39m
          [33mdata-variant[39m=[32m"outline"[39m
          [33mtype[39m=[32m"button"[39m
        [36m>[39m
          [0mRead saved context[0m
        [36m</button>[39m
        [36m<details>[39m
          [36m<summary[39m
            [33mclass[39m=[32m"cursor-pointer"[39m
          [36m>[39m
            [0mSaved context choice reference[0m
          [36m</summary>[39m
          [36m<pre[39m
            [33mclass[39m=[32m"whitespace-pre-wrap break-all text-xs"[39m
          [36m>[39m
            [0m{"schemaVersion":1,"targetRecordId":"item:c7760000-0000-4000-8000-000000000100","contextRequestId":"c7760000-0000-4000-8000-000000000008","selectionSequence":13,"historyManifestSha256":"259aa8ef98a8b91de574cd904138ef643240c23080cf24da4793a6f10a43fa9d","finalCaptureSha256":"460ee6aa3a80359181b794cc31a7185addba77626e9f719c10e3c8efb8668a1d","finalResultSha256":"f6a214f7a5fcda0c2cee9660b7fc29f5649e3c68aad48e20e950137c98913a68"}[0m
          [36m</pre>[39m
        [36m</details>[39m
      [36m</div>[39m
      [36m<div[39m
        [33mclass[39m=[32m"space-y-2"[39m
      [36m>[39m
        [36m<div[39m
          [33mclass[39m=[32m"min-w-0 space-y-3 text-sm"[39m
        [36m>[39m
          [36m<p[39m
            [33mclass[39m=[32m"font-medium"[39m
          [36m>[39m
            [0mCompleted context, machine wording not reviewed[0m
          [36m</p>[39m
          [36m<p>[39m
            [0mThis wording needs staff review. Choosing it for theme preparation does not approve its meaning.[0m
          [36m</p>[39m
          [36m<h6[39m
            [33mclass[39m=[32m"font-semibold"[39m
          [36m>[39m
            [0mGenerated notes ([0m
            [0m1[0m
            [0m)[0m
          [36m</h6>[39m
          [36m<ol[39m
            [33mclass[39m=[32m"space-y-3"[39m
          [36m>[39m
            [36m<li[39m
              [33mclass[39m=[32m"min-w-0 space-y-1"[39m
            [36m>[39m
              [36m<p[39m
                [33mclass[39m=[32m"whitespace-pre-wrap break-words [overflow-wrap:anywhere]"[39m
              [36m>[39m
                [0mSYNTHETIC context wording, not a reviewed finding.[0m
              [36m</p>[39m
              [36m<details>[39m
                [36m<summary[39m
                  [33mclass[39m=[32m"cursor-pointer"[39m
                [36m>[39m
                  [0mSource quotations for note [0m
                  [0m0[0m
                [36m</summary>[39m
                [36m<blockquote[39m
                  [33mclass[39m=[32m"my-2 border-l border-border pl-3"[39m
                [36m>[39m
                  [36m<p[39m
                    [33mclass[39m=[32m"whitespace-pre-wrap break-words [overflow-wrap:anywhere]"[39m
                  [36m>[39m
                    [0mSYNTHETIC original contribution[0m
                  [36m</p>[39m
                  [36m<p[39m
                    [33mclass[39m=[32m"break-all font-mono text-xs"[39m
                  [36m>[39m
                    [0mSource part [0m
                    [0m37a680133bd09342f934afb8dd2c7d9e1b624da5f35e3a38adb103e37c055ed1[0m
                  [36m</p>[39m
                [36m</blockquote>[39m
              [36m</details>[39m
            [36m</li>[39m
          [36m</ol>[39m
          [36m<h6[39m
            [33mclass[39m=[32m"font-semibold"[39m
          [36m>[39m
            [0mReported uncertainties ([0m
            [0m1[0m
            [0m)[0m
          [36m</h6>[39m
          [36m<ul[39m
            [33mclass[39m=[32m"space-y-2"[39m
          [36m>[39m
            [36m<li[39m
              [33mclass[39m=[32m"whitespace-pre-wrap break-words [overflow-wrap:anywhere]"[39m
            [36m>[39m
              [0mSYNTHETIC uncertainty[0m
            [36m</li>[39m
          [36m</ul>[39m
          [36m<button[39m
            [33mclass[39m=[32m"inline-flex items-center justify-center gap-2 whitespace-nowrap border text-sm font-semibold transition-all duration-200 disabled:pointer-events-none disabled:opacity-50 [&_svg]:pointer-events-none [&_svg:not([class*='size-'])]:size-4 shrink-0 [&_svg]:shrink-0 outline-none focus-visible:outline-none focus-visible:ring-3 focus-visible:ring-offset-2 focus-visible:ring-offset-background border-[color:color-mix(in_srgb,var(--line)_84%,var(--ink)_16%)] bg-background text-[color:var(--ink)] hover:border-[color:var(--pine)] hover:bg-[color:color-mix(in_srgb,var(--pine)_8%,var(--background))] hover:text-[color:var(--pine-deep)] focus-visible:ring-[color:var(--focus-ring-light)]/45 h-10 px-4.5 py-2 has-[>svg]:px-3.5"[39m
            [33mdata-size[39m=[32m"default"[39m
            [33mdata-slot[39m=[32m"button"[39m
            [33mdata-variant[39m=[32m"outline"[39m
            [33mtype[39m=[32m"button"[39m
          [36m>[39m
            [0mDownload complete context[0m
          [36m</button>[39m
          [36m<p>[39m
            [0mThe private file preserves the original machine output and source references. It is not an approved finding.[0m
          [36m</p>[39m
        [36m</div>[39m
      [36m</div>[39m
    [36m</section>[39m
  [36m</div>[39m
[36m</body>[39m
 ❯ waitForWrapper node_modules/@testing-library/dom/dist/wait-for.js:163:27
 ❯ node_modules/@testing-library/dom/dist/query-helpers.js:86:33
 ❯ src/test/engagement-synthesis-thematic-choice-panel.test.tsx:50:25
     48|     render(<SynthesisThematicContextChoice {...choiceProps()} saved={s…
     49|     fireEvent.click(screen.getByRole("button", { name: "Read saved con…
     50|     expect(await screen.findByRole("alert")).toHaveTextContent("differ…
       |                         ^
     51|     expect(screen.queryByText(f.noteText)).toBeNull(); expect(posts())…
     52|   });

⎯⎯⎯⎯⎯⎯⎯⎯⎯⎯⎯⎯⎯⎯⎯⎯⎯⎯⎯⎯⎯⎯⎯⎯[1/1]⎯


 Test Files  1 failed (1)
      Tests  1 failed | 29 skipped (30)
   Start at  02:44:34
   Duration  1.95s (transform 132ms, setup 54ms, import 269ms, tests 1.13s, environment 333ms)

