              set_config
--------------------------------------
 4a21e42f-27a7-474d-9a7a-5912c70af359
(1 row)

                                                                                                                                                                                                                                                                                                                                         write_engagement_response
------------------------------------------------------------------------------------------------------------------------------------------------------------------------------------------------------------------------------------------------------------------------------------------------------------------------------------------------------------------------------------------------------------------------------------------------------------------------------------------------------------------------------------------------------------------------------------------------------------------------------------------------------------------------------------------------------------
 {"entry": {"id": "993dcacb-ab48-4cda-b961-0c77db4660ee", "status": "published", "we_did": "Retained actor words", "you_said": "", "created_at": "2026-09-13T08:54:03.14258+00:00", "created_by": "4a21e42f-27a7-474d-9a7a-5912c70af359", "sort_order": 0, "updated_at": "2026-09-13T08:54:03.167421+00:00", "ai_assisted": false, "campaign_id": "b76fe95e-3a5e-4791-a232-dd65d85b8a57", "category_id": null, "theme_title": "SYNTHETIC authority probe", "published_at": "2026-09-13T08:54:03.14258+00:00", "source_item_ids": []}, "entryId": "993dcacb-ab48-4cda-b961-0c77db4660ee", "removed": false, "replayed": false, "requestId": "ac000000-0000-4000-8000-000000000010", "becamePublished": true}
(1 row)

              set_config
--------------------------------------
 ac000000-0000-4000-8000-000000000001
(1 row)

              set_config
--------------------------------------
 ac000000-0000-4000-8000-000000000002
(1 row)

              set_config
--------------------------------------
 4a21e42f-27a7-474d-9a7a-5912c70af359
(1 row)

 set_config
------------

(1 row)

NOTICE:  Staff actor identity, viewer/outsider privacy, revocation and anonymous/direct privilege probes passed
