
 RUN  v4.1.11 /home/nathaniel/.local/state/openplan/land-use-creation-20261007/openplan

 ❯ src/test/migrations/inventory.test.ts (29 tests | 1 failed) 202ms
     × reads every relation the migrations declare 5ms

⎯⎯⎯⎯⎯⎯⎯ Failed Tests 1 ⎯⎯⎯⎯⎯⎯⎯

 FAIL  src/test/migrations/inventory.test.ts > migration schema inventory > reads every relation the migrations declare
AssertionError: expected [ …(283) ] to have a length of 282 but got 283

- Expected
+ Received

- 282
+ 283

 ❯ src/test/migrations/inventory.test.ts:814:29
    812|   it("reads every relation the migrations declare", () => {
    813|     expect(schema.relations()).toHaveLength(EXPECTED.relations);
    814|     expect(schema.tables()).toHaveLength(EXPECTED.tables);
       |                             ^
    815|     expect(schema.views()).toHaveLength(EXPECTED.views);
    816|     expect(schema.tables().filter((t) => schema.rlsEnabled(t))).toHave…

⎯⎯⎯⎯⎯⎯⎯⎯⎯⎯⎯⎯⎯⎯⎯⎯⎯⎯⎯⎯⎯⎯⎯⎯[1/1]⎯


 Test Files  1 failed | 2 passed (3)
      Tests  1 failed | 39 passed (40)
   Start at  06:19:00
   Duration  2.92s (transform 108ms, setup 119ms, import 533ms, tests 967ms, environment 990ms)

